Component: ARM Compiler 5.06 (build 20) Tool: armlink [4d35a3]

==============================================================================

Section Cross References

    stm32f4xx_hal_gpio.o(i.HAL_GPIO_EXTI_IRQHandler) refers to stm32f4xx_hal_gpio.o(i.HAL_GPIO_EXTI_Callback) for HAL_GPIO_EXTI_Callback
    stm32f4xx_hal_cortex.o(i.HAL_NVIC_SetPriority) refers to stm32f4xx_hal_cortex.o(i.NVIC_SetPriority) for NVIC_SetPriority
    stm32f4xx_hal_cortex.o(i.HAL_SYSTICK_Config) refers to stm32f4xx_hal_cortex.o(i.NVIC_SetPriority) for NVIC_SetPriority
    stm32f4xx_hal_cortex.o(i.HAL_SYSTICK_IRQHandler) refers to stm32f4xx_hal_cortex.o(i.HAL_SYSTICK_Callback) for HAL_SYSTICK_Callback
    stm32f4xx_hal_uart.o(i.HAL_HalfDuplex_Init) refers to stm32f4xx_hal_msp.o(i.HAL_UART_MspInit) for HAL_UART_MspInit
    stm32f4xx_hal_uart.o(i.HAL_HalfDuplex_Init) refers to stm32f4xx_hal_uart.o(i.UART_SetConfig) for UART_SetConfig
    stm32f4xx_hal_uart.o(i.HAL_LIN_Init) refers to stm32f4xx_hal_msp.o(i.HAL_UART_MspInit) for HAL_UART_MspInit
    stm32f4xx_hal_uart.o(i.HAL_LIN_Init) refers to stm32f4xx_hal_uart.o(i.UART_SetConfig) for UART_SetConfig
    stm32f4xx_hal_uart.o(i.HAL_MultiProcessor_Init) refers to stm32f4xx_hal_msp.o(i.HAL_UART_MspInit) for HAL_UART_MspInit
    stm32f4xx_hal_uart.o(i.HAL_MultiProcessor_Init) refers to stm32f4xx_hal_uart.o(i.UART_SetConfig) for UART_SetConfig
    stm32f4xx_hal_uart.o(i.HAL_UART_DMAStop) refers to stm32f4xx_hal_dma.o(i.HAL_DMA_Abort) for HAL_DMA_Abort
    stm32f4xx_hal_uart.o(i.HAL_UART_DMAStop) refers to stm32f4xx_hal_uart.o(i.UART_EndTxTransfer) for UART_EndTxTransfer
    stm32f4xx_hal_uart.o(i.HAL_UART_DMAStop) refers to stm32f4xx_hal_uart.o(i.UART_EndRxTransfer) for UART_EndRxTransfer
    stm32f4xx_hal_uart.o(i.HAL_UART_DeInit) refers to stm32f4xx_hal_msp.o(i.HAL_UART_MspDeInit) for HAL_UART_MspDeInit
    stm32f4xx_hal_uart.o(i.HAL_UART_IRQHandler) refers to stm32f4xx_hal_uart.o(i.UART_Receive_IT) for UART_Receive_IT
    stm32f4xx_hal_uart.o(i.HAL_UART_IRQHandler) refers to stm32f4xx_hal_uart.o(i.UART_EndRxTransfer) for UART_EndRxTransfer
    stm32f4xx_hal_uart.o(i.HAL_UART_IRQHandler) refers to stm32f4xx_hal_dma.o(i.HAL_DMA_Abort_IT) for HAL_DMA_Abort_IT
    stm32f4xx_hal_uart.o(i.HAL_UART_IRQHandler) refers to stm32f4xx_hal_uart.o(i.HAL_UART_ErrorCallback) for HAL_UART_ErrorCallback
    stm32f4xx_hal_uart.o(i.HAL_UART_IRQHandler) refers to stm32f4xx_hal_uart.o(i.UART_Transmit_IT) for UART_Transmit_IT
    stm32f4xx_hal_uart.o(i.HAL_UART_IRQHandler) refers to stm32f4xx_hal_uart.o(i.HAL_UART_TxCpltCallback) for HAL_UART_TxCpltCallback
    stm32f4xx_hal_uart.o(i.HAL_UART_IRQHandler) refers to stm32f4xx_hal_uart.o(i.UART_DMAAbortOnError) for UART_DMAAbortOnError
    stm32f4xx_hal_uart.o(i.HAL_UART_Init) refers to stm32f4xx_hal_msp.o(i.HAL_UART_MspInit) for HAL_UART_MspInit
    stm32f4xx_hal_uart.o(i.HAL_UART_Init) refers to stm32f4xx_hal_uart.o(i.UART_SetConfig) for UART_SetConfig
    stm32f4xx_hal_uart.o(i.HAL_UART_Receive) refers to stm32f4xx_hal.o(i.HAL_GetTick) for HAL_GetTick
    stm32f4xx_hal_uart.o(i.HAL_UART_Receive) refers to stm32f4xx_hal_uart.o(i.UART_WaitOnFlagUntilTimeout) for UART_WaitOnFlagUntilTimeout
    stm32f4xx_hal_uart.o(i.HAL_UART_Receive_DMA) refers to stm32f4xx_hal_dma.o(i.HAL_DMA_Start_IT) for HAL_DMA_Start_IT
    stm32f4xx_hal_uart.o(i.HAL_UART_Receive_DMA) refers to stm32f4xx_hal_uart.o(i.UART_DMAReceiveCplt) for UART_DMAReceiveCplt
    stm32f4xx_hal_uart.o(i.HAL_UART_Receive_DMA) refers to stm32f4xx_hal_uart.o(i.UART_DMARxHalfCplt) for UART_DMARxHalfCplt
    stm32f4xx_hal_uart.o(i.HAL_UART_Receive_DMA) refers to stm32f4xx_hal_uart.o(i.UART_DMAError) for UART_DMAError
    stm32f4xx_hal_uart.o(i.HAL_UART_Transmit) refers to stm32f4xx_hal.o(i.HAL_GetTick) for HAL_GetTick
    stm32f4xx_hal_uart.o(i.HAL_UART_Transmit) refers to stm32f4xx_hal_uart.o(i.UART_WaitOnFlagUntilTimeout) for UART_WaitOnFlagUntilTimeout
    stm32f4xx_hal_uart.o(i.HAL_UART_Transmit_DMA) refers to stm32f4xx_hal_dma.o(i.HAL_DMA_Start_IT) for HAL_DMA_Start_IT
    stm32f4xx_hal_uart.o(i.HAL_UART_Transmit_DMA) refers to stm32f4xx_hal_uart.o(i.UART_DMATransmitCplt) for UART_DMATransmitCplt
    stm32f4xx_hal_uart.o(i.HAL_UART_Transmit_DMA) refers to stm32f4xx_hal_uart.o(i.UART_DMATxHalfCplt) for UART_DMATxHalfCplt
    stm32f4xx_hal_uart.o(i.HAL_UART_Transmit_DMA) refers to stm32f4xx_hal_uart.o(i.UART_DMAError) for UART_DMAError
    stm32f4xx_hal_uart.o(i.UART_DMAAbortOnError) refers to stm32f4xx_hal_uart.o(i.HAL_UART_ErrorCallback) for HAL_UART_ErrorCallback
    stm32f4xx_hal_uart.o(i.UART_DMAError) refers to stm32f4xx_hal_uart.o(i.UART_EndTxTransfer) for UART_EndTxTransfer
    stm32f4xx_hal_uart.o(i.UART_DMAError) refers to stm32f4xx_hal_uart.o(i.UART_EndRxTransfer) for UART_EndRxTransfer
    stm32f4xx_hal_uart.o(i.UART_DMAError) refers to stm32f4xx_hal_uart.o(i.HAL_UART_ErrorCallback) for HAL_UART_ErrorCallback
[...]
    HAL_UART_TxHalfCpltCallback              0x08004033   Thumb Code     2  stm32f4xx_hal_uart.o(i.HAL_UART_TxHalfCpltCallback)
    HardFault_Handler                        0x08004035   Thumb Code     2  stm32f4xx_it.o(i.HardFault_Handler)
    I2C1_EV_IRQHandler                       0x08004039   Thumb Code     6  stm32f4xx_it.o(i.I2C1_EV_IRQHandler)
    I2C2_EV_IRQHandler                       0x08004045   Thumb Code     6  stm32f4xx_it.o(i.I2C2_EV_IRQHandler)
    IIR_apply                                0x08004b45   Thumb Code    62  low_pass_filter.o(i.IIR_apply)
    IIR_reset                                0x08004b83   Thumb Code    36  low_pass_filter.o(i.IIR_reset)
    IIR_set_cutoff_freq                      0x08004ba9   Thumb Code   292  low_pass_filter.o(i.IIR_set_cutoff_freq)
    MX_USB_DEVICE_Init                       0x08005061   Thumb Code    38  usb_device.o(i.MX_USB_DEVICE_Init)
    MemManage_Handler                        0x08005099   Thumb Code     2  stm32f4xx_it.o(i.MemManage_Handler)
    NMI_Handler                              0x0800509b   Thumb Code     2  stm32f4xx_it.o(i.NMI_Handler)
    OTG_FS_IRQHandler                        0x080050bd   Thumb Code     6  stm32f4xx_it.o(i.OTG_FS_IRQHandler)
    PPM_decode                               0x08005151   Thumb Code    68  receiver_ppm.o(i.PPM_decode)
    PPM_init                                 0x0800519d   Thumb Code     8  receiver_ppm.o(i.PPM_init)
    SPI1_IRQHandler                          0x080051a9   Thumb Code     6  stm32f4xx_it.o(i.SPI1_IRQHandler)
    StartDefaultTask                         0x08005353   Thumb Code    12  main.o(i.StartDefaultTask)
    SysTick_Handler                          0x0800535f   Thumb Code     4  stm32f4xx_it.o(i.SysTick_Handler)
    SystemClock_Config                       0x08005365   Thumb Code   150  main.o(i.SystemClock_Config)
    SystemInit                               0x08005405   Thumb Code    66  system_stm32f4xx.o(i.SystemInit)
    TIM1_UP_TIM10_IRQHandler                 0x08005459   Thumb Code     6  stm32f4xx_it.o(i.TIM1_UP_TIM10_IRQHandler)
    TIM4_IRQHandler                          0x08005465   Thumb Code     6  stm32f4xx_it.o(i.TIM4_IRQHandler)
    TIM8_CC_IRQHandler                       0x08005471   Thumb Code    18  stm32f4xx_it.o(i.TIM8_CC_IRQHandler)
    TIM_Base_SetConfig                       0x08005489   Thumb Code   148  stm32f4xx_hal_tim.o(i.TIM_Base_SetConfig)
    TIM_CCxChannelCmd                        0x08005549   Thumb Code    22  stm32f4xx_hal_tim.o(i.TIM_CCxChannelCmd)
    TIM_OC2_SetConfig                        0x080055dd   Thumb Code    90  stm32f4xx_hal_tim.o(i.TIM_OC2_SetConfig)
    TIM_TI1_SetConfig                        0x08005715   Thumb Code   104  stm32f4xx_hal_tim.o(i.TIM_TI1_SetConfig)
    UART5_IRQHandler                         0x080057f5   Thumb Code     6  stm32f4xx_it.o(i.UART5_IRQHandler)
    USART1_IRQHandler                        0x08005ca5   Thumb Code     6  stm32f4xx_it.o(i.USART1_IRQHandler)
    USART2_IRQHandler                        0x08005cb1   Thumb Code    16  stm32f4xx_it.o(i.USART2_IRQHandler)
    USBD_CDC_GetDeviceQualifierDescriptor    0x08005d69   Thumb Code     8  usbd_cdc.o(i.USBD_CDC_GetDeviceQualifierDescriptor)
    USBD_CDC_ReceivePacket                   0x08005e21   Thumb Code    40  usbd_cdc.o(i.USBD_CDC_ReceivePacket)
    USBD_CDC_RegisterInterface               0x08005e49   Thumb Code    16  usbd_cdc.o(i.USBD_CDC_RegisterInterface)
    USBD_CDC_SetRxBuffer                     0x08005e59   Thumb Code    12  usbd_cdc.o(i.USBD_CDC_SetRxBuffer)
    USBD_CDC_SetTxBuffer                     0x08005e65   Thumb Code    16  usbd_cdc.o(i.USBD_CDC_SetTxBuffer)
    USBD_ClrClassConfig                      0x08005ee5   Thumb Code    14  usbd_core.o(i.USBD_ClrClassConfig)
    USBD_CtlContinueRx                       0x08005ef3   Thumb Code    16  usbd_ioreq.o(i.USBD_CtlContinueRx)
    USBD_CtlContinueSendData                 0x08005f03   Thumb Code    16  usbd_ioreq.o(i.USBD_CtlContinueSendData)
    USBD_CtlError                            0x08005f13   Thumb Code    22  usbd_ctlreq.o(i.USBD_CtlError)
    USBD_CtlPrepareRx                        0x08005f29   Thumb Code    30  usbd_ioreq.o(i.USBD_CtlPrepareRx)
    USBD_CtlReceiveStatus                    0x08005f47   Thumb Code    22  usbd_ioreq.o(i.USBD_CtlReceiveStatus)
    USBD_CtlSendData                         0x08005f5d   Thumb Code    26  usbd_ioreq.o(i.USBD_CtlSendData)
    USBD_CtlSendStatus                       0x08005f77   Thumb Code    22  usbd_ioreq.o(i.USBD_CtlSendStatus)
    USBD_FS_ConfigStrDescriptor              0x08005f8d   Thumb Code    16  usbd_desc.o(i.USBD_FS_ConfigStrDescriptor)
    USBD_FS_DeviceDescriptor                 0x08005fad   Thumb Code     8  usbd_desc.o(i.USBD_FS_DeviceDescriptor)
    USBD_FS_InterfaceStrDescriptor           0x08005fb9   Thumb Code    16  usbd_desc.o(i.USBD_FS_InterfaceStrDescriptor)
    USBD_FS_LangIDStrDescriptor              0x08005fdd   Thumb Code     8  usbd_desc.o(i.USBD_FS_LangIDStrDescriptor)
    USBD_FS_ManufacturerStrDescriptor        0x08005fe9   Thumb Code    16  usbd_desc.o(i.USBD_FS_ManufacturerStrDescriptor)
    USBD_FS_ProductStrDescriptor             0x08006011   Thumb Code    16  usbd_desc.o(i.USBD_FS_ProductStrDescriptor)
    USBD_FS_SerialStrDescriptor              0x0800603d   Thumb Code    16  usbd_desc.o(i.USBD_FS_SerialStrDescriptor)
    USBD_GetString                           0x08006141   Thumb Code    70  usbd_ctlreq.o(i.USBD_GetString)
    USBD_Init                                0x08006187   Thumb Code    42  usbd_core.o(i.USBD_Init)
    USBD_LL_ClearStallEP                     0x080061b1   Thumb Code    14  usbd_conf.o(i.USBD_LL_ClearStallEP)
    USBD_LL_CloseEP                          0x080061bf   Thumb Code    14  usbd_conf.o(i.USBD_LL_CloseEP)
    USBD_LL_DataInStage                      0x080061cd   Thumb Code   170  usbd_core.o(i.USBD_LL_DataInStage)
    USBD_LL_DataOutStage                     0x08006277   Thumb Code   106  usbd_core.o(i.USBD_LL_DataOutStage)
    USBD_LL_DevConnected                     0x080062e1   Thumb Code     4  usbd_core.o(i.USBD_LL_DevConnected)
    USBD_LL_DevDisconnected                  0x080062e5   Thumb Code    22  usbd_core.o(i.USBD_LL_DevDisconnected)
    USBD_LL_GetRxDataSize                    0x080062fb   Thumb Code     8  usbd_conf.o(i.USBD_LL_GetRxDataSize)
    USBD_LL_Init                             0x08006305   Thumb Code    94  usbd_conf.o(i.USBD_LL_Init)
    USBD_LL_IsStallEP                        0x08006369   Thumb Code    32  usbd_conf.o(i.USBD_LL_IsStallEP)
    USBD_LL_IsoINIncomplete                  0x08006389   Thumb Code     4  usbd_core.o(i.USBD_LL_IsoINIncomplete)
    USBD_LL_IsoOUTIncomplete                 0x0800638d   Thumb Code     4  usbd_core.o(i.USBD_LL_IsoOUTIncomplete)
    USBD_LL_OpenEP                           0x08006391   Thumb Code    20  usbd_conf.o(i.USBD_LL_OpenEP)
    USBD_LL_PrepareReceive                   0x080063a5   Thumb Code    14  usbd_conf.o(i.USBD_LL_PrepareReceive)
    USBD_LL_Reset                            0x080063b3   Thumb Code    62  usbd_core.o(i.USBD_LL_Reset)
    USBD_LL_Resume                           0x080063f1   Thumb Code    12  usbd_core.o(i.USBD_LL_Resume)
    USBD_LL_SOF                              0x080063fd   Thumb Code    24  usbd_core.o(i.USBD_LL_SOF)
    USBD_LL_SetSpeed                         0x08006415   Thumb Code     6  usbd_core.o(i.USBD_LL_SetSpeed)
    USBD_LL_SetUSBAddress                    0x0800641b   Thumb Code    14  usbd_conf.o(i.USBD_LL_SetUSBAddress)
    USBD_LL_SetupStage                       0x08006429   Thumb Code    90  usbd_core.o(i.USBD_LL_SetupStage)
    USBD_LL_StallEP                          0x08006483   Thumb Code    14  usbd_conf.o(i.USBD_LL_StallEP)
    USBD_LL_Start                            0x08006491   Thumb Code    14  usbd_conf.o(i.USBD_LL_Start)
    USBD_LL_Suspend                          0x0800649f   Thumb Code    18  usbd_core.o(i.USBD_LL_Suspend)
    USBD_LL_Transmit                         0x080064b1   Thumb Code    14  usbd_conf.o(i.USBD_LL_Transmit)
    USBD_ParseSetupRequest                   0x080064bf   Thumb Code    40  usbd_ctlreq.o(i.USBD_ParseSetupRequest)
    USBD_RegisterClass                       0x080064e7   Thumb Code    16  usbd_core.o(i.USBD_RegisterClass)
    USBD_SetClassConfig                      0x080064f7   Thumb Code    22  usbd_core.o(i.USBD_SetClassConfig)
    USBD_Start                               0x08006581   Thumb Code    10  usbd_core.o(i.USBD_Start)
    USBD_StdDevReq                           0x0800658b   Thumb Code   242  usbd_ctlreq.o(i.USBD_StdDevReq)
    USBD_StdEPReq                            0x0800667d   Thumb Code   220  usbd_ctlreq.o(i.USBD_StdEPReq)
    USBD_StdItfReq                           0x08006759   Thumb Code    52  usbd_ctlreq.o(i.USBD_StdItfReq)
    USB_ActivateEndpoint                     0x0800678d   Thumb Code   122  stm32f4xx_ll_usb.o(i.USB_ActivateEndpoint)
    USB_ActivateSetup                        0x0800680d   Thumb Code    52  stm32f4xx_ll_usb.o(i.USB_ActivateSetup)
    USB_CoreInit                             0x08006841   Thumb Code    96  stm32f4xx_ll_usb.o(i.USB_CoreInit)
    USB_DeactivateEndpoint                   0x080068dd   Thumb Code   110  stm32f4xx_ll_usb.o(i.USB_DeactivateEndpoint)
    USB_DevConnect                           0x0800694b   Thumb Code    24  stm32f4xx_ll_usb.o(i.USB_DevConnect)
    USB_DevDisconnect                        0x08006963   Thumb Code    24  stm32f4xx_ll_usb.o(i.USB_DevDisconnect)
    USB_DevInit                              0x0800697d   Thumb Code   306  stm32f4xx_ll_usb.o(i.USB_DevInit)
    USB_DisableGlobalInt                     0x08006ac1   Thumb Code    12  stm32f4xx_ll_usb.o(i.USB_DisableGlobalInt)
    USB_EP0StartXfer                         0x08006acd   Thumb Code   316  stm32f4xx_ll_usb.o(i.USB_EP0StartXfer)
    USB_EP0_OutStart                         0x08006c0d   Thumb Code    62  stm32f4xx_ll_usb.o(i.USB_EP0_OutStart)
    USB_EPClearStall                         0x08006c4b   Thumb Code   100  stm32f4xx_ll_usb.o(i.USB_EPClearStall)
    USB_EPSetStall                           0x08006caf   Thumb Code    94  stm32f4xx_ll_usb.o(i.USB_EPSetStall)
    USB_EPStartXfer                          0x08006d0d   Thumb Code   534  stm32f4xx_ll_usb.o(i.USB_EPStartXfer)
    USB_EnableGlobalInt                      0x08006f29   Thumb Code    12  stm32f4xx_ll_usb.o(i.USB_EnableGlobalInt)
    USB_FlushRxFifo                          0x08006f35   Thumb Code    28  stm32f4xx_ll_usb.o(i.USB_FlushRxFifo)
    USB_FlushTxFifo                          0x08006f55   Thumb Code    32  stm32f4xx_ll_usb.o(i.USB_FlushTxFifo)
    USB_GetDevSpeed                          0x08006f79   Thumb Code    60  stm32f4xx_ll_usb.o(i.USB_GetDevSpeed)
    USB_GetMode                              0x08006fb5   Thumb Code     8  stm32f4xx_ll_usb.o(i.USB_GetMode)
    USB_ReadDevAllInEpInterrupt              0x08006fbd   Thumb Code    14  stm32f4xx_ll_usb.o(i.USB_ReadDevAllInEpInterrupt)
    USB_ReadDevAllOutEpInterrupt             0x08006fcb   Thumb Code    14  stm32f4xx_ll_usb.o(i.USB_ReadDevAllOutEpInterrupt)
    USB_ReadDevInEPInterrupt                 0x08006fd9   Thumb Code    30  stm32f4xx_ll_usb.o(i.USB_ReadDevInEPInterrupt)
    USB_ReadDevOutEPInterrupt                0x08006ff7   Thumb Code    16  stm32f4xx_ll_usb.o(i.USB_ReadDevOutEPInterrupt)
    USB_ReadInterrupts                       0x08007007   Thumb Code     8  stm32f4xx_ll_usb.o(i.USB_ReadInterrupts)
    USB_ReadPacket                           0x0800700f   Thumb Code    32  stm32f4xx_ll_usb.o(i.USB_ReadPacket)
    USB_SetCurrentMode                       0x0800702f   Thumb Code    44  stm32f4xx_ll_usb.o(i.USB_SetCurrentMode)
    USB_SetDevAddress                        0x0800705b   Thumb Code    34  stm32f4xx_ll_usb.o(i.USB_SetDevAddress)
    USB_WritePacket                          0x0800707d   Thumb Code    40  stm32f4xx_ll_usb.o(i.USB_WritePacket)
    UsageFault_Handler                       0x080070a5   Thumb Code     2  stm32f4xx_it.o(i.UsageFault_Handler)
    __ARM_fpclassify                         0x080070a7   Thumb Code    48  fpclassify.o(i.__ARM_fpclassify)
    __hardfp_atan                            0x080070d9   Thumb Code   622  atan.o(i.__hardfp_atan)
    __hardfp_atan2                           0x080073b1   Thumb Code   432  atan2.o(i.__hardfp_atan2)
    __hardfp_cos                             0x080075a1   Thumb Code   180  cos.o(i.__hardfp_cos)
    __hardfp_sin                             0x08007669   Thumb Code   180  sin.o(i.__hardfp_sin)
    __hardfp_sqrt                            0x08007731   Thumb Code   122  sqrt.o(i.__hardfp_sqrt)
    __hardfp_tan                             0x080077b1   Thumb Code   108  tan.o(i.__hardfp_tan)
    __ieee754_rem_pio2                       0x08007831   Thumb Code   938  rred.o(i.__ieee754_rem_pio2)
    __kernel_cos                             0x08007c69   Thumb Code   322  cos_i.o(i.__kernel_cos)
    __kernel_poly                            0x08007dd9   Thumb Code   248  poly.o(i.__kernel_poly)
    __kernel_sin                             0x08007ed1   Thumb Code   280  sin_i.o(i.__kernel_sin)
    __kernel_tan                             0x08008001   Thumb Code   764  tan_i.o(i.__kernel_tan)
    __mathlib_dbl_infnan                     0x08008351   Thumb Code    20  dunder.o(i.__mathlib_dbl_infnan)
    __mathlib_dbl_infnan2                    0x08008365   Thumb Code    20  dunder.o(i.__mathlib_dbl_infnan2)
    __mathlib_dbl_invalid                    0x08008379   Thumb Code    24  dunder.o(i.__mathlib_dbl_invalid)
    __mathlib_dbl_underflow                  0x08008399   Thumb Code    24  dunder.o(i.__mathlib_dbl_underflow)
    __scatterload_copy                       0x080083b9   Thumb Code    14  handlers.o(i.__scatterload_copy)
    __scatterload_null                       0x080083c7   Thumb Code     2  handlers.o(i.__scatterload_null)
    __scatterload_zeroinit                   0x080083c9   Thumb Code    14  handlers.o(i.__scatterload_zeroinit)
    __set_errno                              0x080083d9   Thumb Code     6  errno.o(i.__set_errno)
    acc_process                              0x080083e5   Thumb Code    72  sensors_task.o(i.acc_process)
    api_pack_decode                          0x08008431   Thumb Code    56  xbee_api.o(i.api_pack_decode)
    api_pack_encode                          0x08008469   Thumb Code    44  xbee_api.o(i.api_pack_encode)
    api_rx_decode                            0x08008495   Thumb Code     4  xbee_api.o(i.api_rx_decode)
    api_tx_encode                            0x08008499   Thumb Code    34  xbee_api.o(i.api_tx_encode)
    api_tx_status_decode                     0x080084bb   Thumb Code     2  xbee_api.o(i.api_tx_status_decode)
    arm_mat_mult_f32                         0x080084bd   Thumb Code   216  arm_mat_mult_f32.o(i.arm_mat_mult_f32)
    arm_mat_scale_f32                        0x08008599   Thumb Code   100  arm_mat_scale_f32.o(i.arm_mat_scale_f32)
    arm_mat_sub_f32                          0x080085fd   Thumb Code   124  arm_mat_sub_f32.o(i.arm_mat_sub_f32)
    arm_mat_trans_f32                        0x08008679   Thumb Code   122  arm_mat_trans_f32.o(i.arm_mat_trans_f32)
    arm_std_f32                              0x080086f5   Thumb Code   196  arm_std_f32.o(i.arm_std_f32)
    atan                                     0x080087bd   Thumb Code    16  atan.o(i.atan)
    batAcquire                               0x080087cd   Thumb Code    14  battery.o(i.batAcquire)
    battery_get_voltage                      0x080087e1   Thumb Code    36  battery.o(i.battery_get_voltage)
    battery_init                             0x08008809   Thumb Code    52  battery.o(i.battery_init)
    data_2_angle                             0x0800884d   Thumb Code    84  attitude_estimator.o(i.data_2_angle)
    data_link_init                           0x080088a1   Thumb Code   118  data_link.o(i.data_link_init)
    data_send_start                          0x08008931   Thumb Code    28  data_link.o(i.data_send_start)
    decode_calibrate                         0x08008959   Thumb Code    78  xbee_api.o(i.decode_calibrate)
    decode_cmd_acc                           0x080089a9   Thumb Code   154  xbee_api.o(i.decode_cmd_acc)
    encode_general                           0x08008a49   Thumb Code    34  xbee_api.o(i.encode_general)
    external_err_pid                         0x08008a6b   Thumb Code    22  controller.o(i.external_err_pid)
    fabs                                     0x08008a81   Thumb Code    24  fabs.o(i.fabs)
    force2output                             0x08008a99   Thumb Code   100  motor_mixer.o(i.force2output)
    free                                     0x08008afd   Thumb Code    76  malloc.o(i.free)
    gyr_process                              0x08008b4d   Thumb Code    72  sensors_task.o(i.gyr_process)
    gyro_calibrate                           0x08008b99   Thumb Code    36  sensors_task.o(i.gyro_calibrate)
    hmc5883lCallback                         0x08008bc1   Thumb Code     8  sensors_task.o(i.hmc5883lCallback)
    hmc5883l_cfg                             0x08008bcd   Thumb Code    72  hmc5883l_i2c.o(i.hmc5883l_cfg)
    hmc5883l_dma_start                       0x08008c1d   Thumb Code    20  hmc5883l_i2c.o(i.hmc5883l_dma_start)
    hmc_fast_init                            0x08008c35   Thumb Code     2  hmc5883l_i2c.o(i.hmc_fast_init)
    imu_IIR_init                             0x08008c39   Thumb Code   106  sensors_task.o(i.imu_IIR_init)
    internal_err_pid                         0x08008cb9   Thumb Code    78  controller.o(i.internal_err_pid)
    judge_steady                             0x08008d07   Thumb Code    46  utils.o(i.judge_steady)
    led_init                                 0x08008d35   Thumb Code    64  led.o(i.led_init)
    mag_process                              0x08008d85   Thumb Code    72  sensors_task.o(i.mag_process)
    main                                     0x08008dd1   Thumb Code   370  main.o(i.main)
    malloc                                   0x08008f85   Thumb Code    92  malloc.o(i.malloc)
    margAcquire                              0x08008ff1   Thumb Code    14  sensors_task.o(i.margAcquire)
    motionAccAcquire                         0x08009005   Thumb Code    14  data_link.o(i.motionAccAcquire)
    motor_init                               0x08009019   Thumb Code    66  motor_pwm.o(i.motor_init)
    motor_pwm_output                         0x08009061   Thumb Code    26  motor_pwm.o(i.motor_pwm_output)
    mpu6000Callback                          0x08009081   Thumb Code    40  sensors_task.o(i.mpu6000Callback)
    mpu6000_cfg                              0x080090b1   Thumb Code   430  mpu6000_spi.o(i.mpu6000_cfg)
    mpu6000_dma_start                        0x0800928d   Thumb Code    32  mpu6000_spi.o(i.mpu6000_dma_start)
    mpu_fast_init                            0x080092b9   Thumb Code    12  mpu6000_spi.o(i.mpu_fast_init)
    osDelay                                  0x080092c9   Thumb Code    14  cmsis_os.o(i.osDelay)
    osKernelStart                            0x080092d7   Thumb Code    10  cmsis_os.o(i.osKernelStart)
    osSystickHandler                         0x080092e1   Thumb Code    20  cmsis_os.o(i.osSystickHandler)
    osThreadCreate                           0x080092f5   Thumb Code    56  cmsis_os.o(i.osThreadCreate)
    powerDistribution                        0x0800932d   Thumb Code   194  motor_mixer.o(i.powerDistribution)
    pvPortMalloc                             0x08009689   Thumb Code   210  heap_4.o(i.pvPortMalloc)
    pvTaskIncrementMutexHeldCount            0x08009761   Thumb Code    18  tasks.o(i.pvTaskIncrementMutexHeldCount)
    pxPortInitialiseStack                    0x08009779   Thumb Code    36  port.o(i.pxPortInitialiseStack)
    quarternion_init                         0x080097a1   Thumb Code  1446  attitude_estimator.o(i.quarternion_init)
    send_buffer                              0x08009d4d   Thumb Code    54  data_link.o(i.send_buffer)
    sensorsTaskInit                          0x08009e4d   Thumb Code    90  sensors_task.o(i.sensorsTaskInit)
    stabilizerInit                           0x08009f09   Thumb Code   158  stabilizer.o(i.stabilizerInit)
    stabilizerReady2Fly                      0x0800a1b5   Thumb Code    30  stabilizer.o(i.stabilizerReady2Fly)
    stateController                          0x0800a2a1   Thumb Code   338  controller.o(i.stateController)
    stateEstimator                           0x0800a3fd   Thumb Code     2  attitude_estimator.o(i.stateEstimator)
    uxListRemove                             0x0800a3ff   Thumb Code    36  list.o(i.uxListRemove)
    vListInitialise                          0x0800a557   Thumb Code    22  list.o(i.vListInitialise)
    vListInitialiseItem                      0x0800a56d   Thumb Code     6  list.o(i.vListInitialiseItem)
    vListInsert                              0x0800a573   Thumb Code    48  list.o(i.vListInsert)
    vListInsertEnd                           0x0800a5a3   Thumb Code    24  list.o(i.vListInsertEnd)
    vPortEnterCritical                       0x0800a5bd   Thumb Code    54  port.o(i.vPortEnterCritical)
    vPortExitCritical                        0x0800a5fd   Thumb Code    34  port.o(i.vPortExitCritical)
    vPortFree                                0x0800a625   Thumb Code    88  heap_4.o(i.vPortFree)
    vPortSetupTimerInterrupt                 0x0800a681   Thumb Code    26  port.o(i.vPortSetupTimerInterrupt)
    vPortValidateInterruptPriority           0x0800a6a1   Thumb Code    74  port.o(i.vPortValidateInterruptPriority)
    vTaskDelay                               0x0800a6f5   Thumb Code    94  tasks.o(i.vTaskDelay)
    vTaskDelayUntil                          0x0800a75d   Thumb Code   158  tasks.o(i.vTaskDelayUntil)
    vTaskDelete                              0x0800a805   Thumb Code   150  tasks.o(i.vTaskDelete)
    vTaskMissedYield                         0x0800a8a9   Thumb Code     8  tasks.o(i.vTaskMissedYield)
    vTaskPlaceOnEventList                    0x0800a8b5   Thumb Code    90  tasks.o(i.vTaskPlaceOnEventList)
    vTaskPriorityInherit                     0x0800a919   Thumb Code   124  tasks.o(i.vTaskPriorityInherit)
    vTaskSetTimeOutState                     0x0800a99d   Thumb Code    30  tasks.o(i.vTaskSetTimeOutState)
    vTaskStartScheduler                      0x0800a9c1   Thumb Code    86  tasks.o(i.vTaskStartScheduler)
    vTaskSuspendAll                          0x0800aa29   Thumb Code    10  tasks.o(i.vTaskSuspendAll)
    vTaskSwitchContext                       0x0800aa39   Thumb Code    82  tasks.o(i.vTaskSwitchContext)
    xPortStartScheduler                      0x0800aa95   Thumb Code   202  port.o(i.xPortStartScheduler)
    xPortSysTickHandler                      0x0800ab75   Thumb Code    38  port.o(i.xPortSysTickHandler)
    xQueueGenericCreate                      0x0800aba1   Thumb Code   100  queue.o(i.xQueueGenericCreate)
    xQueueGenericReceive                     0x0800ac05   Thumb Code   358  queue.o(i.xQueueGenericReceive)
    xQueueGenericReset                       0x0800ad71   Thumb Code   126  queue.o(i.xQueueGenericReset)
    xQueueGenericSend                        0x0800adf5   Thumb Code   348  queue.o(i.xQueueGenericSend)
    xQueueGiveFromISR                        0x0800af55   Thumb Code   156  queue.o(i.xQueueGiveFromISR)
    xTaskCheckForTimeOut                     0x0800aff1   Thumb Code   102  tasks.o(i.xTaskCheckForTimeOut)
    xTaskGenericCreate                       0x0800b05d   Thumb Code   430  tasks.o(i.xTaskGenericCreate)
    xTaskGetSchedulerState                   0x0800b219   Thumb Code    22  tasks.o(i.xTaskGetSchedulerState)
    xTaskGetTickCount                        0x0800b235   Thumb Code     6  tasks.o(i.xTaskGetTickCount)
    xTaskIncrementTick                       0x0800b241   Thumb Code   194  tasks.o(i.xTaskIncrementTick)
    xTaskPriorityDisinherit                  0x0800b30d   Thumb Code   144  tasks.o(i.xTaskPriorityDisinherit)
    xTaskRemoveFromEventList                 0x0800b3a5   Thumb Code   108  tasks.o(i.xTaskRemoveFromEventList)
    xTaskResumeAll                           0x0800b419   Thumb Code   182  tasks.o(i.xTaskResumeAll)
    APBAHBPrescTable                         0x0800b4dc   Data          16  stm32f4xx_hal_rcc.o(.constdata)
    __mathlib_zero                           0x0800b618   Data           8  qnan.o(.constdata)
    Region$$Table$$Base                      0x0800b77c   Number         0  anon$$obj.o(Region$$Table)
    Region$$Table$$Limit                     0x0800b79c   Number         0  anon$$obj.o(Region$$Table)
    uwTick                                   0x20000000   Data           4  stm32f4xx_hal.o(.data)
    pxCurrentTCB                             0x20000004   Data           4  tasks.o(.data)
    USBD_CDC_CfgHSDesc                       0x20000074   Data          67  usbd_cdc.o(.data)
    USBD_CDC_CfgFSDesc                       0x200000b8   Data          67  usbd_cdc.o(.data)
    USBD_CDC_OtherSpeedCfgDesc               0x200000fc   Data          67  usbd_cdc.o(.data)
    USBD_CDC                                 0x20000140   Data          56  usbd_cdc.o(.data)
    FS_Desc                                  0x20000178   Data          28  usbd_desc.o(.data)
    USBD_LangIDDesc                          0x20000194   Data           4  usbd_desc.o(.data)
    USBD_FS_DeviceDesc                       0x20000198   Data          18  usbd_desc.o(.data)
    defaultTaskHandle                        0x200001ac   Data           4  main.o(.data)
    hcrc                                     0x200001b0   Data           8  main.o(.data)
    USBD_Interface_fops_FS                   0x200001b8   Data          16  usbd_cdc_if.o(.data)
    UserRxBufferFS                           0x200001c8   Data           4  usbd_cdc_if.o(.data)
    UserTxBufferFS                           0x200001cc   Data           4  usbd_cdc_if.o(.data)
    SystemCoreClock                          0x200001d0   Data           4  system_stm32f4xx.o(.data)
    dest_addr_h                              0x200001d8   Data           4  data_link.o(.data)
    dest_addr_l                              0x200001dc   Data           4  data_link.o(.data)
    data2send                                0x200001f4   Data          18  data_link.o(.data)
    acc_gyr_spi_tx                           0x20000210   Data          15  mpu6000_spi.o(.data)
    mag_i2c_rx                               0x20000242   Data           6  sensors_task.o(.data)
    pitchPID                                 0x2000025c   Data          36  controller.o(.data)
    rollPID                                  0x20000280   Data          36  controller.o(.data)
    yawPID                                   0x200002a4   Data          36  controller.o(.data)
    __microlib_freelist                      0x200002c8   Data           4  mvars.o(.data)
    __microlib_freelist_initialised          0x200002cc   Data           4  mvars.o(.data)
    USBD_StrDesc                             0x20003fc4   Data         512  usbd_desc.o(.bss)
    hadc1                                    0x200041c4   Data          72  main.o(.bss)
    hi2c1                                    0x2000420c   Data          84  main.o(.bss)
    hi2c2                                    0x20004260   Data          84  main.o(.bss)
    hspi1                                    0x200042b4   Data          88  main.o(.bss)
    htim3                                    0x2000430c   Data          60  main.o(.bss)
    htim4                                    0x20004348   Data          60  main.o(.bss)
    htim8                                    0x20004384   Data          60  main.o(.bss)
    huart5                                   0x200043c0   Data          64  main.o(.bss)
    huart1                                   0x20004400   Data          64  main.o(.bss)
    huart2                                   0x20004440   Data          64  main.o(.bss)
    hdma_i2c1_rx                             0x20004480   Data          96  main.o(.bss)
    hdma_i2c1_tx                             0x200044e0   Data          96  main.o(.bss)
    hdma_spi1_rx                             0x20004540   Data          96  main.o(.bss)
    hdma_spi1_tx                             0x200045a0   Data          96  main.o(.bss)
    hdma_usart1_rx                           0x20004600   Data          96  main.o(.bss)
    hdma_usart2_tx                           0x20004660   Data          96  main.o(.bss)
    hdma_usart2_rx                           0x200046c0   Data          96  main.o(.bss)
    htim1                                    0x20004720   Data          60  stm32f4xx_hal_timebase_tim.o(.bss)
    hUsbDeviceFS                             0x2000475c   Data         548  usb_device.o(.bss)
    hpcd_USB_OTG_FS                          0x20004980   Data         952  usbd_conf.o(.bss)
    tx_buffer                                0x20004d38   Data          64  data_link.o(.bss)
    rx_buffer0                               0x20004d78   Data          64  data_link.o(.bss)
    rx_buffer1                               0x20004db8   Data          64  data_link.o(.bss)
    decoding_buffer                          0x20004df8   Data          64  data_link.o(.bss)
    rc                                       0x20004e6a   Data          18  receiver_ppm.o(.bss)
    mag                                      0x20004f34   Data          12  stabilizer.o(.bss)
    acc                                      0x20004f40   Data          12  stabilizer.o(.bss)
    gyr                                      0x20004f4c   Data          12  stabilizer.o(.bss)
    iir_ax                                   0x20004f58   Data          32  sensors_task.o(.bss)
    iir_ay                                   0x20004f78   Data          32  sensors_task.o(.bss)
    iir_az                                   0x20004f98   Data          32  sensors_task.o(.bss)
    acc_gyr_spi_rx                           0x20004fb8   Data          15  sensors_task.o(.bss)
    __heap_base                              0x20004ff0   Data           0  startup_stm32f405xx.o(HEAP)
    __heap_limit                             0x200051f0   Data           0  startup_stm32f405xx.o(HEAP)
    __initial_sp                             0x200055f0   Data           0  startup_stm32f405xx.o(STACK)



==============================================================================

Memory Map of the image

  Image Entry point : 0x08000189

  Load Region LR_IROM1 (Base: 0x08000000, Size: 0x0000ba70, Max: 0x00100000, ABSOLUTE, COMPRESSED[0x0000b898])

    Execution Region ER_IROM1 (Base: 0x08000000, Size: 0x0000b79c, Max: 0x00100000, ABSOLUTE)

    Base Addr    Size         Type   Attr      Idx    E Section Name        Object

    0x08000000   0x00000188   Data   RO         6471    RESET               startup_stm32f405xx.o
    0x08000188   0x00000000   Code   RO         7505  * .ARM.Collect$$$$00000000  mc_w.l(entry.o)
    0x08000188   0x00000004   Code   RO         7611    .ARM.Collect$$$$00000001  mc_w.l(entry2.o)
    0x0800018c   0x00000004   Code   RO         7614    .ARM.Collect$$$$00000004  mc_w.l(entry5.o)
    0x08000190   0x00000000   Code   RO         7616    .ARM.Collect$$$$00000008  mc_w.l(entry7b.o)
    0x08000190   0x00000000   Code   RO         7618    .ARM.Collect$$$$0000000A  mc_w.l(entry8b.o)
    0x08000190   0x00000008   Code   RO         7619    .ARM.Collect$$$$0000000B  mc_w.l(entry9a.o)
    0x08000198   0x00000000   Code   RO         7621    .ARM.Collect$$$$0000000D  mc_w.l(entry10a.o)
    0x08000198   0x00000000   Code   RO         7623    .ARM.Collect$$$$0000000F  mc_w.l(entry11a.o)
    0x08000198   0x00000004   Code   RO         7612    .ARM.Collect$$$$00002712  mc_w.l(entry2.o)
    0x0800019c   0x000000ba   Code   RO         4744    .emb_text           port.o
    0x08000256   0x00000002   PAD
    0x08000258   0x00000024   Code   RO         6472    .text               startup_stm32f405xx.o
    0x0800027c   0x00000024   Code   RO         7508    .text               mc_w.l(memcpya.o)
    0x080002a0   0x00000024   Code   RO         7510    .text               mc_w.l(memseta.o)
    0x080002c4   0x0000014e   Code   RO         7542    .text               mf_w.l(dadd.o)
    0x08000412   0x000000e4   Code   RO         7544    .text               mf_w.l(dmul.o)
    0x080004f6   0x000000de   Code   RO         7546    .text               mf_w.l(ddiv.o)
    0x080005d4   0x00000026   Code   RO         7548    .text               mf_w.l(f2d.o)
    0x080005fa   0x00000038   Code   RO         7550    .text               mf_w.l(d2f.o)
    0x08000632   0x0000001e   Code   RO         7625    .text               mc_w.l(llshl.o)
    0x08000650   0x00000024   Code   RO         7627    .text               mc_w.l(llsshr.o)
    0x08000674   0x00000000   Code   RO         7638    .text               mc_w.l(iusefp.o)
    0x08000674   0x0000006e   Code   RO         7639    .text               mf_w.l(fepilogue.o)
    0x080006e2   0x000000ba   Code   RO         7641    .text               mf_w.l(depilogue.o)
    0x0800079c   0x000000a2   Code   RO         7645    .text               mf_w.l(dsqrt.o)
    0x0800083e   0x00000002   PAD
    0x08000840   0x00000024   Code   RO         7649    .text               mc_w.l(init.o)
    0x08000864   0x00000020   Code   RO         7651    .text               mc_w.l(llushr.o)
    0x08000884   0x00000022   Code   RO         7653    .text               mf_w.l(dflti.o)
    0x080008a6   0x0000001a   Code   RO         7655    .text               mf_w.l(dfltui.o)
    0x080008c0   0x0000003e   Code   RO         7657    .text               mf_w.l(dfixi.o)
    0x080008fe   0x00000056   Code   RO         7667    .text               mc_w.l(__dczerorl2.o)
    0x08000954   0x00000134   Code   RO         3374    i.ADC_Init          stm32f4xx_hal_adc.o
    0x08000a88   0x00000002   Code   RO         5348    i.BusFault_Handler  stm32f4xx_it.o
    0x08000a8a   0x00000004   Code   RO         5756    i.CDC_Control_FS    usbd_cdc_if.o
    0x08000a8e   0x00000004   Code   RO         5757    i.CDC_DeInit_FS     usbd_cdc_if.o
    0x08000a92   0x00000002   PAD
    0x08000a94   0x00000024   Code   RO         5758    i.CDC_Init_FS       usbd_cdc_if.o
    0x08000ab8   0x00000018   Code   RO         5759    i.CDC_Receive_FS    usbd_cdc_if.o
    0x08000ad0   0x0000000c   Code   RO         5349    i.DMA1_Stream0_IRQHandler  stm32f4xx_it.o
    0x08000adc   0x0000000c   Code   RO         5350    i.DMA1_Stream5_IRQHandler  stm32f4xx_it.o
    0x08000ae8   0x0000000c   Code   RO         5351    i.DMA1_Stream6_IRQHandler  stm32f4xx_it.o
    0x08000af4   0x0000000c   Code   RO         5352    i.DMA1_Stream7_IRQHandler  stm32f4xx_it.o
    0x08000b00   0x0000000c   Code   RO         5353    i.DMA2_Stream2_IRQHandler  stm32f4xx_it.o
    0x08000b0c   0x0000000c   Code   RO         5354    i.DMA2_Stream3_IRQHandler  stm32f4xx_it.o
    0x08000b18   0x0000000c   Code   RO         5355    i.DMA2_Stream5_IRQHandler  stm32f4xx_it.o
    0x08000b24   0x00000028   Code   RO         1592    i.DMA_CalcBaseAndBitshift  stm32f4xx_hal_dma.o
    0x08000b4c   0x00000054   Code   RO         1593    i.DMA_CheckFifoParam  stm32f4xx_hal_dma.o
    0x08000ba0   0x00000028   Code   RO         1594    i.DMA_SetConfig     stm32f4xx_hal_dma.o
    0x08000bc8   0x00000080   Code   RO         6479    i.DataLinkReceive_IDLE  data_link.o
    0x08000c48   0x00000002   Code   RO         5356    i.DebugMon_Handler  stm32f4xx_it.o
    0x08000c4a   0x00000016   Code   RO         5357    i.EXTI15_10_IRQHandler  stm32f4xx_it.o
    0x08000c60   0x00000006   Code   RO         5358    i.EXTI2_IRQHandler  stm32f4xx_it.o
    0x08000c66   0x00000002   Code   RO         5553    i.Error_Handler     main.o
    0x08000c68   0x00000150   Code   RO         3376    i.HAL_ADC_ConfigChannel  stm32f4xx_hal_adc.o
    0x08000db8   0x00000004   Code   RO         3382    i.HAL_ADC_GetState  stm32f4xx_hal_adc.o
    0x08000dbc   0x00000006   Code   RO         3383    i.HAL_ADC_GetValue  stm32f4xx_hal_adc.o
    0x08000dc2   0x00000054   Code   RO         3385    i.HAL_ADC_Init      stm32f4xx_hal_adc.o
    0x08000e16   0x00000002   PAD
    0x08000e18   0x00000044   Code   RO         5815    i.HAL_ADC_MspInit   stm32f4xx_hal_msp.o
    0x08000e5c   0x000000a2   Code   RO         3389    i.HAL_ADC_PollForConversion  stm32f4xx_hal_adc.o
    0x08000efe   0x00000002   PAD
    0x08000f00   0x000000b8   Code   RO         3391    i.HAL_ADC_Start     stm32f4xx_hal_adc.o
    0x08000fb8   0x00000026   Code   RO         3745    i.HAL_CRC_Init      stm32f4xx_hal_crc.o
    0x08000fde   0x00000002   PAD
    0x08000fe0   0x00000028   Code   RO         5817    i.HAL_CRC_MspInit   stm32f4xx_hal_msp.o
    0x08001008   0x0000008e   Code   RO         1595    i.HAL_DMA_Abort     stm32f4xx_hal_dma.o
    0x08001096   0x00000024   Code   RO         1596    i.HAL_DMA_Abort_IT  stm32f4xx_hal_dma.o
    0x080010ba   0x00000002   PAD
    0x080010bc   0x000001a8   Code   RO         1600    i.HAL_DMA_IRQHandler  stm32f4xx_hal_dma.o
    0x08001264   0x000000d0   Code   RO         1601    i.HAL_DMA_Init      stm32f4xx_hal_dma.o
    0x08001334   0x00000078   Code   RO         1605    i.HAL_DMA_Start_IT  stm32f4xx_hal_dma.o
    0x080013ac   0x00000016   Code   RO         3231    i.HAL_Delay         stm32f4xx_hal.o
    0x080013c2   0x00000002   Code   RO            5    i.HAL_GPIO_EXTI_Callback  stm32f4xx_hal_gpio.o
    0x080013c4   0x00000018   Code   RO            6    i.HAL_GPIO_EXTI_IRQHandler  stm32f4xx_hal_gpio.o
    0x080013dc   0x000001b0   Code   RO            7    i.HAL_GPIO_Init     stm32f4xx_hal_gpio.o
    0x0800158c   0x0000000a   Code   RO            9    i.HAL_GPIO_ReadPin  stm32f4xx_hal_gpio.o
    0x08001596   0x0000000a   Code   RO           11    i.HAL_GPIO_WritePin  stm32f4xx_hal_gpio.o
    0x080015a0   0x0000000c   Code   RO         3237    i.HAL_GetTick       stm32f4xx_hal.o
    0x080015ac   0x00000002   Code   RO         2195    i.HAL_I2C_AbortCpltCallback  stm32f4xx_hal_i2c.o
    0x080015ae   0x00000002   Code   RO         2196    i.HAL_I2C_AddrCallback  stm32f4xx_hal_i2c.o
    0x080015b0   0x000001f0   Code   RO         2200    i.HAL_I2C_EV_IRQHandler  stm32f4xx_hal_i2c.o
    0x080017a0   0x00000002   Code   RO         2202    i.HAL_I2C_ErrorCallback  stm32f4xx_hal_i2c.o
    0x080017a2   0x00000002   PAD
    0x080017a4   0x00000108   Code   RO         2206    i.HAL_I2C_Init      stm32f4xx_hal_i2c.o
    0x080018ac   0x00000002   Code   RO         2208    i.HAL_I2C_ListenCpltCallback  stm32f4xx_hal_i2c.o
    0x080018ae   0x00000002   Code   RO         2209    i.HAL_I2C_MasterRxCpltCallback  stm32f4xx_hal_i2c.o
    0x080018b0   0x00000002   Code   RO         2210    i.HAL_I2C_MasterTxCpltCallback  stm32f4xx_hal_i2c.o
    0x080018b2   0x00000004   Code   RO         6710    i.HAL_I2C_MemRxCpltCallback  hmc5883l_i2c.o
    0x080018b6   0x00000002   Code   RO         2221    i.HAL_I2C_MemTxCpltCallback  stm32f4xx_hal_i2c.o
    0x080018b8   0x000001fc   Code   RO         2222    i.HAL_I2C_Mem_Read  stm32f4xx_hal_i2c.o
    0x08001ab4   0x00000178   Code   RO         2223    i.HAL_I2C_Mem_Read_DMA  stm32f4xx_hal_i2c.o
    0x08001c2c   0x0000013c   Code   RO         2225    i.HAL_I2C_Mem_Write  stm32f4xx_hal_i2c.o
    0x08001d68   0x00000100   Code   RO         5819    i.HAL_I2C_MspInit   stm32f4xx_hal_msp.o
    0x08001e68   0x00000002   Code   RO         2230    i.HAL_I2C_SlaveRxCpltCallback  stm32f4xx_hal_i2c.o
    0x08001e6a   0x00000002   Code   RO         2231    i.HAL_I2C_SlaveTxCpltCallback  stm32f4xx_hal_i2c.o
    0x08001e6c   0x00000010   Code   RO         3238    i.HAL_IncTick       stm32f4xx_hal.o
    0x08001e7c   0x00000034   Code   RO         3239    i.HAL_Init          stm32f4xx_hal.o
    0x08001eb0   0x00000074   Code   RO         5678    i.HAL_InitTick      stm32f4xx_hal_timebase_tim.o
    0x08001f24   0x00000058   Code   RO         5820    i.HAL_MspInit       stm32f4xx_hal_msp.o
    0x08001f7c   0x00000016   Code   RO          196    i.HAL_NVIC_EnableIRQ  stm32f4xx_hal_cortex.o
    0x08001f92   0x00000002   PAD
    0x08001f94   0x00000040   Code   RO          202    i.HAL_NVIC_SetPriority  stm32f4xx_hal_cortex.o
    0x08001fd4   0x00000024   Code   RO          203    i.HAL_NVIC_SetPriorityGrouping  stm32f4xx_hal_cortex.o
    0x08001ff8   0x00000008   Code   RO         1752    i.HAL_PCDEx_SetRxFiFo  stm32f4xx_hal_pcd_ex.o
    0x08002000   0x00000044   Code   RO         1753    i.HAL_PCDEx_SetTxFiFo  stm32f4xx_hal_pcd_ex.o
    0x08002044   0x00000008   Code   RO         5929    i.HAL_PCD_ConnectCallback  usbd_conf.o
    0x0800204c   0x00000012   Code   RO         5930    i.HAL_PCD_DataInStageCallback  usbd_conf.o
    0x0800205e   0x00000014   Code   RO         5931    i.HAL_PCD_DataOutStageCallback  usbd_conf.o
    0x08002072   0x00000008   Code   RO         5932    i.HAL_PCD_DisconnectCallback  usbd_conf.o
    0x0800207a   0x00000044   Code   RO         1989    i.HAL_PCD_EP_Close  stm32f4xx_hal_pcd.o
    0x080020be   0x00000050   Code   RO         1990    i.HAL_PCD_EP_ClrStall  stm32f4xx_hal_pcd.o
    0x0800210e   0x00000014   Code   RO         1992    i.HAL_PCD_EP_GetRxCount  stm32f4xx_hal_pcd.o
    0x08002122   0x00000054   Code   RO         1993    i.HAL_PCD_EP_Open   stm32f4xx_hal_pcd.o
    0x08002176   0x00000002   PAD
    0x08002178   0x0000005e   Code   RO         1994    i.HAL_PCD_EP_Receive  stm32f4xx_hal_pcd.o
    0x080021d6   0x00000060   Code   RO         1995    i.HAL_PCD_EP_SetStall  stm32f4xx_hal_pcd.o
    0x08002236   0x00000056   Code   RO         1996    i.HAL_PCD_EP_Transmit  stm32f4xx_hal_pcd.o
    0x0800228c   0x000004f4   Code   RO         1998    i.HAL_PCD_IRQHandler  stm32f4xx_hal_pcd.o
    0x08002780   0x00000008   Code   RO         5933    i.HAL_PCD_ISOINIncompleteCallback  usbd_conf.o
    0x08002788   0x00000008   Code   RO         5934    i.HAL_PCD_ISOOUTIncompleteCallback  usbd_conf.o
    0x08002790   0x000000be   Code   RO         2001    i.HAL_PCD_Init      stm32f4xx_hal_pcd.o
    0x0800284e   0x00000002   PAD
    0x08002850   0x00000078   Code   RO         5936    i.HAL_PCD_MspInit   usbd_conf.o
    0x080028c8   0x00000020   Code   RO         5937    i.HAL_PCD_ResetCallback  usbd_conf.o
    0x080028e8   0x00000008   Code   RO         5938    i.HAL_PCD_ResumeCallback  usbd_conf.o
    0x080028f0   0x00000008   Code   RO         5939    i.HAL_PCD_SOFCallback  usbd_conf.o
    0x080028f8   0x00000024   Code   RO         2007    i.HAL_PCD_SetAddress  stm32f4xx_hal_pcd.o
    0x0800291c   0x0000000e   Code   RO         5940    i.HAL_PCD_SetupStageCallback  usbd_conf.o
    0x0800292a   0x0000002a   Code   RO         2009    i.HAL_PCD_Start     stm32f4xx_hal_pcd.o
    0x08002954   0x00000030   Code   RO         5941    i.HAL_PCD_SuspendCallback  usbd_conf.o
    0x08002984   0x0000017c   Code   RO         1249    i.HAL_RCC_ClockConfig  stm32f4xx_hal_rcc.o
    0x08002b00   0x00000040   Code   RO         1253    i.HAL_RCC_GetClockConfig  stm32f4xx_hal_rcc.o
    0x08002b40   0x0000000c   Code   RO         1254    i.HAL_RCC_GetHCLKFreq  stm32f4xx_hal_rcc.o
    0x08002b4c   0x00000030   Code   RO         1256    i.HAL_RCC_GetPCLK1Freq  stm32f4xx_hal_rcc.o
    0x08002b7c   0x00000030   Code   RO         1257    i.HAL_RCC_GetPCLK2Freq  stm32f4xx_hal_rcc.o
    0x08002bac   0x00000070   Code   RO         1258    i.HAL_RCC_GetSysClockFreq  stm32f4xx_hal_rcc.o
    0x08002c1c   0x000002e4   Code   RO         1261    i.HAL_RCC_OscConfig  stm32f4xx_hal_rcc.o
    0x08002f00   0x00000002   Code   RO          973    i.HAL_SPI_ErrorCallback  stm32f4xx_hal_spi.o
    0x08002f02   0x00000002   PAD
    0x08002f04   0x000000d4   Code   RO          976    i.HAL_SPI_IRQHandler  stm32f4xx_hal_spi.o
    0x08002fd8   0x00000080   Code   RO          977    i.HAL_SPI_Init      stm32f4xx_hal_spi.o
    0x08003058   0x000000cc   Code   RO         5822    i.HAL_SPI_MspInit   stm32f4xx_hal_msp.o
    0x08003124   0x00000002   Code   RO          983    i.HAL_SPI_RxCpltCallback  stm32f4xx_hal_spi.o
    0x08003126   0x00000002   Code   RO          984    i.HAL_SPI_RxHalfCpltCallback  stm32f4xx_hal_spi.o
    0x08003128   0x000001d8   Code   RO          986    i.HAL_SPI_TransmitReceive  stm32f4xx_hal_spi.o
    0x08003300   0x00000108   Code   RO          987    i.HAL_SPI_TransmitReceive_DMA  stm32f4xx_hal_spi.o
    0x08003408   0x00000018   Code   RO         6655    i.HAL_SPI_TxRxCpltCallback  mpu6000_spi.o
    0x08003420   0x00000002   Code   RO          994    i.HAL_SPI_TxRxHalfCpltCallback  stm32f4xx_hal_spi.o
    0x08003422   0x00000018   Code   RO          205    i.HAL_SYSTICK_CLKSourceConfig  stm32f4xx_hal_cortex.o
    0x0800343a   0x00000028   Code   RO          207    i.HAL_SYSTICK_Config  stm32f4xx_hal_cortex.o
    0x08003462   0x00000002   Code   RO         1353    i.HAL_TIMEx_BreakCallback  stm32f4xx_hal_tim_ex.o
    0x08003464   0x00000002   Code   RO         1354    i.HAL_TIMEx_CommutationCallback  stm32f4xx_hal_tim_ex.o
    0x08003466   0x00000050   Code   RO         1370    i.HAL_TIMEx_MasterConfigSynchronization  stm32f4xx_hal_tim_ex.o
    0x080034b6   0x00000036   Code   RO         2595    i.HAL_TIM_Base_Init  stm32f4xx_hal_tim.o
    0x080034ec   0x00000088   Code   RO         5824    i.HAL_TIM_Base_MspInit  stm32f4xx_hal_msp.o
    0x08003574   0x00000018   Code   RO         2600    i.HAL_TIM_Base_Start_IT  stm32f4xx_hal_tim.o
    0x0800358c   0x000000f2   Code   RO         2604    i.HAL_TIM_ConfigClockSource  stm32f4xx_hal_tim.o
    0x0800367e   0x00000002   PAD
    0x08003680   0x00000028   Code   RO         6756    i.HAL_TIM_IC_CaptureCallback  receiver_ppm.o
    0x080036a8   0x0000011e   Code   RO         2625    i.HAL_TIM_IC_ConfigChannel  stm32f4xx_hal_tim.o
    0x080037c6   0x00000036   Code   RO         2628    i.HAL_TIM_IC_Init   stm32f4xx_hal_tim.o
    0x080037fc   0x00000002   Code   RO         2630    i.HAL_TIM_IC_MspInit  stm32f4xx_hal_tim.o
    0x080037fe   0x0000004c   Code   RO         2633    i.HAL_TIM_IC_Start_IT  stm32f4xx_hal_tim.o
    0x0800384a   0x00000166   Code   RO         2637    i.HAL_TIM_IRQHandler  stm32f4xx_hal_tim.o
    0x080039b0   0x00000044   Code   RO         5825    i.HAL_TIM_MspPostInit  stm32f4xx_hal_msp.o
    0x080039f4   0x00000002   Code   RO         2640    i.HAL_TIM_OC_DelayElapsedCallback  stm32f4xx_hal_tim.o
    0x080039f6   0x000000d0   Code   RO         2661    i.HAL_TIM_PWM_ConfigChannel  stm32f4xx_hal_tim.o
    0x08003ac6   0x00000036   Code   RO         2664    i.HAL_TIM_PWM_Init  stm32f4xx_hal_tim.o
    0x08003afc   0x00000028   Code   RO         5827    i.HAL_TIM_PWM_MspInit  stm32f4xx_hal_msp.o
    0x08003b24   0x00000002   Code   RO         2667    i.HAL_TIM_PWM_PulseFinishedCallback  stm32f4xx_hal_tim.o
    0x08003b26   0x00000002   PAD
    0x08003b28   0x00000038   Code   RO         2668    i.HAL_TIM_PWM_Start  stm32f4xx_hal_tim.o
    0x08003b60   0x00000014   Code   RO         5554    i.HAL_TIM_PeriodElapsedCallback  main.o
    0x08003b74   0x00000044   Code   RO         2675    i.HAL_TIM_ReadCapturedValue  stm32f4xx_hal_tim.o
    0x08003bb8   0x00000002   Code   RO         2678    i.HAL_TIM_TriggerCallback  stm32f4xx_hal_tim.o
    0x08003bba   0x00000058   Code   RO          326    i.HAL_UART_DMAStop  stm32f4xx_hal_uart.o
    0x08003c12   0x00000002   Code   RO          328    i.HAL_UART_ErrorCallback  stm32f4xx_hal_uart.o
    0x08003c14   0x00000110   Code   RO          331    i.HAL_UART_IRQHandler  stm32f4xx_hal_uart.o
    0x08003d24   0x00000062   Code   RO          332    i.HAL_UART_Init     stm32f4xx_hal_uart.o
    0x08003d86   0x00000002   PAD
    0x08003d88   0x00000194   Code   RO         5829    i.HAL_UART_MspInit  stm32f4xx_hal_msp.o
    0x08003f1c   0x00000090   Code   RO          336    i.HAL_UART_Receive_DMA  stm32f4xx_hal_uart.o
    0x08003fac   0x00000002   Code   RO          338    i.HAL_UART_RxCpltCallback  stm32f4xx_hal_uart.o
    0x08003fae   0x00000002   Code   RO          339    i.HAL_UART_RxHalfCpltCallback  stm32f4xx_hal_uart.o
    0x08003fb0   0x00000080   Code   RO          341    i.HAL_UART_Transmit_DMA  stm32f4xx_hal_uart.o
    0x08004030   0x00000002   Code   RO          343    i.HAL_UART_TxCpltCallback  stm32f4xx_hal_uart.o
    0x08004032   0x00000002   Code   RO          344    i.HAL_UART_TxHalfCpltCallback  stm32f4xx_hal_uart.o
    0x08004034   0x00000002   Code   RO         5359    i.HardFault_Handler  stm32f4xx_it.o
    0x08004036   0x00000002   PAD
    0x08004038   0x0000000c   Code   RO         5360    i.I2C1_EV_IRQHandler  stm32f4xx_it.o
    0x08004044   0x0000000c   Code   RO         5361    i.I2C2_EV_IRQHandler  stm32f4xx_it.o
    0x08004050   0x0000004e   Code   RO         2240    i.I2C_DMAAbort      stm32f4xx_hal_i2c.o
    0x0800409e   0x0000002a   Code   RO         2241    i.I2C_DMAError      stm32f4xx_hal_i2c.o
    0x080040c8   0x00000086   Code   RO         2242    i.I2C_DMAXferCplt   stm32f4xx_hal_i2c.o
    0x0800414e   0x00000002   PAD
    0x08004150   0x00000124   Code   RO         2243    i.I2C_ITError       stm32f4xx_hal_i2c.o
    0x08004274   0x00000028   Code   RO         2244    i.I2C_IsAcknowledgeFailed  stm32f4xx_hal_i2c.o
    0x0800429c   0x000000c4   Code   RO         2245    i.I2C_MasterReceive_BTF  stm32f4xx_hal_i2c.o
    0x08004360   0x000000b6   Code   RO         2246    i.I2C_MasterReceive_RXNE  stm32f4xx_hal_i2c.o
    0x08004416   0x00000080   Code   RO         2249    i.I2C_MasterTransmit_BTF  stm32f4xx_hal_i2c.o
    0x08004496   0x00000002   PAD
    0x08004498   0x00000108   Code   RO         2250    i.I2C_MasterTransmit_TXE  stm32f4xx_hal_i2c.o
    0x080045a0   0x000000f4   Code   RO         2251    i.I2C_Master_ADDR   stm32f4xx_hal_i2c.o
    0x08004694   0x0000005a   Code   RO         2252    i.I2C_Master_SB     stm32f4xx_hal_i2c.o
    0x080046ee   0x000000f0   Code   RO         2253    i.I2C_RequestMemoryRead  stm32f4xx_hal_i2c.o
    0x080047de   0x00000002   PAD
    0x080047e0   0x000000a0   Code   RO         2254    i.I2C_RequestMemoryWrite  stm32f4xx_hal_i2c.o
    0x08004880   0x000000dc   Code   RO         2256    i.I2C_Slave_STOPF   stm32f4xx_hal_i2c.o
    0x0800495c   0x0000004e   Code   RO         2257    i.I2C_WaitOnBTFFlagUntilTimeout  stm32f4xx_hal_i2c.o
    0x080049aa   0x00000060   Code   RO         2258    i.I2C_WaitOnFlagUntilTimeout  stm32f4xx_hal_i2c.o
    0x08004a0a   0x00000002   PAD
    0x08004a0c   0x00000088   Code   RO         2259    i.I2C_WaitOnMasterAddressFlagUntilTimeout  stm32f4xx_hal_i2c.o
    0x08004a94   0x00000062   Code   RO         2260    i.I2C_WaitOnRXNEFlagUntilTimeout  stm32f4xx_hal_i2c.o
    0x08004af6   0x0000004e   Code   RO         2261    i.I2C_WaitOnTXEFlagUntilTimeout  stm32f4xx_hal_i2c.o
    0x08004b44   0x0000003e   Code   RO         7162    i.IIR_apply         low_pass_filter.o
    0x08004b82   0x00000024   Code   RO         7163    i.IIR_reset         low_pass_filter.o
    0x08004ba6   0x00000002   PAD
    0x08004ba8   0x00000140   Code   RO         7164    i.IIR_set_cutoff_freq  low_pass_filter.o
    0x08004ce8   0x0000004c   Code   RO         5555    i.MX_ADC1_Init      main.o
    0x08004d34   0x0000009c   Code   RO         5556    i.MX_DMA_Init       main.o
    0x08004dd0   0x00000150   Code   RO         5557    i.MX_GPIO_Init      main.o
    0x08004f20   0x00000040   Code   RO         5558    i.MX_SPI1_Init      main.o
    0x08004f60   0x00000088   Code   RO         5559    i.MX_TIM3_Init      main.o
    0x08004fe8   0x00000078   Code   RO         5560    i.MX_TIM8_Init      main.o
    0x08005060   0x00000038   Code   RO         5718    i.MX_USB_DEVICE_Init  usb_device.o
    0x08005098   0x00000002   Code   RO         5362    i.MemManage_Handler  stm32f4xx_it.o
    0x0800509a   0x00000002   Code   RO         5363    i.NMI_Handler       stm32f4xx_it.o
    0x0800509c   0x00000020   Code   RO          209    i.NVIC_SetPriority  stm32f4xx_hal_cortex.o
    0x080050bc   0x0000000c   Code   RO         5364    i.OTG_FS_IRQHandler  stm32f4xx_it.o
    0x080050c8   0x00000088   Code   RO         2012    i.PCD_WriteEmptyTxFifo  stm32f4xx_hal_pcd.o
    0x08005150   0x0000004c   Code   RO         6757    i.PPM_decode        receiver_ppm.o
    0x0800519c   0x0000000c   Code   RO         6758    i.PPM_init          receiver_ppm.o
    0x080051a8   0x0000000c   Code   RO         5365    i.SPI1_IRQHandler   stm32f4xx_it.o
    0x080051b4   0x00000020   Code   RO          999    i.SPI_CheckFlag_BSY  stm32f4xx_hal_spi.o
    0x080051d4   0x00000010   Code   RO         1003    i.SPI_DMAAbortOnError  stm32f4xx_hal_spi.o
    0x080051e4   0x00000022   Code   RO         1004    i.SPI_DMAError      stm32f4xx_hal_spi.o
    0x08005206   0x0000000a   Code   RO         1005    i.SPI_DMAHalfReceiveCplt  stm32f4xx_hal_spi.o
    0x08005210   0x0000000a   Code   RO         1007    i.SPI_DMAHalfTransmitReceiveCplt  stm32f4xx_hal_spi.o
    0x0800521a   0x00000052   Code   RO         1008    i.SPI_DMAReceiveCplt  stm32f4xx_hal_spi.o
    0x0800526c   0x00000050   Code   RO         1010    i.SPI_DMATransmitReceiveCplt  stm32f4xx_hal_spi.o
    0x080052bc   0x00000096   Code   RO         1015    i.SPI_WaitFlagStateUntilTimeout  stm32f4xx_hal_spi.o
    0x08005352   0x0000000c   Code   RO         5561    i.StartDefaultTask  main.o
    0x0800535e   0x00000004   Code   RO         5366    i.SysTick_Handler   stm32f4xx_it.o
    0x08005362   0x00000002   PAD
    0x08005364   0x000000a0   Code   RO         5562    i.SystemClock_Config  main.o
    0x08005404   0x00000054   Code   RO         6119    i.SystemInit        system_stm32f4xx.o
    0x08005458   0x0000000c   Code   RO         5367    i.TIM1_UP_TIM10_IRQHandler  stm32f4xx_it.o
    0x08005464   0x0000000c   Code   RO         5368    i.TIM4_IRQHandler   stm32f4xx_it.o
    0x08005470   0x00000018   Code   RO         5369    i.TIM8_CC_IRQHandler  stm32f4xx_it.o
    0x08005488   0x000000c0   Code   RO         2679    i.TIM_Base_SetConfig  stm32f4xx_hal_tim.o
    0x08005548   0x00000016   Code   RO         2680    i.TIM_CCxChannelCmd  stm32f4xx_hal_tim.o
    0x0800555e   0x00000014   Code   RO         2686    i.TIM_ETR_SetConfig  stm32f4xx_hal_tim.o
    0x08005572   0x00000010   Code   RO         2687    i.TIM_ITRx_SetConfig  stm32f4xx_hal_tim.o
    0x08005582   0x00000002   PAD
    0x08005584   0x00000058   Code   RO         2688    i.TIM_OC1_SetConfig  stm32f4xx_hal_tim.o
    0x080055dc   0x00000064   Code   RO         2689    i.TIM_OC2_SetConfig  stm32f4xx_hal_tim.o
    0x08005640   0x00000060   Code   RO         2690    i.TIM_OC3_SetConfig  stm32f4xx_hal_tim.o
    0x080056a0   0x00000050   Code   RO         2691    i.TIM_OC4_SetConfig  stm32f4xx_hal_tim.o
    0x080056f0   0x00000022   Code   RO         2693    i.TIM_TI1_ConfigInputStage  stm32f4xx_hal_tim.o
    0x08005712   0x00000002   PAD
    0x08005714   0x00000084   Code   RO         2694    i.TIM_TI1_SetConfig  stm32f4xx_hal_tim.o
    0x08005798   0x00000024   Code   RO         2695    i.TIM_TI2_ConfigInputStage  stm32f4xx_hal_tim.o
    0x080057bc   0x00000036   Code   RO         2696    i.TIM_TI2_SetConfig  stm32f4xx_hal_tim.o
    0x080057f2   0x00000002   PAD
    0x080057f4   0x0000000c   Code   RO         5370    i.UART5_IRQHandler  stm32f4xx_it.o
    0x08005800   0x00000010   Code   RO          345    i.UART_DMAAbortOnError  stm32f4xx_hal_uart.o
    0x08005810   0x0000004a   Code   RO          346    i.UART_DMAError     stm32f4xx_hal_uart.o
    0x0800585a   0x0000003c   Code   RO          347    i.UART_DMAReceiveCplt  stm32f4xx_hal_uart.o
    0x08005896   0x0000000a   Code   RO          348    i.UART_DMARxHalfCplt  stm32f4xx_hal_uart.o
    0x080058a0   0x0000002e   Code   RO          349    i.UART_DMATransmitCplt  stm32f4xx_hal_uart.o
    0x080058ce   0x0000000a   Code   RO          350    i.UART_DMATxHalfCplt  stm32f4xx_hal_uart.o
    0x080058d8   0x0000001c   Code   RO          351    i.UART_EndRxTransfer  stm32f4xx_hal_uart.o
    0x080058f4   0x00000012   Code   RO          352    i.UART_EndTxTransfer  stm32f4xx_hal_uart.o
    0x08005906   0x0000008c   Code   RO          353    i.UART_Receive_IT   stm32f4xx_hal_uart.o
    0x08005992   0x00000002   PAD
    0x08005994   0x000002ac   Code   RO          354    i.UART_SetConfig    stm32f4xx_hal_uart.o
    0x08005c40   0x00000062   Code   RO          355    i.UART_Transmit_IT  stm32f4xx_hal_uart.o
    0x08005ca2   0x00000002   PAD
    0x08005ca4   0x0000000c   Code   RO         5371    i.USART1_IRQHandler  stm32f4xx_it.o
    0x08005cb0   0x00000014   Code   RO         5372    i.USART2_IRQHandler  stm32f4xx_it.o
    0x08005cc4   0x00000014   Code   RO         5170    i.USBD_CDC_DataIn   usbd_cdc.o
    0x08005cd8   0x0000002e   Code   RO         5171    i.USBD_CDC_DataOut  usbd_cdc.o
    0x08005d06   0x0000003c   Code   RO         5172    i.USBD_CDC_DeInit   usbd_cdc.o
    0x08005d42   0x00000024   Code   RO         5173    i.USBD_CDC_EP0_RxReady  usbd_cdc.o
    0x08005d66   0x00000002   PAD
    0x08005d68   0x0000000c   Code   RO         5174    i.USBD_CDC_GetDeviceQualifierDescriptor  usbd_cdc.o
    0x08005d74   0x0000000c   Code   RO         5175    i.USBD_CDC_GetFSCfgDesc  usbd_cdc.o
    0x08005d80   0x0000000c   Code   RO         5176    i.USBD_CDC_GetHSCfgDesc  usbd_cdc.o
    0x08005d8c   0x0000000c   Code   RO         5177    i.USBD_CDC_GetOtherSpeedCfgDesc  usbd_cdc.o
    0x08005d98   0x00000088   Code   RO         5178    i.USBD_CDC_Init     usbd_cdc.o
    0x08005e20   0x00000028   Code   RO         5179    i.USBD_CDC_ReceivePacket  usbd_cdc.o
    0x08005e48   0x00000010   Code   RO         5180    i.USBD_CDC_RegisterInterface  usbd_cdc.o
    0x08005e58   0x0000000c   Code   RO         5181    i.USBD_CDC_SetRxBuffer  usbd_cdc.o
    0x08005e64   0x00000010   Code   RO         5182    i.USBD_CDC_SetTxBuffer  usbd_cdc.o
    0x08005e74   0x00000070   Code   RO         5183    i.USBD_CDC_Setup    usbd_cdc.o
    0x08005ee4   0x0000000e   Code   RO         4886    i.USBD_ClrClassConfig  usbd_core.o
    0x08005ef2   0x00000010   Code   RO         5045    i.USBD_CtlContinueRx  usbd_ioreq.o
    0x08005f02   0x00000010   Code   RO         5046    i.USBD_CtlContinueSendData  usbd_ioreq.o
    0x08005f12   0x00000016   Code   RO         5105    i.USBD_CtlError     usbd_ctlreq.o
    0x08005f28   0x0000001e   Code   RO         5047    i.USBD_CtlPrepareRx  usbd_ioreq.o
    0x08005f46   0x00000016   Code   RO         5048    i.USBD_CtlReceiveStatus  usbd_ioreq.o
    0x08005f5c   0x0000001a   Code   RO         5049    i.USBD_CtlSendData  usbd_ioreq.o
    0x08005f76   0x00000016   Code   RO         5050    i.USBD_CtlSendStatus  usbd_ioreq.o
    0x08005f8c   0x00000020   Code   RO         5280    i.USBD_FS_ConfigStrDescriptor  usbd_desc.o
    0x08005fac   0x0000000c   Code   RO         5281    i.USBD_FS_DeviceDescriptor  usbd_desc.o
    0x08005fb8   0x00000024   Code   RO         5282    i.USBD_FS_InterfaceStrDescriptor  usbd_desc.o
    0x08005fdc   0x0000000c   Code   RO         5283    i.USBD_FS_LangIDStrDescriptor  usbd_desc.o
    0x08005fe8   0x00000028   Code   RO         5284    i.USBD_FS_ManufacturerStrDescriptor  usbd_desc.o
    0x08006010   0x0000002c   Code   RO         5285    i.USBD_FS_ProductStrDescriptor  usbd_desc.o
    0x0800603c   0x00000024   Code   RO         5286    i.USBD_FS_SerialStrDescriptor  usbd_desc.o
    0x08006060   0x000000e0   Code   RO         5106    i.USBD_GetDescriptor  usbd_ctlreq.o
    0x08006140   0x00000046   Code   RO         5107    i.USBD_GetString    usbd_ctlreq.o
    0x08006186   0x0000002a   Code   RO         4888    i.USBD_Init         usbd_core.o
    0x080061b0   0x0000000e   Code   RO         5942    i.USBD_LL_ClearStallEP  usbd_conf.o
    0x080061be   0x0000000e   Code   RO         5943    i.USBD_LL_CloseEP   usbd_conf.o
    0x080061cc   0x000000aa   Code   RO         4889    i.USBD_LL_DataInStage  usbd_core.o
    0x08006276   0x0000006a   Code   RO         4890    i.USBD_LL_DataOutStage  usbd_core.o
    0x080062e0   0x00000004   Code   RO         4891    i.USBD_LL_DevConnected  usbd_core.o
    0x080062e4   0x00000016   Code   RO         4892    i.USBD_LL_DevDisconnected  usbd_core.o
    0x080062fa   0x00000008   Code   RO         5947    i.USBD_LL_GetRxDataSize  usbd_conf.o
    0x08006302   0x00000002   PAD
    0x08006304   0x00000064   Code   RO         5948    i.USBD_LL_Init      usbd_conf.o
    0x08006368   0x00000020   Code   RO         5949    i.USBD_LL_IsStallEP  usbd_conf.o
    0x08006388   0x00000004   Code   RO         4893    i.USBD_LL_IsoINIncomplete  usbd_core.o
    0x0800638c   0x00000004   Code   RO         4894    i.USBD_LL_IsoOUTIncomplete  usbd_core.o
    0x08006390   0x00000014   Code   RO         5950    i.USBD_LL_OpenEP    usbd_conf.o
    0x080063a4   0x0000000e   Code   RO         5951    i.USBD_LL_PrepareReceive  usbd_conf.o
    0x080063b2   0x0000003e   Code   RO         4895    i.USBD_LL_Reset     usbd_core.o
    0x080063f0   0x0000000c   Code   RO         4896    i.USBD_LL_Resume    usbd_core.o
    0x080063fc   0x00000018   Code   RO         4897    i.USBD_LL_SOF       usbd_core.o
    0x08006414   0x00000006   Code   RO         4898    i.USBD_LL_SetSpeed  usbd_core.o
    0x0800641a   0x0000000e   Code   RO         5952    i.USBD_LL_SetUSBAddress  usbd_conf.o
    0x08006428   0x0000005a   Code   RO         4899    i.USBD_LL_SetupStage  usbd_core.o
    0x08006482   0x0000000e   Code   RO         5953    i.USBD_LL_StallEP   usbd_conf.o
    0x08006490   0x0000000e   Code   RO         5954    i.USBD_LL_Start     usbd_conf.o
    0x0800649e   0x00000012   Code   RO         4900    i.USBD_LL_Suspend   usbd_core.o
    0x080064b0   0x0000000e   Code   RO         5956    i.USBD_LL_Transmit  usbd_conf.o
    0x080064be   0x00000028   Code   RO         5108    i.USBD_ParseSetupRequest  usbd_ctlreq.o
    0x080064e6   0x00000010   Code   RO         4901    i.USBD_RegisterClass  usbd_core.o
    0x080064f6   0x00000016   Code   RO         4903    i.USBD_SetClassConfig  usbd_core.o
    0x0800650c   0x00000074   Code   RO         5109    i.USBD_SetConfig    usbd_ctlreq.o
    0x08006580   0x0000000a   Code   RO         4904    i.USBD_Start        usbd_core.o
    0x0800658a   0x000000f2   Code   RO         5110    i.USBD_StdDevReq    usbd_ctlreq.o
    0x0800667c   0x000000dc   Code   RO         5111    i.USBD_StdEPReq     usbd_ctlreq.o
    0x08006758   0x00000034   Code   RO         5112    i.USBD_StdItfReq    usbd_ctlreq.o
    0x0800678c   0x00000080   Code   RO          569    i.USB_ActivateEndpoint  stm32f4xx_ll_usb.o
    0x0800680c   0x00000034   Code   RO          570    i.USB_ActivateSetup  stm32f4xx_ll_usb.o
    0x08006840   0x00000064   Code   RO          572    i.USB_CoreInit      stm32f4xx_ll_usb.o
    0x080068a4   0x00000038   Code   RO          573    i.USB_CoreReset     stm32f4xx_ll_usb.o
    0x080068dc   0x0000006e   Code   RO          575    i.USB_DeactivateEndpoint  stm32f4xx_ll_usb.o
    0x0800694a   0x00000018   Code   RO          576    i.USB_DevConnect    stm32f4xx_ll_usb.o
    0x08006962   0x00000018   Code   RO          577    i.USB_DevDisconnect  stm32f4xx_ll_usb.o
    0x0800697a   0x00000002   PAD
    0x0800697c   0x00000144   Code   RO          578    i.USB_DevInit       stm32f4xx_ll_usb.o
    0x08006ac0   0x0000000c   Code   RO          579    i.USB_DisableGlobalInt  stm32f4xx_ll_usb.o
    0x08006acc   0x00000140   Code   RO          582    i.USB_EP0StartXfer  stm32f4xx_ll_usb.o
    0x08006c0c   0x0000003e   Code   RO          583    i.USB_EP0_OutStart  stm32f4xx_ll_usb.o
    0x08006c4a   0x00000064   Code   RO          584    i.USB_EPClearStall  stm32f4xx_ll_usb.o
    0x08006cae   0x0000005e   Code   RO          585    i.USB_EPSetStall    stm32f4xx_ll_usb.o
    0x08006d0c   0x0000021c   Code   RO          586    i.USB_EPStartXfer   stm32f4xx_ll_usb.o
    0x08006f28   0x0000000c   Code   RO          587    i.USB_EnableGlobalInt  stm32f4xx_ll_usb.o
    0x08006f34   0x00000020   Code   RO          588    i.USB_FlushRxFifo   stm32f4xx_ll_usb.o
    0x08006f54   0x00000024   Code   RO          589    i.USB_FlushTxFifo   stm32f4xx_ll_usb.o
    0x08006f78   0x0000003c   Code   RO          591    i.USB_GetDevSpeed   stm32f4xx_ll_usb.o
    0x08006fb4   0x00000008   Code   RO          593    i.USB_GetMode       stm32f4xx_ll_usb.o
    0x08006fbc   0x0000000e   Code   RO          600    i.USB_ReadDevAllInEpInterrupt  stm32f4xx_ll_usb.o
    0x08006fca   0x0000000e   Code   RO          601    i.USB_ReadDevAllOutEpInterrupt  stm32f4xx_ll_usb.o
    0x08006fd8   0x0000001e   Code   RO          602    i.USB_ReadDevInEPInterrupt  stm32f4xx_ll_usb.o
    0x08006ff6   0x00000010   Code   RO          603    i.USB_ReadDevOutEPInterrupt  stm32f4xx_ll_usb.o
    0x08007006   0x00000008   Code   RO          604    i.USB_ReadInterrupts  stm32f4xx_ll_usb.o
    0x0800700e   0x00000020   Code   RO          605    i.USB_ReadPacket    stm32f4xx_ll_usb.o
    0x0800702e   0x0000002c   Code   RO          607    i.USB_SetCurrentMode  stm32f4xx_ll_usb.o
    0x0800705a   0x00000022   Code   RO          608    i.USB_SetDevAddress  stm32f4xx_ll_usb.o
    0x0800707c   0x00000028   Code   RO          612    i.USB_WritePacket   stm32f4xx_ll_usb.o
    0x080070a4   0x00000002   Code   RO         5373    i.UsageFault_Handler  stm32f4xx_it.o
    0x080070a6   0x00000030   Code   RO         7589    i.__ARM_fpclassify  m_wm.l(fpclassify.o)
    0x080070d6   0x00000002   PAD
    0x080070d8   0x000002d8   Code   RO         7552    i.__hardfp_atan     m_wm.l(atan.o)
    0x080073b0   0x000001f0   Code   RO         7445    i.__hardfp_atan2    m_wm.l(atan2.o)
    0x080075a0   0x000000c8   Code   RO         7457    i.__hardfp_cos      m_wm.l(cos.o)
    0x08007668   0x000000c8   Code   RO         7469    i.__hardfp_sin      m_wm.l(sin.o)
    0x08007730   0x0000007a   Code   RO         7481    i.__hardfp_sqrt     m_wm.l(sqrt.o)
    0x080077aa   0x00000006   PAD
    0x080077b0   0x00000080   Code   RO         7493    i.__hardfp_tan      m_wm.l(tan.o)
    0x08007830   0x00000438   Code   RO         7594    i.__ieee754_rem_pio2  m_wm.l(rred.o)
    0x08007c68   0x00000170   Code   RO         7566    i.__kernel_cos      m_wm.l(cos_i.o)
    0x08007dd8   0x000000f8   Code   RO         7591    i.__kernel_poly     m_wm.l(poly.o)
    0x08007ed0   0x00000130   Code   RO         7599    i.__kernel_sin      m_wm.l(sin_i.o)
    0x08008000   0x00000350   Code   RO         7605    i.__kernel_tan      m_wm.l(tan_i.o)
    0x08008350   0x00000014   Code   RO         7570    i.__mathlib_dbl_infnan  m_wm.l(dunder.o)
    0x08008364   0x00000014   Code   RO         7571    i.__mathlib_dbl_infnan2  m_wm.l(dunder.o)
    0x08008378   0x00000020   Code   RO         7572    i.__mathlib_dbl_invalid  m_wm.l(dunder.o)
    0x08008398   0x00000020   Code   RO         7575    i.__mathlib_dbl_underflow  m_wm.l(dunder.o)
    0x080083b8   0x0000000e   Code   RO         7661    i.__scatterload_copy  mc_w.l(handlers.o)
    0x080083c6   0x00000002   Code   RO         7662    i.__scatterload_null  mc_w.l(handlers.o)
    0x080083c8   0x0000000e   Code   RO         7663    i.__scatterload_zeroinit  mc_w.l(handlers.o)
    0x080083d6   0x00000002   PAD
    0x080083d8   0x0000000c   Code   RO         7633    i.__set_errno       mc_w.l(errno.o)
    0x080083e4   0x0000004c   Code   RO         7064    i.acc_process       sensors_task.o
    0x08008430   0x00000038   Code   RO         6808    i.api_pack_decode   xbee_api.o
    0x08008468   0x0000002c   Code   RO         6809    i.api_pack_encode   xbee_api.o
    0x08008494   0x00000004   Code   RO         6810    i.api_rx_decode     xbee_api.o
    0x08008498   0x00000022   Code   RO         6811    i.api_tx_encode     xbee_api.o
    0x080084ba   0x00000002   Code   RO         6812    i.api_tx_status_decode  xbee_api.o
    0x080084bc   0x000000dc   Code   RO         6155    i.arm_mat_mult_f32  arm_mat_mult_f32.o
    0x08008598   0x00000064   Code   RO         6189    i.arm_mat_scale_f32  arm_mat_scale_f32.o
    0x080085fc   0x0000007c   Code   RO         6213    i.arm_mat_sub_f32   arm_mat_sub_f32.o
    0x08008678   0x0000007a   Code   RO         6237    i.arm_mat_trans_f32  arm_mat_trans_f32.o
    0x080086f2   0x00000002   PAD
    0x080086f4   0x000000c8   Code   RO         6261    i.arm_std_f32       arm_std_f32.o
    0x080087bc   0x00000010   Code   RO         7554    i.atan              m_wm.l(atan.o)
    0x080087cc   0x00000014   Code   RO         6604    i.batAcquire        battery.o
    0x080087e0   0x00000028   Code   RO         6605    i.battery_get_voltage  battery.o
    0x08008808   0x00000044   Code   RO         6606    i.battery_init      battery.o
    0x0800884c   0x00000054   Code   RO         7219    i.data_2_angle      attitude_estimator.o
    0x080088a0   0x00000090   Code   RO         6482    i.data_link_init    data_link.o
    0x08008930   0x00000028   Code   RO         6483    i.data_send_start   data_link.o
    0x08008958   0x0000004e   Code   RO         6815    i.decode_calibrate  xbee_api.o
    0x080089a6   0x00000002   PAD
    0x080089a8   0x000000a0   Code   RO         6816    i.decode_cmd_acc    xbee_api.o
    0x08008a48   0x00000022   Code   RO         6818    i.encode_general    xbee_api.o
    0x08008a6a   0x00000016   Code   RO         7319    i.external_err_pid  controller.o
    0x08008a80   0x00000018   Code   RO         7585    i.fabs              m_wm.l(fabs.o)
    0x08008a98   0x00000064   Code   RO         7186    i.force2output      motor_mixer.o
    0x08008afc   0x00000050   Code   RO         7514    i.free              mc_w.l(malloc.o)
    0x08008b4c   0x0000004c   Code   RO         7065    i.gyr_process       sensors_task.o
    0x08008b98   0x00000028   Code   RO         7066    i.gyro_calibrate    sensors_task.o
    0x08008bc0   0x0000000c   Code   RO         7067    i.hmc5883lCallback  sensors_task.o
    0x08008bcc   0x00000050   Code   RO         6711    i.hmc5883l_cfg      hmc5883l_i2c.o
    0x08008c1c   0x00000018   Code   RO         6712    i.hmc5883l_dma_start  hmc5883l_i2c.o
    0x08008c34   0x00000002   Code   RO         6713    i.hmc_fast_init     hmc5883l_i2c.o
    0x08008c36   0x00000002   PAD
    0x08008c38   0x00000080   Code   RO         7068    i.imu_IIR_init      sensors_task.o
    0x08008cb8   0x0000004e   Code   RO         7321    i.internal_err_pid  controller.o
    0x08008d06   0x0000002e   Code   RO         7377    i.judge_steady      utils.o
    0x08008d34   0x00000050   Code   RO         6906    i.led_init          led.o
    0x08008d84   0x0000004c   Code   RO         7069    i.mag_process       sensors_task.o
    0x08008dd0   0x000001a8   Code   RO         5563    i.main              main.o
    0x08008f78   0x0000000c   Code   RO         4257    i.makeFreeRtosPriority  cmsis_os.o
    0x08008f84   0x0000006c   Code   RO         7515    i.malloc            mc_w.l(malloc.o)
    0x08008ff0   0x00000014   Code   RO         7070    i.margAcquire       sensors_task.o
    0x08009004   0x00000014   Code   RO         6484    i.motionAccAcquire  data_link.o
    0x08009018   0x00000048   Code   RO         6570    i.motor_init        motor_pwm.o
    0x08009060   0x00000020   Code   RO         6571    i.motor_pwm_output  motor_pwm.o
    0x08009080   0x00000030   Code   RO         7071    i.mpu6000Callback   sensors_task.o
    0x080090b0   0x000001dc   Code   RO         6656    i.mpu6000_cfg       mpu6000_spi.o
    0x0800928c   0x0000002c   Code   RO         6657    i.mpu6000_dma_start  mpu6000_spi.o
    0x080092b8   0x00000010   Code   RO         6658    i.mpu_fast_init     mpu6000_spi.o
    0x080092c8   0x0000000e   Code   RO         4258    i.osDelay           cmsis_os.o
    0x080092d6   0x0000000a   Code   RO         4261    i.osKernelStart     cmsis_os.o
    0x080092e0   0x00000014   Code   RO         4290    i.osSystickHandler  cmsis_os.o
    0x080092f4   0x00000038   Code   RO         4291    i.osThreadCreate    cmsis_os.o
    0x0800932c   0x000000d4   Code   RO         7187    i.powerDistribution  motor_mixer.o
    0x08009400   0x00000034   Code   RO         3880    i.prvAddCurrentTaskToDelayedList  tasks.o
    0x08009434   0x00000054   Code   RO         3881    i.prvCheckTasksWaitingTermination  tasks.o
    0x08009488   0x00000026   Code   RO         4600    i.prvCopyDataFromQueue  queue.o
    0x080094ae   0x0000006e   Code   RO         4601    i.prvCopyDataToQueue  queue.o
    0x0800951c   0x0000004c   Code   RO         4195    i.prvHeapInit       heap_4.o
    0x08009568   0x00000028   Code   RO         3882    i.prvIdleTask       tasks.o
    0x08009590   0x0000004c   Code   RO         4196    i.prvInsertBlockIntoFreeList  heap_4.o
    0x080095dc   0x00000020   Code   RO         3884    i.prvResetNextTaskUnblockTime  tasks.o
    0x080095fc   0x00000028   Code   RO         4745    i.prvTaskExitError  port.o
    0x08009624   0x00000064   Code   RO         4602    i.prvUnlockQueue    queue.o
    0x08009688   0x000000d8   Code   RO         4197    i.pvPortMalloc      heap_4.o
    0x08009760   0x00000018   Code   RO         3886    i.pvTaskIncrementMutexHeldCount  tasks.o
    0x08009778   0x00000028   Code   RO         4746    i.pxPortInitialiseStack  port.o
    0x080097a0   0x000005ac   Code   RO         7223    i.quarternion_init  attitude_estimator.o
    0x08009d4c   0x00000044   Code   RO         6485    i.send_buffer       data_link.o
    0x08009d90   0x000000bc   Code   RO         7072    i.sensorsProcessTask  sensors_task.o
    0x08009e4c   0x00000088   Code   RO         7073    i.sensorsTaskInit   sensors_task.o
    0x08009ed4   0x00000034   Code   RO         7074    i.sensorsTrigerTask  sensors_task.o
    0x08009f08   0x000000bc   Code   RO         6987    i.stabilizerInit    stabilizer.o
    0x08009fc4   0x000001f0   Code   RO         6988    i.stabilizerInitTask  stabilizer.o
    0x0800a1b4   0x00000030   Code   RO         6989    i.stabilizerReady2Fly  stabilizer.o
    0x0800a1e4   0x000000bc   Code   RO         6990    i.stabilizerTask    stabilizer.o
    0x0800a2a0   0x0000015c   Code   RO         7323    i.stateController   controller.o
    0x0800a3fc   0x00000002   Code   RO         7224    i.stateEstimator    attitude_estimator.o
    0x0800a3fe   0x00000024   Code   RO         3798    i.uxListRemove      list.o
    0x0800a422   0x00000002   PAD
    0x0800a424   0x0000004c   Code   RO         6608    i.vAdcTask          battery.o
    0x0800a470   0x000000b4   Code   RO         6486    i.vDataReceiveTask  data_link.o
    0x0800a524   0x00000020   Code   RO         6487    i.vDataSendTask     data_link.o
    0x0800a544   0x00000012   Code   RO         6907    i.vLedTask          led.o
    0x0800a556   0x00000016   Code   RO         3799    i.vListInitialise   list.o
    0x0800a56c   0x00000006   Code   RO         3800    i.vListInitialiseItem  list.o
    0x0800a572   0x00000030   Code   RO         3801    i.vListInsert       list.o
    0x0800a5a2   0x00000018   Code   RO         3802    i.vListInsertEnd    list.o
    0x0800a5ba   0x00000002   PAD
    0x0800a5bc   0x00000040   Code   RO         4748    i.vPortEnterCritical  port.o
    0x0800a5fc   0x00000028   Code   RO         4749    i.vPortExitCritical  port.o
    0x0800a624   0x0000005c   Code   RO         4198    i.vPortFree         heap_4.o
    0x0800a680   0x00000020   Code   RO         4750    i.vPortSetupTimerInterrupt  port.o
    0x0800a6a0   0x00000054   Code   RO         4751    i.vPortValidateInterruptPriority  port.o
    0x0800a6f4   0x00000068   Code   RO         3894    i.vTaskDelay        tasks.o
    0x0800a75c   0x000000a8   Code   RO         3895    i.vTaskDelayUntil   tasks.o
    0x0800a804   0x000000a4   Code   RO         3896    i.vTaskDelete       tasks.o
    0x0800a8a8   0x0000000c   Code   RO         3898    i.vTaskMissedYield  tasks.o
    0x0800a8b4   0x00000064   Code   RO         3900    i.vTaskPlaceOnEventList  tasks.o
    0x0800a918   0x00000084   Code   RO         3902    i.vTaskPriorityInherit  tasks.o
    0x0800a99c   0x00000024   Code   RO         3906    i.vTaskSetTimeOutState  tasks.o
    0x0800a9c0   0x00000068   Code   RO         3907    i.vTaskStartScheduler  tasks.o
    0x0800aa28   0x00000010   Code   RO         3909    i.vTaskSuspendAll   tasks.o
    0x0800aa38   0x0000005c   Code   RO         3910    i.vTaskSwitchContext  tasks.o
    0x0800aa94   0x000000e0   Code   RO         4752    i.xPortStartScheduler  port.o
    0x0800ab74   0x0000002c   Code   RO         4753    i.xPortSysTickHandler  port.o
    0x0800aba0   0x00000064   Code   RO         4613    i.xQueueGenericCreate  queue.o
    0x0800ac04   0x0000016c   Code   RO         4614    i.xQueueGenericReceive  queue.o
    0x0800ad70   0x00000084   Code   RO         4615    i.xQueueGenericReset  queue.o
    0x0800adf4   0x00000160   Code   RO         4616    i.xQueueGenericSend  queue.o
    0x0800af54   0x0000009c   Code   RO         4618    i.xQueueGiveFromISR  queue.o
    0x0800aff0   0x0000006c   Code   RO         3911    i.xTaskCheckForTimeOut  tasks.o
    0x0800b05c   0x000001bc   Code   RO         3912    i.xTaskGenericCreate  tasks.o
    0x0800b218   0x0000001c   Code   RO         3916    i.xTaskGetSchedulerState  tasks.o
    0x0800b234   0x0000000c   Code   RO         3917    i.xTaskGetTickCount  tasks.o
    0x0800b240   0x000000cc   Code   RO         3919    i.xTaskIncrementTick  tasks.o
    0x0800b30c   0x00000098   Code   RO         3922    i.xTaskPriorityDisinherit  tasks.o
    0x0800b3a4   0x00000074   Code   RO         3923    i.xTaskRemoveFromEventList  tasks.o
    0x0800b418   0x000000c4   Code   RO         3925    i.xTaskResumeAll    tasks.o
    0x0800b4dc   0x00000010   Data   RO         1262    .constdata          stm32f4xx_hal_rcc.o
    0x0800b4ec   0x00000008   Data   RO         1607    .constdata          stm32f4xx_hal_dma.o
    0x0800b4f4   0x00000014   Data   RO         5572    .constdata          main.o
    0x0800b508   0x00000008   Data   RO         7188    .constdata          motor_mixer.o
    0x0800b510   0x00000040   Data   RO         7324    .constdata          controller.o
    0x0800b550   0x00000098   Data   RO         7555    .constdata          m_wm.l(atan.o)
    0x0800b5e8   0x00000030   Data   RO         7567    .constdata          m_wm.l(cos_i.o)
    0x0800b618   0x00000008   Data   RO         7593    .constdata          m_wm.l(qnan.o)
    0x0800b620   0x000000c8   Data   RO         7596    .constdata          m_wm.l(rred.o)
    0x0800b6e8   0x00000028   Data   RO         7600    .constdata          m_wm.l(sin_i.o)
    0x0800b710   0x00000060   Data   RO         7606    .constdata          m_wm.l(tan_i.o)
    0x0800b770   0x0000000c   Data   RO         5573    .conststring        main.o
    0x0800b77c   0x00000020   Data   RO         7659    Region$$Table       anon$$obj.o


    Execution Region RW_IRAM1 (Base: 0x20000000, Size: 0x000055f0, Max: 0x00020000, ABSOLUTE, COMPRESSED[0x000000fc])

    Base Addr    Size         Type   Attr      Idx    E Section Name        Object

    0x20000000   0x00000004   Data   RW         3245    .data               stm32f4xx_hal.o
    0x20000004   0x00000038   Data   RW         3928    .data               tasks.o
    0x2000003c   0x00000018   Data   RW         4203    .data               heap_4.o
    0x20000054   0x0000000c   Data   RW         4754    .data               port.o
    0x20000060   0x00000001   Data   RW         5113    .data               usbd_ctlreq.o
    0x20000061   0x00000003   PAD
    0x20000064   0x000000db   Data   RW         5185    .data               usbd_cdc.o
    0x2000013f   0x00000001   PAD
    0x20000140   0x00000038   Data   RW         5186    .data               usbd_cdc.o
    0x20000178   0x0000001c   Data   RW         5288    .data               usbd_desc.o
    0x20000194   0x00000016   Data   RW         5289    .data               usbd_desc.o
    0x200001aa   0x00000002   PAD
    0x200001ac   0x0000000c   Data   RW         5574    .data               main.o
    0x200001b8   0x00000010   Data   RW         5761    .data               usbd_cdc_if.o
    0x200001c8   0x00000008   Data   RW         5762    .data               usbd_cdc_if.o
    0x200001d0   0x00000004   Data   RW         6121    .data               system_stm32f4xx.o
    0x200001d4   0x00000032   Data   RW         6489    .data               data_link.o
    0x20000206   0x00000002   PAD
    0x20000208   0x00000008   Data   RW         6609    .data               battery.o
    0x20000210   0x0000000f   Data   RW         6659    .data               mpu6000_spi.o
    0x2000021f   0x00000001   PAD
    0x20000220   0x00000002   Data   RW         6760    .data               receiver_ppm.o
    0x20000222   0x00000002   PAD
    0x20000224   0x00000036   Data   RW         7076    .data               sensors_task.o
    0x2000025a   0x00000002   Data   RW         7189    .data               motor_mixer.o
    0x2000025c   0x0000006c   Data   RW         7325    .data               controller.o
    0x200002c8   0x00000004   Data   RW         7629    .data               mc_w.l(mvars.o)
    0x200002cc   0x00000004   Data   RW         7630    .data               mc_w.l(mvars.o)
    0x200002d0   0x00000004   Data   RW         7634    .data               mc_w.l(errno.o)
    0x200002d4   0x000000f0   Zero   RW         3927    .bss                tasks.o
    0x200003c4   0x00003c00   Zero   RW         4202    .bss                heap_4.o
    0x20003fc4   0x00000200   Zero   RW         5287    .bss                usbd_desc.o
    0x200041c4   0x000002bc   Zero   RW         5564    .bss                main.o
    0x20004480   0x00000060   Zero   RW         5565    .bss                main.o
    0x200044e0   0x00000060   Zero   RW         5566    .bss                main.o
    0x20004540   0x00000060   Zero   RW         5567    .bss                main.o
    0x200045a0   0x00000060   Zero   RW         5568    .bss                main.o
    0x20004600   0x00000060   Zero   RW         5569    .bss                main.o
    0x20004660   0x00000060   Zero   RW         5570    .bss                main.o
    0x200046c0   0x00000060   Zero   RW         5571    .bss                main.o
    0x20004720   0x0000003c   Zero   RW         5681    .bss                stm32f4xx_hal_timebase_tim.o
    0x2000475c   0x00000224   Zero   RW         5719    .bss                usb_device.o
    0x20004980   0x000003b8   Zero   RW         5957    .bss                usbd_conf.o
    0x20004d38   0x00000132   Zero   RW         6488    .bss                data_link.o
    0x20004e6a   0x00000012   Zero   RW         6759    .bss                receiver_ppm.o
    0x20004e7c   0x000000dc   Zero   RW         6992    .bss                stabilizer.o
    0x20004f58   0x00000098   Zero   RW         7075    .bss                sensors_task.o
    0x20004ff0   0x00000200   Zero   RW         6470    HEAP                startup_stm32f405xx.o
    0x200051f0   0x00000400   Zero   RW         6469    STACK               startup_stm32f405xx.o


==============================================================================

Image component sizes


      Code (inc. data)   RO Data    RW Data    ZI Data      Debug   Object Name

       220          4          0          0          0      15443   arm_mat_mult_f32.o
       100          0          0          0          0       1432   arm_mat_scale_f32.o
       124          0          0          0          0       1542   arm_mat_sub_f32.o
       122          0          0          0          0       1544   arm_mat_trans_f32.o
       200          4          0          0          0      14458   arm_std_f32.o
      1538         26          0          0          0       3203   attitude_estimator.o
       204         36          0          8          0       3047   battery.o
       112          0          0          0          0      16344   cmsis_os.o
       448         10         64        108          0      16870   controller.o
       612         88          0         50        306       7452   data_link.o
       460         24          0         24      15360       7407   heap_4.o
       110         12          0          0          0       2800   hmc5883l_i2c.o
        98         16          0          0          0       1975   led.o
       136          0          0          0          0      12498   list.o
       418         28          0          0          0       2446   low_pass_filter.o
      1506        132         32         12       1372       9012   main.o
       312         18          8          2          0       2175   motor_mixer.o
       104         12          0          0          0       1108   motor_pwm.o
       560         66          0         15          0       3622   mpu6000_spi.o
       754         84          0         12          0       9553   port.o
      1352         16          0          0          0      11298   queue.o
       128         16          0          2         18       2458   receiver_ppm.o
       852        120          0         54        152      10264   sensors_task.o
       920         76          0          0        220       6825   stabilizer.o
        36          8        392          0       1536        828   startup_stm32f405xx.o
       102         16          0          4          0       3720   stm32f4xx_hal.o
      1084         36          0          0          0       5877   stm32f4xx_hal_adc.o
       218         14          0          0          0      31245   stm32f4xx_hal_cortex.o
        38          0          0          0          0       1099   stm32f4xx_hal_crc.o
      1094         22          8          0          0       7586   stm32f4xx_hal_dma.o
       478         50          0          0          0     338995   stm32f4xx_hal_gpio.o
      4774         84          0          0          0      31347   stm32f4xx_hal_i2c.o
      1304        170          0          0          0       7191   stm32f4xx_hal_msp.o
      2200         72          0          0          0      11797   stm32f4xx_hal_pcd.o
        76          0          0          0          0       1920   stm32f4xx_hal_pcd_ex.o
      1404         86         16          0          0       6776   stm32f4xx_hal_rcc.o
      1498         26          0          0          0      12929   stm32f4xx_hal_spi.o
      2358        116          0          0          0      21353   stm32f4xx_hal_tim.o
        84          0          0          0          0       2510   stm32f4xx_hal_tim_ex.o
       116         16          0          0         60       1520   stm32f4xx_hal_timebase_tim.o
      1924         40          0          0          0      15105   stm32f4xx_hal_uart.o
       268        100          0          0          0      16452   stm32f4xx_it.o
      2326         52          0          0          0      20912   stm32f4xx_ll_usb.o
        84         18          0          4          0       1417   system_stm32f4xx.o
      2420        202          0         56        240      32380   tasks.o
         0          0          0          0          0       8828   timers.o
        56         18          0          0        548       2463   usb_device.o
       542         22          0        275          0      12740   usbd_cdc.o
        68         14          0         24          0       2762   usbd_cdc_if.o
       558         18          0          0        952      14354   usbd_conf.o
       626          0          0          0          0      16830   usbd_core.o
       986         30          0          1          0       8204   usbd_ctlreq.o
       212        116          0         50        512       5363   usbd_desc.o
       132          0          0          0          0       4676   usbd_ioreq.o
        46          0          0          0          0        819   utils.o
       412          6          0          0          0       6869   xbee_api.o

    ----------------------------------------------------------------------
     38982       2140        552        712      21276     821643   Object Totals
         0          0         32          0          0          0   (incl. Generated)
        68          0          0         11          0          0   (incl. Padding)

    ----------------------------------------------------------------------

      Code (inc. data)   RO Data    RW Data    ZI Data      Debug   Library Member Name

       744        106        152          0          0        352   atan.o
       496         64          0          0          0        192   atan2.o
       200         20          0          0          0        164   cos.o
       368         46         48          0          0        200   cos_i.o
       104         16          0          0          0        496   dunder.o
        24          0          0          0          0        124   fabs.o
        48          0          0          0          0        124   fpclassify.o
       248          0          0          0          0        152   poly.o
         0          0          8          0          0          0   qnan.o
      1080        142        200          0          0        188   rred.o
       200         20          0          0          0        164   sin.o
       304         24         40          0          0        208   sin_i.o
       122          0          0          0          0        148   sqrt.o
       128         20          0          0          0        144   tan.o
       848         84         96          0          0        196   tan_i.o
        86          0          0          0          0          0   __dczerorl2.o
         0          0          0          0          0          0   entry.o
         0          0          0          0          0          0   entry10a.o
         0          0          0          0          0          0   entry11a.o
         8          4          0          0          0          0   entry2.o
         4          0          0          0          0          0   entry5.o
         0          0          0          0          0          0   entry7b.o
         0          0          0          0          0          0   entry8b.o
         8          4          0          0          0          0   entry9a.o
        12          6          0          4          0         68   errno.o
        30          0          0          0          0          0   handlers.o
        36          8          0          0          0         68   init.o
         0          0          0          0          0          0   iusefp.o
        30          0          0          0          0         68   llshl.o
        36          0          0          0          0         68   llsshr.o
        32          0          0          0          0         68   llushr.o
       188         20          0          0          0        160   malloc.o
        36          0          0          0          0         68   memcpya.o
        36          0          0          0          0        108   memseta.o
         0          0          0          8          0          0   mvars.o
        56          0          0          0          0         88   d2f.o
       334          0          0          0          0        148   dadd.o
       222          0          0          0          0        100   ddiv.o
       186          0          0          0          0        176   depilogue.o
        62          0          0          0          0         80   dfixi.o
        34          0          0          0          0         76   dflti.o
        26          0          0          0          0         76   dfltui.o
       228          0          0          0          0         96   dmul.o
       162          0          0          0          0        100   dsqrt.o
        38          0          0          0          0         68   f2d.o
       110          0          0          0          0        168   fepilogue.o

    ----------------------------------------------------------------------
      6926        584        544         12          0       4704   Library Totals
        12          0          0          0          0          0   (incl. Padding)

    ----------------------------------------------------------------------

      Code (inc. data)   RO Data    RW Data    ZI Data      Debug   Library Name

      4914        542        544          0          0       2852   m_wm.l
       542         42          0         12          0        676   mc_w.l
      1458          0          0          0          0       1176   mf_w.l

    ----------------------------------------------------------------------
      6926        584        544         12          0       4704   Library Totals

    ----------------------------------------------------------------------

==============================================================================


      Code (inc. data)   RO Data    RW Data    ZI Data      Debug   

     45908       2724       1096        724      21276     782747   Grand Totals
     45908       2724       1096        252      21276     782747   ELF Image Totals (compressed)
     45908       2724       1096        252          0          0   ROM Totals

==============================================================================

    Total RO  Size (Code + RO Data)                47004 (  45.90kB)
    Total RW  Size (RW Data + ZI Data)             22000 (  21.48kB)
    Total ROM Size (Code + RO Data + RW Data)      47256 (  46.15kB)

==============================================================================

