<html>
<body>
<pre>
<h1>µVision Build Log</h1>
<h2>Tool Versions:</h2>
IDE-Version: ¦ÌVision V5.16a
Copyright (C) 2015 ARM Ltd and ARM Germany GmbH. All rights reserved.
License Information: Walt Yeh, SJTU, LIC=0VR8T-RZKPV-WI35K-ZEUWB-8AHN4-S5DS4
 
Tool Versions:
Toolchain:       MDK-ARM Professional  Version: 5.16a
Toolchain Path:  F:\SoftwareOrdner\Keil5\installed\ARM\ARMCC\Bin
C Compiler:      Armcc.exe V5.06 (build 20)
Assembler:       Armasm.exe V5.06 (build 20)
Linker/Locator:  ArmLink.exe V5.06 (build 20)
Library Manager: ArmAr.exe V5.06 (build 20)
Hex Converter:   FromElf.exe V5.06 (build 20)
CPU DLL:         SARMCM3.DLL V5.16a
Dialog DLL:      DCM.DLL V1.13.2.0
Target DLL:      Segger\JL2CM3.dll V2.99.15.2
Dialog DLL:      TCM.DLL V1.14.5.0
 
<h2>Project:</h2>
F:\HauptOrdner\dasLaaboratorium\STM_AutoPilot\STM32\STMGenerated\Swarm\MDK-ARM\AutoPilot.uvprojx
Project File Date:  01/22/2017

<h2>Output:</h2>
*** Using Compiler 'V5.06 (build 20)', folder: 'F:\SoftwareOrdner\Keil5\installed\ARM\ARMCC\Bin'
Rebuild target 'AutoPilot'
compiling stm32f4xx_hal_gpio.c...
compiling stm32f4xx_hal_cortex.c...
compiling stm32f4xx_hal_uart.c...
compiling stm32f4xx_hal_flash.c...
compiling stm32f4xx_ll_usb.c...
compiling stm32f4xx_hal_spi.c...
compiling stm32f4xx_hal_rcc.c...
compiling stm32f4xx_hal_tim_ex.c...
compiling stm32f4xx_hal_dma.c...
compiling stm32f4xx_hal_pwr_ex.c...
compiling stm32f4xx_hal_i2c_ex.c...
compiling stm32f4xx_hal_pcd_ex.c...
compiling stm32f4xx_hal_flash_ex.c...
compiling stm32f4xx_hal_pwr.c...
compiling stm32f4xx_hal_pcd.c...
compiling stm32f4xx_hal.c...
compiling stm32f4xx_hal_tim.c...
compiling stm32f4xx_hal_i2c.c...
compiling stm32f4xx_hal_adc.c...
compiling stm32f4xx_hal_rcc_ex.c...
compiling stm32f4xx_hal_dma_ex.c...
compiling stm32f4xx_hal_flash_ramfunc.c...
compiling list.c...
compiling timers.c...
compiling stm32f4xx_hal_adc_ex.c...
compiling stm32f4xx_hal_crc.c...
compiling croutine.c...
compiling heap_4.c...
compiling tasks.c...
compiling queue.c...
compiling cmsis_os.c...
compiling event_groups.c...
compiling port.c...
compiling usbd_ioreq.c...
compiling usbd_core.c...
compiling usbd_ctlreq.c...
compiling usbd_cdc.c...
compiling usbd_desc.c...
compiling stm32f4xx_it.c...
compiling stm32f4xx_hal_timebase_TIM.c...
compiling usb_device.c...
compiling main.c...
compiling freertos.c...
compiling usbd_cdc_if.c...
compiling stm32f4xx_hal_msp.c...
compiling usbd_conf.c...
compiling arm_mat_mult_f32.c...
compiling arm_mat_scale_f32.c...
compiling system_stm32f4xx.c...
compiling arm_mat_trans_f32.c...
compiling arm_mat_sub_f32.c...
compiling arm_std_f32.c...
compiling arm_sin_f32.c...
compiling arm_cos_f32.c...
assembling startup_stm32f405xx.s...
compiling arm_const_structs.c...
compiling arm_common_tables.c...
compiling motor_pwm.c...
compiling battery.c...
compiling data_link.c...
compiling ms5611_i2c.c...
compiling xbee_api.c...
compiling mpu6000_spi.c...
compiling hmc5883l_i2c.c...
compiling led.c...
compiling rom.c...
compiling callbacks.c...
compiling stabilizer.c...
compiling system.c...
compiling receiver.c...
compiling motor_mixer.c...
compiling sensors_task.c...
compiling commander.c...
compiling attitude_estimator.c...
compiling controller.c...
compiling situation_awareness.c...
compiling low_pass_filter.c...
compiling calibration_lib.c...
compiling pid_methods.c...
compiling type_methods.c...
compiling sensors_calibration.c...
compiling task_manager.c...
linking...
Program Size: Code=67288 RO-data=217988 RW-data=736 ZI-data=24344  
"AutoPilot\AutoPilot.axf" - 0 Error(s), 0 Warning(s).

<h2>Software Packages used:</h2>

Package Vendor: ARM
                http://www.keil.com/pack/ARM.CMSIS.4.3.0.pack
                ARM::CMSIS:CORE:4.1.0
                CMSIS (Cortex Microcontroller Software Interface Standard)
   * Component: CORE Version: 4.1.0

<h2>Collection of Component include folders:</h2>
  F:\HauptOrdner\dasLaaboratorium\STM_AutoPilot\STM32\STMGenerated\Swarm\MDK-ARM\RTE
  F:\SoftwareOrdner\Keil5\installed\ARM\PACK\ARM\CMSIS\4.3.0\CMSIS\Include
  F:\SoftwareOrdner\Keil5\installed\ARM\PACK\STM32F4xx\Drivers\CMSIS\Device\ST\STM32F4xx\Include

<h2>Collection of Component Files used:</h2>

   * Component: ARM::CMSIS:CORE:4.1.0
Build Time Elapsed:  00:00:40
</pre>
</body>
</html>
