Component: ARM Compiler 5.06 (build 20) Tool: armlink [4d35a3]

==============================================================================

Section Cross References

    stm32f4xx_hal_gpio.o(i.HAL_GPIO_EXTI_IRQHandler) refers to stm32f4xx_hal_gpio.o(i.HAL_GPIO_EXTI_Callback) for HAL_GPIO_EXTI_Callback
    stm32f4xx_hal_cortex.o(i.HAL_NVIC_SetPriority) refers to stm32f4xx_hal_cortex.o(i.NVIC_SetPriority) for NVIC_SetPriority
    stm32f4xx_hal_cortex.o(i.HAL_SYSTICK_Config) refers to stm32f4xx_hal_cortex.o(i.NVIC_SetPriority) for NVIC_SetPriority
    stm32f4xx_hal_cortex.o(i.HAL_SYSTICK_IRQHandler) refers to stm32f4xx_hal_cortex.o(i.HAL_SYSTICK_Callback) for HAL_SYSTICK_Callback
    stm32f4xx_hal_uart.o(i.HAL_HalfDuplex_Init) refers to stm32f4xx_hal_msp.o(i.HAL_UART_MspInit) for HAL_UART_MspInit
    stm32f4xx_hal_uart.o(i.HAL_HalfDuplex_Init) refers to stm32f4xx_hal_uart.o(i.UART_SetConfig) for UART_SetConfig
    stm32f4xx_hal_uart.o(i.HAL_LIN_Init) refers to stm32f4xx_hal_msp.o(i.HAL_UART_MspInit) for HAL_UART_MspInit
    stm32f4xx_hal_uart.o(i.HAL_LIN_Init) refers to stm32f4xx_hal_uart.o(i.UART_SetConfig) for UART_SetConfig
    stm32f4xx_hal_uart.o(i.HAL_MultiProcessor_Init) refers to stm32f4xx_hal_msp.o(i.HAL_UART_MspInit) for HAL_UART_MspInit
    stm32f4xx_hal_uart.o(i.HAL_MultiProcessor_Init) refers to stm32f4xx_hal_uart.o(i.UART_SetConfig) for UART_SetConfig
    stm32f4xx_hal_uart.o(i.HAL_UART_DMAStop) refers to stm32f4xx_hal_dma.o(i.HAL_DMA_Abort) for HAL_DMA_Abort
    stm32f4xx_hal_uart.o(i.HAL_UART_DMAStop) refers to stm32f4xx_hal_uart.o(i.UART_EndTxTransfer) for UART_EndTxTransfer
    stm32f4xx_hal_uart.o(i.HAL_UART_DMAStop) refers to stm32f4xx_hal_uart.o(i.UART_EndRxTransfer) for UART_EndRxTransfer
    stm32f4xx_hal_uart.o(i.HAL_UART_DeInit) refers to stm32f4xx_hal_msp.o(i.HAL_UART_MspDeInit) for HAL_UART_MspDeInit
    stm32f4xx_hal_uart.o(i.HAL_UART_IRQHandler) refers to stm32f4xx_hal_uart.o(i.UART_Receive_IT) for UART_Receive_IT
    stm32f4xx_hal_uart.o(i.HAL_UART_IRQHandler) refers to stm32f4xx_hal_uart.o(i.UART_EndRxTransfer) for UART_EndRxTransfer
    stm32f4xx_hal_uart.o(i.HAL_UART_IRQHandler) refers to stm32f4xx_hal_dma.o(i.HAL_DMA_Abort_IT) for HAL_DMA_Abort_IT
    stm32f4xx_hal_uart.o(i.HAL_UART_IRQHandler) refers to stm32f4xx_hal_uart.o(i.HAL_UART_ErrorCallback) for HAL_UART_ErrorCallback
    stm32f4xx_hal_uart.o(i.HAL_UART_IRQHandler) refers to stm32f4xx_hal_uart.o(i.UART_Transmit_IT) for UART_Transmit_IT
    stm32f4xx_hal_uart.o(i.HAL_UART_IRQHandler) refers to stm32f4xx_hal_uart.o(i.HAL_UART_TxCpltCallback) for HAL_UART_TxCpltCallback
    stm32f4xx_hal_uart.o(i.HAL_UART_IRQHandler) refers to stm32f4xx_hal_uart.o(i.UART_DMAAbortOnError) for UART_DMAAbortOnError
    stm32f4xx_hal_uart.o(i.HAL_UART_Init) refers to stm32f4xx_hal_msp.o(i.HAL_UART_MspInit) for HAL_UART_MspInit
    stm32f4xx_hal_uart.o(i.HAL_UART_Init) refers to stm32f4xx_hal_uart.o(i.UART_SetConfig) for UART_SetConfig
    stm32f4xx_hal_uart.o(i.HAL_UART_Receive) refers to stm32f4xx_hal.o(i.HAL_GetTick) for HAL_GetTick
    stm32f4xx_hal_uart.o(i.HAL_UART_Receive) refers to stm32f4xx_hal_uart.o(i.UART_WaitOnFlagUntilTimeout) for UART_WaitOnFlagUntilTimeout
    stm32f4xx_hal_uart.o(i.HAL_UART_Receive_DMA) refers to stm32f4xx_hal_dma.o(i.HAL_DMA_Start_IT) for HAL_DMA_Start_IT
    stm32f4xx_hal_uart.o(i.HAL_UART_Receive_DMA) refers to stm32f4xx_hal_uart.o(i.UART_DMAReceiveCplt) for UART_DMAReceiveCplt
    stm32f4xx_hal_uart.o(i.HAL_UART_Receive_DMA) refers to stm32f4xx_hal_uart.o(i.UART_DMARxHalfCplt) for UART_DMARxHalfCplt
    stm32f4xx_hal_uart.o(i.HAL_UART_Receive_DMA) refers to stm32f4xx_hal_uart.o(i.UART_DMAError) for UART_DMAError
    stm32f4xx_hal_uart.o(i.HAL_UART_Transmit) refers to stm32f4xx_hal.o(i.HAL_GetTick) for HAL_GetTick
    stm32f4xx_hal_uart.o(i.HAL_UART_Transmit) refers to stm32f4xx_hal_uart.o(i.UART_WaitOnFlagUntilTimeout) for UART_WaitOnFlagUntilTimeout
    stm32f4xx_hal_uart.o(i.HAL_UART_Transmit_DMA) refers to stm32f4xx_hal_dma.o(i.HAL_DMA_Start_IT) for HAL_DMA_Start_IT
    stm32f4xx_hal_uart.o(i.HAL_UART_Transmit_DMA) refers to stm32f4xx_hal_uart.o(i.UART_DMATransmitCplt) for UART_DMATransmitCplt
    stm32f4xx_hal_uart.o(i.HAL_UART_Transmit_DMA) refers to stm32f4xx_hal_uart.o(i.UART_DMATxHalfCplt) for UART_DMATxHalfCplt
    stm32f4xx_hal_uart.o(i.HAL_UART_Transmit_DMA) refers to stm32f4xx_hal_uart.o(i.UART_DMAError) for UART_DMAError
    stm32f4xx_hal_uart.o(i.UART_DMAAbortOnError) refers to stm32f4xx_hal_uart.o(i.HAL_UART_ErrorCallback) for HAL_UART_ErrorCallback
    stm32f4xx_hal_uart.o(i.UART_DMAError) refers to stm32f4xx_hal_uart.o(i.UART_EndTxTransfer) for UART_EndTxTransfer
    stm32f4xx_hal_uart.o(i.UART_DMAError) refers to stm32f4xx_hal_uart.o(i.UART_EndRxTransfer) for UART_EndRxTransfer
    stm32f4xx_hal_uart.o(i.UART_DMAError) refers to stm32f4xx_hal_uart.o(i.HAL_UART_ErrorCallback) for HAL_UART_ErrorCallback
[...]
    HAL_NVIC_SetPriorityGrouping             0x08001f69   Thumb Code    26  stm32f4xx_hal_cortex.o(i.HAL_NVIC_SetPriorityGrouping)
    HAL_PCDEx_SetRxFiFo                      0x08001f8d   Thumb Code     8  stm32f4xx_hal_pcd_ex.o(i.HAL_PCDEx_SetRxFiFo)
    HAL_PCDEx_SetTxFiFo                      0x08001f95   Thumb Code    68  stm32f4xx_hal_pcd_ex.o(i.HAL_PCDEx_SetTxFiFo)
    HAL_PCD_ConnectCallback                  0x08001fd9   Thumb Code     8  usbd_conf.o(i.HAL_PCD_ConnectCallback)
    HAL_PCD_DataInStageCallback              0x08001fe1   Thumb Code    18  usbd_conf.o(i.HAL_PCD_DataInStageCallback)
    HAL_PCD_DataOutStageCallback             0x08001ff3   Thumb Code    20  usbd_conf.o(i.HAL_PCD_DataOutStageCallback)
    HAL_PCD_DisconnectCallback               0x08002007   Thumb Code     8  usbd_conf.o(i.HAL_PCD_DisconnectCallback)
    HAL_PCD_EP_Close                         0x0800200f   Thumb Code    68  stm32f4xx_hal_pcd.o(i.HAL_PCD_EP_Close)
    HAL_PCD_EP_ClrStall                      0x08002053   Thumb Code    80  stm32f4xx_hal_pcd.o(i.HAL_PCD_EP_ClrStall)
    HAL_PCD_EP_GetRxCount                    0x080020a3   Thumb Code    20  stm32f4xx_hal_pcd.o(i.HAL_PCD_EP_GetRxCount)
    HAL_PCD_EP_Open                          0x080020b7   Thumb Code    84  stm32f4xx_hal_pcd.o(i.HAL_PCD_EP_Open)
    HAL_PCD_EP_Receive                       0x0800210d   Thumb Code    94  stm32f4xx_hal_pcd.o(i.HAL_PCD_EP_Receive)
    HAL_PCD_EP_SetStall                      0x0800216b   Thumb Code    96  stm32f4xx_hal_pcd.o(i.HAL_PCD_EP_SetStall)
    HAL_PCD_EP_Transmit                      0x080021cb   Thumb Code    86  stm32f4xx_hal_pcd.o(i.HAL_PCD_EP_Transmit)
    HAL_PCD_IRQHandler                       0x08002221   Thumb Code  1196  stm32f4xx_hal_pcd.o(i.HAL_PCD_IRQHandler)
    HAL_PCD_ISOINIncompleteCallback          0x08002715   Thumb Code     8  usbd_conf.o(i.HAL_PCD_ISOINIncompleteCallback)
    HAL_PCD_ISOOUTIncompleteCallback         0x0800271d   Thumb Code     8  usbd_conf.o(i.HAL_PCD_ISOOUTIncompleteCallback)
    HAL_PCD_Init                             0x08002725   Thumb Code   190  stm32f4xx_hal_pcd.o(i.HAL_PCD_Init)
    HAL_PCD_MspInit                          0x080027e5   Thumb Code   112  usbd_conf.o(i.HAL_PCD_MspInit)
    HAL_PCD_ResetCallback                    0x0800285d   Thumb Code    32  usbd_conf.o(i.HAL_PCD_ResetCallback)
    HAL_PCD_ResumeCallback                   0x0800287d   Thumb Code     8  usbd_conf.o(i.HAL_PCD_ResumeCallback)
    HAL_PCD_SOFCallback                      0x08002885   Thumb Code     8  usbd_conf.o(i.HAL_PCD_SOFCallback)
    HAL_PCD_SetAddress                       0x0800288d   Thumb Code    36  stm32f4xx_hal_pcd.o(i.HAL_PCD_SetAddress)
    HAL_PCD_SetupStageCallback               0x080028b1   Thumb Code    14  usbd_conf.o(i.HAL_PCD_SetupStageCallback)
    HAL_PCD_Start                            0x080028bf   Thumb Code    42  stm32f4xx_hal_pcd.o(i.HAL_PCD_Start)
    HAL_PCD_SuspendCallback                  0x080028e9   Thumb Code    44  usbd_conf.o(i.HAL_PCD_SuspendCallback)
    HAL_RCC_ClockConfig                      0x08002919   Thumb Code   364  stm32f4xx_hal_rcc.o(i.HAL_RCC_ClockConfig)
    HAL_RCC_GetClockConfig                   0x08002a95   Thumb Code    54  stm32f4xx_hal_rcc.o(i.HAL_RCC_GetClockConfig)
    HAL_RCC_GetHCLKFreq                      0x08002ad5   Thumb Code     6  stm32f4xx_hal_rcc.o(i.HAL_RCC_GetHCLKFreq)
    HAL_RCC_GetPCLK1Freq                     0x08002ae1   Thumb Code    34  stm32f4xx_hal_rcc.o(i.HAL_RCC_GetPCLK1Freq)
    HAL_RCC_GetPCLK2Freq                     0x08002b11   Thumb Code    34  stm32f4xx_hal_rcc.o(i.HAL_RCC_GetPCLK2Freq)
    HAL_RCC_GetSysClockFreq                  0x08002b41   Thumb Code   104  stm32f4xx_hal_rcc.o(i.HAL_RCC_GetSysClockFreq)
    HAL_RCC_OscConfig                        0x08002bb1   Thumb Code   722  stm32f4xx_hal_rcc.o(i.HAL_RCC_OscConfig)
    HAL_SPI_ErrorCallback                    0x08002e95   Thumb Code     2  stm32f4xx_hal_spi.o(i.HAL_SPI_ErrorCallback)
    HAL_SPI_IRQHandler                       0x08002e99   Thumb Code   208  stm32f4xx_hal_spi.o(i.HAL_SPI_IRQHandler)
    HAL_SPI_Init                             0x08002f6d   Thumb Code   128  stm32f4xx_hal_spi.o(i.HAL_SPI_Init)
    HAL_SPI_MspInit                          0x08002fed   Thumb Code   180  stm32f4xx_hal_msp.o(i.HAL_SPI_MspInit)
    HAL_SPI_RxCpltCallback                   0x080030b9   Thumb Code     2  stm32f4xx_hal_spi.o(i.HAL_SPI_RxCpltCallback)
    HAL_SPI_RxHalfCpltCallback               0x080030bb   Thumb Code     2  stm32f4xx_hal_spi.o(i.HAL_SPI_RxHalfCpltCallback)
    HAL_SPI_TransmitReceive                  0x080030bd   Thumb Code   472  stm32f4xx_hal_spi.o(i.HAL_SPI_TransmitReceive)
    HAL_SPI_TransmitReceive_DMA              0x08003295   Thumb Code   242  stm32f4xx_hal_spi.o(i.HAL_SPI_TransmitReceive_DMA)
    HAL_SPI_TxRxCpltCallback                 0x0800339d   Thumb Code    20  mpu6000_spi.o(i.HAL_SPI_TxRxCpltCallback)
    HAL_SPI_TxRxHalfCpltCallback             0x080033b5   Thumb Code     2  stm32f4xx_hal_spi.o(i.HAL_SPI_TxRxHalfCpltCallback)
    HAL_SYSTICK_CLKSourceConfig              0x080033b7   Thumb Code    24  stm32f4xx_hal_cortex.o(i.HAL_SYSTICK_CLKSourceConfig)
    HAL_SYSTICK_Config                       0x080033cf   Thumb Code    40  stm32f4xx_hal_cortex.o(i.HAL_SYSTICK_Config)
    HAL_TIMEx_BreakCallback                  0x080033f7   Thumb Code     2  stm32f4xx_hal_tim_ex.o(i.HAL_TIMEx_BreakCallback)
    HAL_TIMEx_CommutationCallback            0x080033f9   Thumb Code     2  stm32f4xx_hal_tim_ex.o(i.HAL_TIMEx_CommutationCallback)
    HAL_TIMEx_MasterConfigSynchronization    0x080033fb   Thumb Code    80  stm32f4xx_hal_tim_ex.o(i.HAL_TIMEx_MasterConfigSynchronization)
    HAL_TIM_Base_Init                        0x0800344b   Thumb Code    54  stm32f4xx_hal_tim.o(i.HAL_TIM_Base_Init)
    HAL_TIM_Base_MspInit                     0x08003481   Thumb Code   118  stm32f4xx_hal_msp.o(i.HAL_TIM_Base_MspInit)
    HAL_TIM_Base_Start_IT                    0x08003509   Thumb Code    24  stm32f4xx_hal_tim.o(i.HAL_TIM_Base_Start_IT)
    HAL_TIM_ConfigClockSource                0x08003521   Thumb Code   242  stm32f4xx_hal_tim.o(i.HAL_TIM_ConfigClockSource)
    HAL_TIM_IC_CaptureCallback               0x08003615   Thumb Code    36  receiver_ppm.o(i.HAL_TIM_IC_CaptureCallback)
    HAL_TIM_IC_ConfigChannel                 0x0800363d   Thumb Code   286  stm32f4xx_hal_tim.o(i.HAL_TIM_IC_ConfigChannel)
    HAL_TIM_IC_Init                          0x0800375b   Thumb Code    54  stm32f4xx_hal_tim.o(i.HAL_TIM_IC_Init)
    HAL_TIM_IC_MspInit                       0x08003791   Thumb Code     2  stm32f4xx_hal_tim.o(i.HAL_TIM_IC_MspInit)
    HAL_TIM_IC_Start_IT                      0x08003793   Thumb Code    76  stm32f4xx_hal_tim.o(i.HAL_TIM_IC_Start_IT)
    HAL_TIM_IRQHandler                       0x080037df   Thumb Code   358  stm32f4xx_hal_tim.o(i.HAL_TIM_IRQHandler)
    HAL_TIM_MspPostInit                      0x08003945   Thumb Code    56  stm32f4xx_hal_msp.o(i.HAL_TIM_MspPostInit)
    HAL_TIM_OC_DelayElapsedCallback          0x08003989   Thumb Code     2  stm32f4xx_hal_tim.o(i.HAL_TIM_OC_DelayElapsedCallback)
    HAL_TIM_PWM_ConfigChannel                0x0800398b   Thumb Code   208  stm32f4xx_hal_tim.o(i.HAL_TIM_PWM_ConfigChannel)
    HAL_TIM_PWM_Init                         0x08003a5b   Thumb Code    54  stm32f4xx_hal_tim.o(i.HAL_TIM_PWM_Init)
    HAL_TIM_PWM_MspInit                      0x08003a91   Thumb Code    30  stm32f4xx_hal_msp.o(i.HAL_TIM_PWM_MspInit)
    HAL_TIM_PWM_PulseFinishedCallback        0x08003ab9   Thumb Code     2  stm32f4xx_hal_tim.o(i.HAL_TIM_PWM_PulseFinishedCallback)
    HAL_TIM_PWM_Start                        0x08003abd   Thumb Code    48  stm32f4xx_hal_tim.o(i.HAL_TIM_PWM_Start)
    HAL_TIM_PeriodElapsedCallback            0x08003af5   Thumb Code    14  main.o(i.HAL_TIM_PeriodElapsedCallback)
    HAL_TIM_ReadCapturedValue                0x08003b09   Thumb Code    68  stm32f4xx_hal_tim.o(i.HAL_TIM_ReadCapturedValue)
    HAL_TIM_TriggerCallback                  0x08003b4d   Thumb Code     2  stm32f4xx_hal_tim.o(i.HAL_TIM_TriggerCallback)
    HAL_UART_DMAStop                         0x08003b4f   Thumb Code    88  stm32f4xx_hal_uart.o(i.HAL_UART_DMAStop)
    HAL_UART_ErrorCallback                   0x08003ba7   Thumb Code     2  stm32f4xx_hal_uart.o(i.HAL_UART_ErrorCallback)
    HAL_UART_IRQHandler                      0x08003ba9   Thumb Code   266  stm32f4xx_hal_uart.o(i.HAL_UART_IRQHandler)
    HAL_UART_Init                            0x08003cb9   Thumb Code    98  stm32f4xx_hal_uart.o(i.HAL_UART_Init)
    HAL_UART_MspInit                         0x08003d1d   Thumb Code   350  stm32f4xx_hal_msp.o(i.HAL_UART_MspInit)
    HAL_UART_Receive_DMA                     0x08003eb1   Thumb Code   132  stm32f4xx_hal_uart.o(i.HAL_UART_Receive_DMA)
    HAL_UART_RxCpltCallback                  0x08003f41   Thumb Code     2  stm32f4xx_hal_uart.o(i.HAL_UART_RxCpltCallback)
    HAL_UART_RxHalfCpltCallback              0x08003f43   Thumb Code     2  stm32f4xx_hal_uart.o(i.HAL_UART_RxHalfCpltCallback)
    HAL_UART_Transmit_DMA                    0x08003f45   Thumb Code   114  stm32f4xx_hal_uart.o(i.HAL_UART_Transmit_DMA)
    HAL_UART_TxCpltCallback                  0x08003fc5   Thumb Code     2  stm32f4xx_hal_uart.o(i.HAL_UART_TxCpltCallback)
    HAL_UART_TxHalfCpltCallback              0x08003fc7   Thumb Code     2  stm32f4xx_hal_uart.o(i.HAL_UART_TxHalfCpltCallback)
    HardFault_Handler                        0x08003fc9   Thumb Code     2  stm32f4xx_it.o(i.HardFault_Handler)
    I2C1_EV_IRQHandler                       0x08003fcd   Thumb Code     6  stm32f4xx_it.o(i.I2C1_EV_IRQHandler)
    I2C2_EV_IRQHandler                       0x08003fd9   Thumb Code     6  stm32f4xx_it.o(i.I2C2_EV_IRQHandler)
    IIR_apply                                0x08004ad9   Thumb Code    62  low_pass_filter.o(i.IIR_apply)
    IIR_reset                                0x08004b17   Thumb Code    36  low_pass_filter.o(i.IIR_reset)
    IIR_set_cutoff_freq                      0x08004b3d   Thumb Code   292  low_pass_filter.o(i.IIR_set_cutoff_freq)
    MX_USB_DEVICE_Init                       0x08004ff5   Thumb Code    38  usb_device.o(i.MX_USB_DEVICE_Init)
    MemManage_Handler                        0x0800502d   Thumb Code     2  stm32f4xx_it.o(i.MemManage_Handler)
    NMI_Handler                              0x0800502f   Thumb Code     2  stm32f4xx_it.o(i.NMI_Handler)
    OTG_FS_IRQHandler                        0x08005051   Thumb Code     6  stm32f4xx_it.o(i.OTG_FS_IRQHandler)
    PPM_decode                               0x080050e5   Thumb Code    68  receiver_ppm.o(i.PPM_decode)
    PPM_init                                 0x08005131   Thumb Code     8  receiver_ppm.o(i.PPM_init)
    SPI1_IRQHandler                          0x0800513d   Thumb Code     6  stm32f4xx_it.o(i.SPI1_IRQHandler)
    StartDefaultTask                         0x080052e7   Thumb Code    12  main.o(i.StartDefaultTask)
    SysTick_Handler                          0x080052f3   Thumb Code     4  stm32f4xx_it.o(i.SysTick_Handler)
    SystemClock_Config                       0x080052f9   Thumb Code   150  main.o(i.SystemClock_Config)
    SystemInit                               0x08005399   Thumb Code    66  system_stm32f4xx.o(i.SystemInit)
    TIM1_UP_TIM10_IRQHandler                 0x080053ed   Thumb Code     6  stm32f4xx_it.o(i.TIM1_UP_TIM10_IRQHandler)
    TIM4_IRQHandler                          0x080053f9   Thumb Code     6  stm32f4xx_it.o(i.TIM4_IRQHandler)
    TIM8_CC_IRQHandler                       0x08005405   Thumb Code    18  stm32f4xx_it.o(i.TIM8_CC_IRQHandler)
    TIM_Base_SetConfig                       0x0800541d   Thumb Code   148  stm32f4xx_hal_tim.o(i.TIM_Base_SetConfig)
    TIM_CCxChannelCmd                        0x080054dd   Thumb Code    22  stm32f4xx_hal_tim.o(i.TIM_CCxChannelCmd)
    TIM_OC2_SetConfig                        0x08005571   Thumb Code    90  stm32f4xx_hal_tim.o(i.TIM_OC2_SetConfig)
    TIM_TI1_SetConfig                        0x080056a9   Thumb Code   104  stm32f4xx_hal_tim.o(i.TIM_TI1_SetConfig)
    UART5_IRQHandler                         0x08005789   Thumb Code     6  stm32f4xx_it.o(i.UART5_IRQHandler)
    USART1_IRQHandler                        0x08005c39   Thumb Code    16  stm32f4xx_it.o(i.USART1_IRQHandler)
    USART2_IRQHandler                        0x08005c4d   Thumb Code    16  stm32f4xx_it.o(i.USART2_IRQHandler)
    USBD_CDC_GetDeviceQualifierDescriptor    0x08005d05   Thumb Code     8  usbd_cdc.o(i.USBD_CDC_GetDeviceQualifierDescriptor)
    USBD_CDC_ReceivePacket                   0x08005dbd   Thumb Code    40  usbd_cdc.o(i.USBD_CDC_ReceivePacket)
    USBD_CDC_RegisterInterface               0x08005de5   Thumb Code    16  usbd_cdc.o(i.USBD_CDC_RegisterInterface)
    USBD_CDC_SetRxBuffer                     0x08005df5   Thumb Code    12  usbd_cdc.o(i.USBD_CDC_SetRxBuffer)
    USBD_CDC_SetTxBuffer                     0x08005e01   Thumb Code    16  usbd_cdc.o(i.USBD_CDC_SetTxBuffer)
    USBD_ClrClassConfig                      0x08005e81   Thumb Code    14  usbd_core.o(i.USBD_ClrClassConfig)
    USBD_CtlContinueRx                       0x08005e8f   Thumb Code    16  usbd_ioreq.o(i.USBD_CtlContinueRx)
    USBD_CtlContinueSendData                 0x08005e9f   Thumb Code    16  usbd_ioreq.o(i.USBD_CtlContinueSendData)
    USBD_CtlError                            0x08005eaf   Thumb Code    22  usbd_ctlreq.o(i.USBD_CtlError)
    USBD_CtlPrepareRx                        0x08005ec5   Thumb Code    30  usbd_ioreq.o(i.USBD_CtlPrepareRx)
    USBD_CtlReceiveStatus                    0x08005ee3   Thumb Code    22  usbd_ioreq.o(i.USBD_CtlReceiveStatus)
    USBD_CtlSendData                         0x08005ef9   Thumb Code    26  usbd_ioreq.o(i.USBD_CtlSendData)
    USBD_CtlSendStatus                       0x08005f13   Thumb Code    22  usbd_ioreq.o(i.USBD_CtlSendStatus)
    USBD_FS_ConfigStrDescriptor              0x08005f29   Thumb Code    16  usbd_desc.o(i.USBD_FS_ConfigStrDescriptor)
    USBD_FS_DeviceDescriptor                 0x08005f49   Thumb Code     8  usbd_desc.o(i.USBD_FS_DeviceDescriptor)
    USBD_FS_InterfaceStrDescriptor           0x08005f55   Thumb Code    16  usbd_desc.o(i.USBD_FS_InterfaceStrDescriptor)
    USBD_FS_LangIDStrDescriptor              0x08005f79   Thumb Code     8  usbd_desc.o(i.USBD_FS_LangIDStrDescriptor)
    USBD_FS_ManufacturerStrDescriptor        0x08005f85   Thumb Code    16  usbd_desc.o(i.USBD_FS_ManufacturerStrDescriptor)
    USBD_FS_ProductStrDescriptor             0x08005fad   Thumb Code    16  usbd_desc.o(i.USBD_FS_ProductStrDescriptor)
    USBD_FS_SerialStrDescriptor              0x08005fd9   Thumb Code    16  usbd_desc.o(i.USBD_FS_SerialStrDescriptor)
    USBD_GetString                           0x080060dd   Thumb Code    70  usbd_ctlreq.o(i.USBD_GetString)
    USBD_Init                                0x08006123   Thumb Code    42  usbd_core.o(i.USBD_Init)
    USBD_LL_ClearStallEP                     0x0800614d   Thumb Code    14  usbd_conf.o(i.USBD_LL_ClearStallEP)
    USBD_LL_CloseEP                          0x0800615b   Thumb Code    14  usbd_conf.o(i.USBD_LL_CloseEP)
    USBD_LL_DataInStage                      0x08006169   Thumb Code   170  usbd_core.o(i.USBD_LL_DataInStage)
    USBD_LL_DataOutStage                     0x08006213   Thumb Code   106  usbd_core.o(i.USBD_LL_DataOutStage)
    USBD_LL_DevConnected                     0x0800627d   Thumb Code     4  usbd_core.o(i.USBD_LL_DevConnected)
    USBD_LL_DevDisconnected                  0x08006281   Thumb Code    22  usbd_core.o(i.USBD_LL_DevDisconnected)
    USBD_LL_GetRxDataSize                    0x08006297   Thumb Code     8  usbd_conf.o(i.USBD_LL_GetRxDataSize)
    USBD_LL_Init                             0x080062a1   Thumb Code    94  usbd_conf.o(i.USBD_LL_Init)
    USBD_LL_IsStallEP                        0x08006305   Thumb Code    32  usbd_conf.o(i.USBD_LL_IsStallEP)
    USBD_LL_IsoINIncomplete                  0x08006325   Thumb Code     4  usbd_core.o(i.USBD_LL_IsoINIncomplete)
    USBD_LL_IsoOUTIncomplete                 0x08006329   Thumb Code     4  usbd_core.o(i.USBD_LL_IsoOUTIncomplete)
    USBD_LL_OpenEP                           0x0800632d   Thumb Code    20  usbd_conf.o(i.USBD_LL_OpenEP)
    USBD_LL_PrepareReceive                   0x08006341   Thumb Code    14  usbd_conf.o(i.USBD_LL_PrepareReceive)
    USBD_LL_Reset                            0x0800634f   Thumb Code    62  usbd_core.o(i.USBD_LL_Reset)
    USBD_LL_Resume                           0x0800638d   Thumb Code    12  usbd_core.o(i.USBD_LL_Resume)
    USBD_LL_SOF                              0x08006399   Thumb Code    24  usbd_core.o(i.USBD_LL_SOF)
    USBD_LL_SetSpeed                         0x080063b1   Thumb Code     6  usbd_core.o(i.USBD_LL_SetSpeed)
    USBD_LL_SetUSBAddress                    0x080063b7   Thumb Code    14  usbd_conf.o(i.USBD_LL_SetUSBAddress)
    USBD_LL_SetupStage                       0x080063c5   Thumb Code    90  usbd_core.o(i.USBD_LL_SetupStage)
    USBD_LL_StallEP                          0x0800641f   Thumb Code    14  usbd_conf.o(i.USBD_LL_StallEP)
    USBD_LL_Start                            0x0800642d   Thumb Code    14  usbd_conf.o(i.USBD_LL_Start)
    USBD_LL_Suspend                          0x0800643b   Thumb Code    18  usbd_core.o(i.USBD_LL_Suspend)
    USBD_LL_Transmit                         0x0800644d   Thumb Code    14  usbd_conf.o(i.USBD_LL_Transmit)
    USBD_ParseSetupRequest                   0x0800645b   Thumb Code    40  usbd_ctlreq.o(i.USBD_ParseSetupRequest)
    USBD_RegisterClass                       0x08006483   Thumb Code    16  usbd_core.o(i.USBD_RegisterClass)
    USBD_SetClassConfig                      0x08006493   Thumb Code    22  usbd_core.o(i.USBD_SetClassConfig)
    USBD_Start                               0x0800651d   Thumb Code    10  usbd_core.o(i.USBD_Start)
    USBD_StdDevReq                           0x08006527   Thumb Code   242  usbd_ctlreq.o(i.USBD_StdDevReq)
    USBD_StdEPReq                            0x08006619   Thumb Code   220  usbd_ctlreq.o(i.USBD_StdEPReq)
    USBD_StdItfReq                           0x080066f5   Thumb Code    52  usbd_ctlreq.o(i.USBD_StdItfReq)
    USB_ActivateEndpoint                     0x08006729   Thumb Code   122  stm32f4xx_ll_usb.o(i.USB_ActivateEndpoint)
    USB_ActivateSetup                        0x080067a9   Thumb Code    52  stm32f4xx_ll_usb.o(i.USB_ActivateSetup)
    USB_CoreInit                             0x080067dd   Thumb Code    96  stm32f4xx_ll_usb.o(i.USB_CoreInit)
    USB_DeactivateEndpoint                   0x08006879   Thumb Code   110  stm32f4xx_ll_usb.o(i.USB_DeactivateEndpoint)
    USB_DevConnect                           0x080068e7   Thumb Code    24  stm32f4xx_ll_usb.o(i.USB_DevConnect)
    USB_DevDisconnect                        0x080068ff   Thumb Code    24  stm32f4xx_ll_usb.o(i.USB_DevDisconnect)
    USB_DevInit                              0x08006919   Thumb Code   306  stm32f4xx_ll_usb.o(i.USB_DevInit)
    USB_DisableGlobalInt                     0x08006a5d   Thumb Code    12  stm32f4xx_ll_usb.o(i.USB_DisableGlobalInt)
    USB_EP0StartXfer                         0x08006a69   Thumb Code   316  stm32f4xx_ll_usb.o(i.USB_EP0StartXfer)
    USB_EP0_OutStart                         0x08006ba9   Thumb Code    62  stm32f4xx_ll_usb.o(i.USB_EP0_OutStart)
    USB_EPClearStall                         0x08006be7   Thumb Code   100  stm32f4xx_ll_usb.o(i.USB_EPClearStall)
    USB_EPSetStall                           0x08006c4b   Thumb Code    94  stm32f4xx_ll_usb.o(i.USB_EPSetStall)
    USB_EPStartXfer                          0x08006ca9   Thumb Code   534  stm32f4xx_ll_usb.o(i.USB_EPStartXfer)
    USB_EnableGlobalInt                      0x08006ec5   Thumb Code    12  stm32f4xx_ll_usb.o(i.USB_EnableGlobalInt)
    USB_FlushRxFifo                          0x08006ed1   Thumb Code    28  stm32f4xx_ll_usb.o(i.USB_FlushRxFifo)
    USB_FlushTxFifo                          0x08006ef1   Thumb Code    32  stm32f4xx_ll_usb.o(i.USB_FlushTxFifo)
    USB_GetDevSpeed                          0x08006f15   Thumb Code    60  stm32f4xx_ll_usb.o(i.USB_GetDevSpeed)
    USB_GetMode                              0x08006f51   Thumb Code     8  stm32f4xx_ll_usb.o(i.USB_GetMode)
    USB_ReadDevAllInEpInterrupt              0x08006f59   Thumb Code    14  stm32f4xx_ll_usb.o(i.USB_ReadDevAllInEpInterrupt)
    USB_ReadDevAllOutEpInterrupt             0x08006f67   Thumb Code    14  stm32f4xx_ll_usb.o(i.USB_ReadDevAllOutEpInterrupt)
    USB_ReadDevInEPInterrupt                 0x08006f75   Thumb Code    30  stm32f4xx_ll_usb.o(i.USB_ReadDevInEPInterrupt)
    USB_ReadDevOutEPInterrupt                0x08006f93   Thumb Code    16  stm32f4xx_ll_usb.o(i.USB_ReadDevOutEPInterrupt)
    USB_ReadInterrupts                       0x08006fa3   Thumb Code     8  stm32f4xx_ll_usb.o(i.USB_ReadInterrupts)
    USB_ReadPacket                           0x08006fab   Thumb Code    32  stm32f4xx_ll_usb.o(i.USB_ReadPacket)
    USB_SetCurrentMode                       0x08006fcb   Thumb Code    44  stm32f4xx_ll_usb.o(i.USB_SetCurrentMode)
    USB_SetDevAddress                        0x08006ff7   Thumb Code    34  stm32f4xx_ll_usb.o(i.USB_SetDevAddress)
    USB_WritePacket                          0x08007019   Thumb Code    40  stm32f4xx_ll_usb.o(i.USB_WritePacket)
    UsageFault_Handler                       0x08007041   Thumb Code     2  stm32f4xx_it.o(i.UsageFault_Handler)
    __ARM_fpclassify                         0x08007043   Thumb Code    48  fpclassify.o(i.__ARM_fpclassify)
    __hardfp_cos                             0x08007079   Thumb Code   180  cos.o(i.__hardfp_cos)
    __hardfp_tan                             0x08007141   Thumb Code   108  tan.o(i.__hardfp_tan)
    __ieee754_rem_pio2                       0x080071c1   Thumb Code   938  rred.o(i.__ieee754_rem_pio2)
    __kernel_cos                             0x080075f9   Thumb Code   322  cos_i.o(i.__kernel_cos)
    __kernel_poly                            0x08007769   Thumb Code   248  poly.o(i.__kernel_poly)
    __kernel_sin                             0x08007861   Thumb Code   280  sin_i.o(i.__kernel_sin)
    __kernel_tan                             0x08007991   Thumb Code   764  tan_i.o(i.__kernel_tan)
    __mathlib_dbl_infnan                     0x08007ce1   Thumb Code    20  dunder.o(i.__mathlib_dbl_infnan)
    __mathlib_dbl_invalid                    0x08007cf9   Thumb Code    24  dunder.o(i.__mathlib_dbl_invalid)
    __mathlib_dbl_underflow                  0x08007d19   Thumb Code    24  dunder.o(i.__mathlib_dbl_underflow)
    __scatterload_copy                       0x08007d39   Thumb Code    14  handlers.o(i.__scatterload_copy)
    __scatterload_null                       0x08007d47   Thumb Code     2  handlers.o(i.__scatterload_null)
    __scatterload_zeroinit                   0x08007d49   Thumb Code    14  handlers.o(i.__scatterload_zeroinit)
    __set_errno                              0x08007d59   Thumb Code     6  errno.o(i.__set_errno)
    acc_process                              0x08007d65   Thumb Code    72  sensors_task.o(i.acc_process)
    battery_get_voltage                      0x08007db1   Thumb Code    36  battery.o(i.battery_get_voltage)
    battery_init                             0x08007dd9   Thumb Code    52  battery.o(i.battery_init)
    data_link_init                           0x08007e1d   Thumb Code   106  data_link.o(i.data_link_init)
    data_send_start                          0x08007ea1   Thumb Code    28  data_link.o(i.data_send_start)
    fabs                                     0x08007ec9   Thumb Code    24  fabs.o(i.fabs)
    free                                     0x08007ee1   Thumb Code    76  malloc.o(i.free)
    gyr_process                              0x08007f31   Thumb Code    72  sensors_task.o(i.gyr_process)
    hmc5883lCallback                         0x08007f7d   Thumb Code     8  sensors_task.o(i.hmc5883lCallback)
    hmc5883l_cfg                             0x08007f89   Thumb Code    72  hmc5883l_i2c.o(i.hmc5883l_cfg)
    hmc5883l_dma_start                       0x08007fd9   Thumb Code    20  hmc5883l_i2c.o(i.hmc5883l_dma_start)
    hmc_fast_init                            0x08007ff1   Thumb Code     2  hmc5883l_i2c.o(i.hmc_fast_init)
    imu_IIR_init                             0x08007ff5   Thumb Code   106  sensors_task.o(i.imu_IIR_init)
    mag_process                              0x08008075   Thumb Code    72  sensors_task.o(i.mag_process)
    main                                     0x080080c1   Thumb Code   366  main.o(i.main)
    malloc                                   0x08008271   Thumb Code    92  malloc.o(i.malloc)
    motor_init                               0x080082dd   Thumb Code    66  motor_pwm.o(i.motor_init)
    motor_pwm_output                         0x08008325   Thumb Code    26  motor_pwm.o(i.motor_pwm_output)
    mpu6000Callback                          0x08008345   Thumb Code    40  sensors_task.o(i.mpu6000Callback)
    mpu6000_cfg                              0x08008375   Thumb Code   430  mpu6000_spi.o(i.mpu6000_cfg)
    mpu6000_dma_start                        0x08008551   Thumb Code    32  mpu6000_spi.o(i.mpu6000_dma_start)
    mpu_fast_init                            0x0800857d   Thumb Code    12  mpu6000_spi.o(i.mpu_fast_init)
    osDelay                                  0x0800858d   Thumb Code    14  cmsis_os.o(i.osDelay)
    osKernelStart                            0x0800859b   Thumb Code    10  cmsis_os.o(i.osKernelStart)
    osSystickHandler                         0x080085a5   Thumb Code    20  cmsis_os.o(i.osSystickHandler)
    osThreadCreate                           0x080085b9   Thumb Code    56  cmsis_os.o(i.osThreadCreate)
    pvPortMalloc                             0x08008879   Thumb Code   210  heap_4.o(i.pvPortMalloc)
    pvTaskIncrementMutexHeldCount            0x08008951   Thumb Code    18  tasks.o(i.pvTaskIncrementMutexHeldCount)
    pxPortInitialiseStack                    0x08008969   Thumb Code    36  port.o(i.pxPortInitialiseStack)
    send_buffer                              0x08008991   Thumb Code    80  data_link.o(i.send_buffer)
    sensorsTaskInit                          0x08008aa5   Thumb Code    90  sensors_task.o(i.sensorsTaskInit)
    uxListRemove                             0x08008b8d   Thumb Code    36  list.o(i.uxListRemove)
    vListInitialise                          0x08008c75   Thumb Code    22  list.o(i.vListInitialise)
    vListInitialiseItem                      0x08008c8b   Thumb Code     6  list.o(i.vListInitialiseItem)
    vListInsert                              0x08008c91   Thumb Code    48  list.o(i.vListInsert)
    vListInsertEnd                           0x08008cc1   Thumb Code    24  list.o(i.vListInsertEnd)
    vPortEnterCritical                       0x08008cd9   Thumb Code    54  port.o(i.vPortEnterCritical)
    vPortExitCritical                        0x08008d19   Thumb Code    34  port.o(i.vPortExitCritical)
    vPortFree                                0x08008d41   Thumb Code    88  heap_4.o(i.vPortFree)
    vPortSetupTimerInterrupt                 0x08008d9d   Thumb Code    26  port.o(i.vPortSetupTimerInterrupt)
    vPortValidateInterruptPriority           0x08008dbd   Thumb Code    74  port.o(i.vPortValidateInterruptPriority)
    vTaskDelay                               0x08008e11   Thumb Code    94  tasks.o(i.vTaskDelay)
    vTaskDelayUntil                          0x08008e79   Thumb Code   158  tasks.o(i.vTaskDelayUntil)
    vTaskMissedYield                         0x08008f21   Thumb Code     8  tasks.o(i.vTaskMissedYield)
    vTaskPlaceOnEventList                    0x08008f2d   Thumb Code    90  tasks.o(i.vTaskPlaceOnEventList)
    vTaskPriorityInherit                     0x08008f91   Thumb Code   124  tasks.o(i.vTaskPriorityInherit)
    vTaskSetTimeOutState                     0x08009015   Thumb Code    30  tasks.o(i.vTaskSetTimeOutState)
    vTaskStartScheduler                      0x08009039   Thumb Code    86  tasks.o(i.vTaskStartScheduler)
    vTaskSuspendAll                          0x080090a1   Thumb Code    10  tasks.o(i.vTaskSuspendAll)
    vTaskSwitchContext                       0x080090b1   Thumb Code    82  tasks.o(i.vTaskSwitchContext)
    xPortStartScheduler                      0x0800910d   Thumb Code   202  port.o(i.xPortStartScheduler)
    xPortSysTickHandler                      0x080091ed   Thumb Code    38  port.o(i.xPortSysTickHandler)
    xQueueGenericCreate                      0x08009219   Thumb Code   100  queue.o(i.xQueueGenericCreate)
    xQueueGenericReceive                     0x0800927d   Thumb Code   358  queue.o(i.xQueueGenericReceive)
    xQueueGenericReset                       0x080093e9   Thumb Code   126  queue.o(i.xQueueGenericReset)
    xQueueGenericSend                        0x0800946d   Thumb Code   348  queue.o(i.xQueueGenericSend)
    xQueueGiveFromISR                        0x080095cd   Thumb Code   156  queue.o(i.xQueueGiveFromISR)
    xTaskCheckForTimeOut                     0x08009669   Thumb Code   102  tasks.o(i.xTaskCheckForTimeOut)
    xTaskGenericCreate                       0x080096d5   Thumb Code   430  tasks.o(i.xTaskGenericCreate)
    xTaskGetSchedulerState                   0x08009891   Thumb Code    22  tasks.o(i.xTaskGetSchedulerState)
    xTaskGetTickCount                        0x080098ad   Thumb Code     6  tasks.o(i.xTaskGetTickCount)
    xTaskIncrementTick                       0x080098b9   Thumb Code   194  tasks.o(i.xTaskIncrementTick)
    xTaskPriorityDisinherit                  0x08009985   Thumb Code   144  tasks.o(i.xTaskPriorityDisinherit)
    xTaskRemoveFromEventList                 0x08009a1d   Thumb Code   108  tasks.o(i.xTaskRemoveFromEventList)
    xTaskResumeAll                           0x08009a91   Thumb Code   182  tasks.o(i.xTaskResumeAll)
    APBAHBPrescTable                         0x08009b54   Data          16  stm32f4xx_hal_rcc.o(.constdata)
    Region$$Table$$Base                      0x08009d14   Number         0  anon$$obj.o(Region$$Table)
    Region$$Table$$Limit                     0x08009d34   Number         0  anon$$obj.o(Region$$Table)
    uwTick                                   0x20000000   Data           4  stm32f4xx_hal.o(.data)
    pxCurrentTCB                             0x20000004   Data           4  tasks.o(.data)
    USBD_CDC_CfgHSDesc                       0x20000074   Data          67  usbd_cdc.o(.data)
    USBD_CDC_CfgFSDesc                       0x200000b8   Data          67  usbd_cdc.o(.data)
    USBD_CDC_OtherSpeedCfgDesc               0x200000fc   Data          67  usbd_cdc.o(.data)
    USBD_CDC                                 0x20000140   Data          56  usbd_cdc.o(.data)
    FS_Desc                                  0x20000178   Data          28  usbd_desc.o(.data)
    USBD_LangIDDesc                          0x20000194   Data           4  usbd_desc.o(.data)
    USBD_FS_DeviceDesc                       0x20000198   Data          18  usbd_desc.o(.data)
    defaultTaskHandle                        0x200001ac   Data           4  main.o(.data)
    hcrc                                     0x200001b0   Data           8  main.o(.data)
    USBD_Interface_fops_FS                   0x200001b8   Data          16  usbd_cdc_if.o(.data)
    UserRxBufferFS                           0x200001c8   Data           4  usbd_cdc_if.o(.data)
    UserTxBufferFS                           0x200001cc   Data           4  usbd_cdc_if.o(.data)
    SystemCoreClock                          0x200001d0   Data           4  system_stm32f4xx.o(.data)
    buffer_num                               0x200001d4   Data           1  gps.o(.data)
    data_len                                 0x200001d8   Data           4  gps.o(.data)
    xbee_buffer_num                          0x200001dc   Data           1  data_link.o(.data)
    xbee_buf2read_num                        0x200001dd   Data           1  data_link.o(.data)
    xbee_data_len                            0x200001e0   Data           4  data_link.o(.data)
    data2send                                0x200001f0   Data          17  data_link.o(.data)
    acc_gyr_spi_tx                           0x2000020c   Data          15  mpu6000_spi.o(.data)
    mag_i2c_rx                               0x2000023e   Data           6  sensors_task.o(.data)
    __microlib_freelist                      0x20000258   Data           4  mvars.o(.data)
    __microlib_freelist_initialised          0x2000025c   Data           4  mvars.o(.data)
    USBD_StrDesc                             0x20003f54   Data         512  usbd_desc.o(.bss)
    hadc1                                    0x20004154   Data          72  main.o(.bss)
    hi2c1                                    0x2000419c   Data          84  main.o(.bss)
    hi2c2                                    0x200041f0   Data          84  main.o(.bss)
    hspi1                                    0x20004244   Data          88  main.o(.bss)
    htim3                                    0x2000429c   Data          60  main.o(.bss)
    htim4                                    0x200042d8   Data          60  main.o(.bss)
    htim8                                    0x20004314   Data          60  main.o(.bss)
    huart5                                   0x20004350   Data          64  main.o(.bss)
    huart1                                   0x20004390   Data          64  main.o(.bss)
    huart2                                   0x200043d0   Data          64  main.o(.bss)
    hdma_i2c1_rx                             0x20004410   Data          96  main.o(.bss)
    hdma_i2c1_tx                             0x20004470   Data          96  main.o(.bss)
    hdma_spi1_rx                             0x200044d0   Data          96  main.o(.bss)
    hdma_spi1_tx                             0x20004530   Data          96  main.o(.bss)
    hdma_usart1_rx                           0x20004590   Data          96  main.o(.bss)
    hdma_usart2_tx                           0x200045f0   Data          96  main.o(.bss)
    hdma_usart2_rx                           0x20004650   Data          96  main.o(.bss)
    htim1                                    0x200046b0   Data          60  stm32f4xx_hal_timebase_tim.o(.bss)
    hUsbDeviceFS                             0x200046ec   Data         548  usb_device.o(.bss)
    hpcd_USB_OTG_FS                          0x20004910   Data         952  usbd_conf.o(.bss)
    gps                                      0x20004cc8   Data          52  gps.o(.bss)
    gps_buffer0                              0x20004cfc   Data         512  gps.o(.bss)
    gps_buffer1                              0x20004efc   Data         512  gps.o(.bss)
    tx_buffer                                0x200050fc   Data          29  data_link.o(.bss)
    rx_buffer0                               0x20005119   Data          64  data_link.o(.bss)
    rx_buffer1                               0x20005159   Data          64  data_link.o(.bss)
    decoding_buffer                          0x20005199   Data          64  data_link.o(.bss)
    rc                                       0x200051fc   Data          18  receiver_ppm.o(.bss)
    iir_ax                                   0x20005210   Data          32  sensors_task.o(.bss)
    iir_ay                                   0x20005230   Data          32  sensors_task.o(.bss)
    iir_az                                   0x20005250   Data          32  sensors_task.o(.bss)
    acc_gyr_spi_rx                           0x20005270   Data          15  sensors_task.o(.bss)
    __heap_base                              0x200052a8   Data           0  startup_stm32f405xx.o(HEAP)
    __heap_limit                             0x200054a8   Data           0  startup_stm32f405xx.o(HEAP)
    __initial_sp                             0x200058a8   Data           0  startup_stm32f405xx.o(STACK)



==============================================================================

Memory Map of the image

  Image Entry point : 0x08000189

  Load Region LR_IROM1 (Base: 0x08000000, Size: 0x00009f98, Max: 0x00100000, ABSOLUTE, COMPRESSED[0x00009e0c])

    Execution Region ER_IROM1 (Base: 0x08000000, Size: 0x00009d34, Max: 0x00100000, ABSOLUTE)

    Base Addr    Size         Type   Attr      Idx    E Section Name        Object

    0x08000000   0x00000188   Data   RO         6151    RESET               startup_stm32f405xx.o
    0x08000188   0x00000000   Code   RO         6934  * .ARM.Collect$$$$00000000  mc_w.l(entry.o)
    0x08000188   0x00000004   Code   RO         7052    .ARM.Collect$$$$00000001  mc_w.l(entry2.o)
    0x0800018c   0x00000004   Code   RO         7055    .ARM.Collect$$$$00000004  mc_w.l(entry5.o)
    0x08000190   0x00000000   Code   RO         7057    .ARM.Collect$$$$00000008  mc_w.l(entry7b.o)
    0x08000190   0x00000000   Code   RO         7059    .ARM.Collect$$$$0000000A  mc_w.l(entry8b.o)
    0x08000190   0x00000008   Code   RO         7060    .ARM.Collect$$$$0000000B  mc_w.l(entry9a.o)
    0x08000198   0x00000000   Code   RO         7062    .ARM.Collect$$$$0000000D  mc_w.l(entry10a.o)
    0x08000198   0x00000000   Code   RO         7064    .ARM.Collect$$$$0000000F  mc_w.l(entry11a.o)
    0x08000198   0x00000004   Code   RO         7053    .ARM.Collect$$$$00002712  mc_w.l(entry2.o)
    0x0800019c   0x000000ba   Code   RO         4744    .emb_text           port.o
    0x08000256   0x00000002   PAD
    0x08000258   0x00000024   Code   RO         6152    .text               startup_stm32f405xx.o
    0x0800027c   0x00000024   Code   RO         6937    .text               mc_w.l(memcpya.o)
    0x080002a0   0x00000024   Code   RO         6939    .text               mc_w.l(memseta.o)
    0x080002c4   0x0000014e   Code   RO         6971    .text               mf_w.l(dadd.o)
    0x08000412   0x000000e4   Code   RO         6973    .text               mf_w.l(dmul.o)
    0x080004f6   0x000000de   Code   RO         6975    .text               mf_w.l(ddiv.o)
    0x080005d4   0x00000026   Code   RO         6977    .text               mf_w.l(f2d.o)
    0x080005fa   0x00000038   Code   RO         6979    .text               mf_w.l(d2f.o)
    0x08000632   0x0000001e   Code   RO         7066    .text               mc_w.l(llshl.o)
    0x08000650   0x00000024   Code   RO         7068    .text               mc_w.l(llsshr.o)
    0x08000674   0x00000000   Code   RO         7079    .text               mc_w.l(iusefp.o)
    0x08000674   0x0000006e   Code   RO         7080    .text               mf_w.l(fepilogue.o)
    0x080006e2   0x000000ba   Code   RO         7082    .text               mf_w.l(depilogue.o)
    0x0800079c   0x00000024   Code   RO         7086    .text               mc_w.l(init.o)
    0x080007c0   0x00000020   Code   RO         7088    .text               mc_w.l(llushr.o)
    0x080007e0   0x00000022   Code   RO         7092    .text               mf_w.l(dflti.o)
    0x08000802   0x0000001a   Code   RO         7094    .text               mf_w.l(dfltui.o)
    0x0800081c   0x0000003e   Code   RO         7096    .text               mf_w.l(dfixi.o)
    0x0800085a   0x00000056   Code   RO         7108    .text               mc_w.l(__dczerorl2.o)
    0x080008b0   0x00000134   Code   RO         3374    i.ADC_Init          stm32f4xx_hal_adc.o
    0x080009e4   0x00000002   Code   RO         5348    i.BusFault_Handler  stm32f4xx_it.o
    0x080009e6   0x00000004   Code   RO         5753    i.CDC_Control_FS    usbd_cdc_if.o
    0x080009ea   0x00000004   Code   RO         5754    i.CDC_DeInit_FS     usbd_cdc_if.o
    0x080009ee   0x00000002   PAD
    0x080009f0   0x00000024   Code   RO         5755    i.CDC_Init_FS       usbd_cdc_if.o
    0x08000a14   0x00000018   Code   RO         5756    i.CDC_Receive_FS    usbd_cdc_if.o
    0x08000a2c   0x0000000c   Code   RO         5349    i.DMA1_Stream0_IRQHandler  stm32f4xx_it.o
    0x08000a38   0x0000000c   Code   RO         5350    i.DMA1_Stream5_IRQHandler  stm32f4xx_it.o
    0x08000a44   0x0000000c   Code   RO         5351    i.DMA1_Stream6_IRQHandler  stm32f4xx_it.o
    0x08000a50   0x0000000c   Code   RO         5352    i.DMA1_Stream7_IRQHandler  stm32f4xx_it.o
    0x08000a5c   0x0000000c   Code   RO         5353    i.DMA2_Stream2_IRQHandler  stm32f4xx_it.o
    0x08000a68   0x0000000c   Code   RO         5354    i.DMA2_Stream3_IRQHandler  stm32f4xx_it.o
    0x08000a74   0x0000000c   Code   RO         5355    i.DMA2_Stream5_IRQHandler  stm32f4xx_it.o
    0x08000a80   0x00000028   Code   RO         1592    i.DMA_CalcBaseAndBitshift  stm32f4xx_hal_dma.o
    0x08000aa8   0x00000054   Code   RO         1593    i.DMA_CheckFifoParam  stm32f4xx_hal_dma.o
    0x08000afc   0x00000028   Code   RO         1594    i.DMA_SetConfig     stm32f4xx_hal_dma.o
    0x08000b24   0x0000005c   Code   RO         6229    i.DataLinkReceive_IDLE  data_link.o
    0x08000b80   0x00000002   Code   RO         5356    i.DebugMon_Handler  stm32f4xx_it.o
    0x08000b82   0x00000016   Code   RO         5357    i.EXTI15_10_IRQHandler  stm32f4xx_it.o
    0x08000b98   0x00000006   Code   RO         5358    i.EXTI2_IRQHandler  stm32f4xx_it.o
    0x08000b9e   0x00000002   Code   RO         5553    i.Error_Handler     main.o
    0x08000ba0   0x0000005c   Code   RO         6160    i.GPSReceive_IDLE   gps.o
    0x08000bfc   0x00000150   Code   RO         3376    i.HAL_ADC_ConfigChannel  stm32f4xx_hal_adc.o
    0x08000d4c   0x00000004   Code   RO         3382    i.HAL_ADC_GetState  stm32f4xx_hal_adc.o
    0x08000d50   0x00000006   Code   RO         3383    i.HAL_ADC_GetValue  stm32f4xx_hal_adc.o
    0x08000d56   0x00000054   Code   RO         3385    i.HAL_ADC_Init      stm32f4xx_hal_adc.o
    0x08000daa   0x00000002   PAD
    0x08000dac   0x00000044   Code   RO         5812    i.HAL_ADC_MspInit   stm32f4xx_hal_msp.o
    0x08000df0   0x000000a2   Code   RO         3389    i.HAL_ADC_PollForConversion  stm32f4xx_hal_adc.o
    0x08000e92   0x00000002   PAD
    0x08000e94   0x000000b8   Code   RO         3391    i.HAL_ADC_Start     stm32f4xx_hal_adc.o
    0x08000f4c   0x00000026   Code   RO         3745    i.HAL_CRC_Init      stm32f4xx_hal_crc.o
    0x08000f72   0x00000002   PAD
    0x08000f74   0x00000028   Code   RO         5814    i.HAL_CRC_MspInit   stm32f4xx_hal_msp.o
    0x08000f9c   0x0000008e   Code   RO         1595    i.HAL_DMA_Abort     stm32f4xx_hal_dma.o
    0x0800102a   0x00000024   Code   RO         1596    i.HAL_DMA_Abort_IT  stm32f4xx_hal_dma.o
    0x0800104e   0x00000002   PAD
    0x08001050   0x000001a8   Code   RO         1600    i.HAL_DMA_IRQHandler  stm32f4xx_hal_dma.o
    0x080011f8   0x000000d0   Code   RO         1601    i.HAL_DMA_Init      stm32f4xx_hal_dma.o
    0x080012c8   0x00000078   Code   RO         1605    i.HAL_DMA_Start_IT  stm32f4xx_hal_dma.o
    0x08001340   0x00000016   Code   RO         3231    i.HAL_Delay         stm32f4xx_hal.o
    0x08001356   0x00000002   Code   RO            5    i.HAL_GPIO_EXTI_Callback  stm32f4xx_hal_gpio.o
    0x08001358   0x00000018   Code   RO            6    i.HAL_GPIO_EXTI_IRQHandler  stm32f4xx_hal_gpio.o
    0x08001370   0x000001b0   Code   RO            7    i.HAL_GPIO_Init     stm32f4xx_hal_gpio.o
    0x08001520   0x0000000a   Code   RO            9    i.HAL_GPIO_ReadPin  stm32f4xx_hal_gpio.o
    0x0800152a   0x0000000a   Code   RO           11    i.HAL_GPIO_WritePin  stm32f4xx_hal_gpio.o
    0x08001534   0x0000000c   Code   RO         3237    i.HAL_GetTick       stm32f4xx_hal.o
    0x08001540   0x00000002   Code   RO         2195    i.HAL_I2C_AbortCpltCallback  stm32f4xx_hal_i2c.o
    0x08001542   0x00000002   Code   RO         2196    i.HAL_I2C_AddrCallback  stm32f4xx_hal_i2c.o
    0x08001544   0x000001f0   Code   RO         2200    i.HAL_I2C_EV_IRQHandler  stm32f4xx_hal_i2c.o
    0x08001734   0x00000002   Code   RO         2202    i.HAL_I2C_ErrorCallback  stm32f4xx_hal_i2c.o
    0x08001736   0x00000002   PAD
    0x08001738   0x00000108   Code   RO         2206    i.HAL_I2C_Init      stm32f4xx_hal_i2c.o
    0x08001840   0x00000002   Code   RO         2208    i.HAL_I2C_ListenCpltCallback  stm32f4xx_hal_i2c.o
    0x08001842   0x00000002   Code   RO         2209    i.HAL_I2C_MasterRxCpltCallback  stm32f4xx_hal_i2c.o
    0x08001844   0x00000002   Code   RO         2210    i.HAL_I2C_MasterTxCpltCallback  stm32f4xx_hal_i2c.o
    0x08001846   0x00000004   Code   RO         6472    i.HAL_I2C_MemRxCpltCallback  hmc5883l_i2c.o
    0x0800184a   0x00000002   Code   RO         2221    i.HAL_I2C_MemTxCpltCallback  stm32f4xx_hal_i2c.o
    0x0800184c   0x000001fc   Code   RO         2222    i.HAL_I2C_Mem_Read  stm32f4xx_hal_i2c.o
    0x08001a48   0x00000178   Code   RO         2223    i.HAL_I2C_Mem_Read_DMA  stm32f4xx_hal_i2c.o
    0x08001bc0   0x0000013c   Code   RO         2225    i.HAL_I2C_Mem_Write  stm32f4xx_hal_i2c.o
    0x08001cfc   0x00000100   Code   RO         5816    i.HAL_I2C_MspInit   stm32f4xx_hal_msp.o
    0x08001dfc   0x00000002   Code   RO         2230    i.HAL_I2C_SlaveRxCpltCallback  stm32f4xx_hal_i2c.o
    0x08001dfe   0x00000002   Code   RO         2231    i.HAL_I2C_SlaveTxCpltCallback  stm32f4xx_hal_i2c.o
    0x08001e00   0x00000010   Code   RO         3238    i.HAL_IncTick       stm32f4xx_hal.o
    0x08001e10   0x00000034   Code   RO         3239    i.HAL_Init          stm32f4xx_hal.o
    0x08001e44   0x00000074   Code   RO         5675    i.HAL_InitTick      stm32f4xx_hal_timebase_tim.o
    0x08001eb8   0x00000058   Code   RO         5817    i.HAL_MspInit       stm32f4xx_hal_msp.o
    0x08001f10   0x00000016   Code   RO          196    i.HAL_NVIC_EnableIRQ  stm32f4xx_hal_cortex.o
    0x08001f26   0x00000002   PAD
    0x08001f28   0x00000040   Code   RO          202    i.HAL_NVIC_SetPriority  stm32f4xx_hal_cortex.o
    0x08001f68   0x00000024   Code   RO          203    i.HAL_NVIC_SetPriorityGrouping  stm32f4xx_hal_cortex.o
    0x08001f8c   0x00000008   Code   RO         1752    i.HAL_PCDEx_SetRxFiFo  stm32f4xx_hal_pcd_ex.o
    0x08001f94   0x00000044   Code   RO         1753    i.HAL_PCDEx_SetTxFiFo  stm32f4xx_hal_pcd_ex.o
    0x08001fd8   0x00000008   Code   RO         5926    i.HAL_PCD_ConnectCallback  usbd_conf.o
    0x08001fe0   0x00000012   Code   RO         5927    i.HAL_PCD_DataInStageCallback  usbd_conf.o
    0x08001ff2   0x00000014   Code   RO         5928    i.HAL_PCD_DataOutStageCallback  usbd_conf.o
    0x08002006   0x00000008   Code   RO         5929    i.HAL_PCD_DisconnectCallback  usbd_conf.o
    0x0800200e   0x00000044   Code   RO         1989    i.HAL_PCD_EP_Close  stm32f4xx_hal_pcd.o
    0x08002052   0x00000050   Code   RO         1990    i.HAL_PCD_EP_ClrStall  stm32f4xx_hal_pcd.o
    0x080020a2   0x00000014   Code   RO         1992    i.HAL_PCD_EP_GetRxCount  stm32f4xx_hal_pcd.o
    0x080020b6   0x00000054   Code   RO         1993    i.HAL_PCD_EP_Open   stm32f4xx_hal_pcd.o
    0x0800210a   0x00000002   PAD
    0x0800210c   0x0000005e   Code   RO         1994    i.HAL_PCD_EP_Receive  stm32f4xx_hal_pcd.o
    0x0800216a   0x00000060   Code   RO         1995    i.HAL_PCD_EP_SetStall  stm32f4xx_hal_pcd.o
    0x080021ca   0x00000056   Code   RO         1996    i.HAL_PCD_EP_Transmit  stm32f4xx_hal_pcd.o
    0x08002220   0x000004f4   Code   RO         1998    i.HAL_PCD_IRQHandler  stm32f4xx_hal_pcd.o
    0x08002714   0x00000008   Code   RO         5930    i.HAL_PCD_ISOINIncompleteCallback  usbd_conf.o
    0x0800271c   0x00000008   Code   RO         5931    i.HAL_PCD_ISOOUTIncompleteCallback  usbd_conf.o
    0x08002724   0x000000be   Code   RO         2001    i.HAL_PCD_Init      stm32f4xx_hal_pcd.o
    0x080027e2   0x00000002   PAD
    0x080027e4   0x00000078   Code   RO         5933    i.HAL_PCD_MspInit   usbd_conf.o
    0x0800285c   0x00000020   Code   RO         5934    i.HAL_PCD_ResetCallback  usbd_conf.o
    0x0800287c   0x00000008   Code   RO         5935    i.HAL_PCD_ResumeCallback  usbd_conf.o
    0x08002884   0x00000008   Code   RO         5936    i.HAL_PCD_SOFCallback  usbd_conf.o
    0x0800288c   0x00000024   Code   RO         2007    i.HAL_PCD_SetAddress  stm32f4xx_hal_pcd.o
    0x080028b0   0x0000000e   Code   RO         5937    i.HAL_PCD_SetupStageCallback  usbd_conf.o
    0x080028be   0x0000002a   Code   RO         2009    i.HAL_PCD_Start     stm32f4xx_hal_pcd.o
    0x080028e8   0x00000030   Code   RO         5938    i.HAL_PCD_SuspendCallback  usbd_conf.o
    0x08002918   0x0000017c   Code   RO         1249    i.HAL_RCC_ClockConfig  stm32f4xx_hal_rcc.o
    0x08002a94   0x00000040   Code   RO         1253    i.HAL_RCC_GetClockConfig  stm32f4xx_hal_rcc.o
    0x08002ad4   0x0000000c   Code   RO         1254    i.HAL_RCC_GetHCLKFreq  stm32f4xx_hal_rcc.o
    0x08002ae0   0x00000030   Code   RO         1256    i.HAL_RCC_GetPCLK1Freq  stm32f4xx_hal_rcc.o
    0x08002b10   0x00000030   Code   RO         1257    i.HAL_RCC_GetPCLK2Freq  stm32f4xx_hal_rcc.o
    0x08002b40   0x00000070   Code   RO         1258    i.HAL_RCC_GetSysClockFreq  stm32f4xx_hal_rcc.o
    0x08002bb0   0x000002e4   Code   RO         1261    i.HAL_RCC_OscConfig  stm32f4xx_hal_rcc.o
    0x08002e94   0x00000002   Code   RO          973    i.HAL_SPI_ErrorCallback  stm32f4xx_hal_spi.o
    0x08002e96   0x00000002   PAD
    0x08002e98   0x000000d4   Code   RO          976    i.HAL_SPI_IRQHandler  stm32f4xx_hal_spi.o
    0x08002f6c   0x00000080   Code   RO          977    i.HAL_SPI_Init      stm32f4xx_hal_spi.o
    0x08002fec   0x000000cc   Code   RO         5819    i.HAL_SPI_MspInit   stm32f4xx_hal_msp.o
    0x080030b8   0x00000002   Code   RO          983    i.HAL_SPI_RxCpltCallback  stm32f4xx_hal_spi.o
    0x080030ba   0x00000002   Code   RO          984    i.HAL_SPI_RxHalfCpltCallback  stm32f4xx_hal_spi.o
    0x080030bc   0x000001d8   Code   RO          986    i.HAL_SPI_TransmitReceive  stm32f4xx_hal_spi.o
    0x08003294   0x00000108   Code   RO          987    i.HAL_SPI_TransmitReceive_DMA  stm32f4xx_hal_spi.o
    0x0800339c   0x00000018   Code   RO         6417    i.HAL_SPI_TxRxCpltCallback  mpu6000_spi.o
    0x080033b4   0x00000002   Code   RO          994    i.HAL_SPI_TxRxHalfCpltCallback  stm32f4xx_hal_spi.o
    0x080033b6   0x00000018   Code   RO          205    i.HAL_SYSTICK_CLKSourceConfig  stm32f4xx_hal_cortex.o
    0x080033ce   0x00000028   Code   RO          207    i.HAL_SYSTICK_Config  stm32f4xx_hal_cortex.o
    0x080033f6   0x00000002   Code   RO         1353    i.HAL_TIMEx_BreakCallback  stm32f4xx_hal_tim_ex.o
    0x080033f8   0x00000002   Code   RO         1354    i.HAL_TIMEx_CommutationCallback  stm32f4xx_hal_tim_ex.o
    0x080033fa   0x00000050   Code   RO         1370    i.HAL_TIMEx_MasterConfigSynchronization  stm32f4xx_hal_tim_ex.o
    0x0800344a   0x00000036   Code   RO         2595    i.HAL_TIM_Base_Init  stm32f4xx_hal_tim.o
    0x08003480   0x00000088   Code   RO         5821    i.HAL_TIM_Base_MspInit  stm32f4xx_hal_msp.o
    0x08003508   0x00000018   Code   RO         2600    i.HAL_TIM_Base_Start_IT  stm32f4xx_hal_tim.o
    0x08003520   0x000000f2   Code   RO         2604    i.HAL_TIM_ConfigClockSource  stm32f4xx_hal_tim.o
    0x08003612   0x00000002   PAD
    0x08003614   0x00000028   Code   RO         6518    i.HAL_TIM_IC_CaptureCallback  receiver_ppm.o
    0x0800363c   0x0000011e   Code   RO         2625    i.HAL_TIM_IC_ConfigChannel  stm32f4xx_hal_tim.o
    0x0800375a   0x00000036   Code   RO         2628    i.HAL_TIM_IC_Init   stm32f4xx_hal_tim.o
    0x08003790   0x00000002   Code   RO         2630    i.HAL_TIM_IC_MspInit  stm32f4xx_hal_tim.o
    0x08003792   0x0000004c   Code   RO         2633    i.HAL_TIM_IC_Start_IT  stm32f4xx_hal_tim.o
    0x080037de   0x00000166   Code   RO         2637    i.HAL_TIM_IRQHandler  stm32f4xx_hal_tim.o
    0x08003944   0x00000044   Code   RO         5822    i.HAL_TIM_MspPostInit  stm32f4xx_hal_msp.o
    0x08003988   0x00000002   Code   RO         2640    i.HAL_TIM_OC_DelayElapsedCallback  stm32f4xx_hal_tim.o
    0x0800398a   0x000000d0   Code   RO         2661    i.HAL_TIM_PWM_ConfigChannel  stm32f4xx_hal_tim.o
    0x08003a5a   0x00000036   Code   RO         2664    i.HAL_TIM_PWM_Init  stm32f4xx_hal_tim.o
    0x08003a90   0x00000028   Code   RO         5824    i.HAL_TIM_PWM_MspInit  stm32f4xx_hal_msp.o
    0x08003ab8   0x00000002   Code   RO         2667    i.HAL_TIM_PWM_PulseFinishedCallback  stm32f4xx_hal_tim.o
    0x08003aba   0x00000002   PAD
    0x08003abc   0x00000038   Code   RO         2668    i.HAL_TIM_PWM_Start  stm32f4xx_hal_tim.o
    0x08003af4   0x00000014   Code   RO         5554    i.HAL_TIM_PeriodElapsedCallback  main.o
    0x08003b08   0x00000044   Code   RO         2675    i.HAL_TIM_ReadCapturedValue  stm32f4xx_hal_tim.o
    0x08003b4c   0x00000002   Code   RO         2678    i.HAL_TIM_TriggerCallback  stm32f4xx_hal_tim.o
    0x08003b4e   0x00000058   Code   RO          326    i.HAL_UART_DMAStop  stm32f4xx_hal_uart.o
    0x08003ba6   0x00000002   Code   RO          328    i.HAL_UART_ErrorCallback  stm32f4xx_hal_uart.o
    0x08003ba8   0x00000110   Code   RO          331    i.HAL_UART_IRQHandler  stm32f4xx_hal_uart.o
    0x08003cb8   0x00000062   Code   RO          332    i.HAL_UART_Init     stm32f4xx_hal_uart.o
    0x08003d1a   0x00000002   PAD
    0x08003d1c   0x00000194   Code   RO         5826    i.HAL_UART_MspInit  stm32f4xx_hal_msp.o
    0x08003eb0   0x00000090   Code   RO          336    i.HAL_UART_Receive_DMA  stm32f4xx_hal_uart.o
    0x08003f40   0x00000002   Code   RO          338    i.HAL_UART_RxCpltCallback  stm32f4xx_hal_uart.o
    0x08003f42   0x00000002   Code   RO          339    i.HAL_UART_RxHalfCpltCallback  stm32f4xx_hal_uart.o
    0x08003f44   0x00000080   Code   RO          341    i.HAL_UART_Transmit_DMA  stm32f4xx_hal_uart.o
    0x08003fc4   0x00000002   Code   RO          343    i.HAL_UART_TxCpltCallback  stm32f4xx_hal_uart.o
    0x08003fc6   0x00000002   Code   RO          344    i.HAL_UART_TxHalfCpltCallback  stm32f4xx_hal_uart.o
    0x08003fc8   0x00000002   Code   RO         5359    i.HardFault_Handler  stm32f4xx_it.o
    0x08003fca   0x00000002   PAD
    0x08003fcc   0x0000000c   Code   RO         5360    i.I2C1_EV_IRQHandler  stm32f4xx_it.o
    0x08003fd8   0x0000000c   Code   RO         5361    i.I2C2_EV_IRQHandler  stm32f4xx_it.o
    0x08003fe4   0x0000004e   Code   RO         2240    i.I2C_DMAAbort      stm32f4xx_hal_i2c.o
    0x08004032   0x0000002a   Code   RO         2241    i.I2C_DMAError      stm32f4xx_hal_i2c.o
    0x0800405c   0x00000086   Code   RO         2242    i.I2C_DMAXferCplt   stm32f4xx_hal_i2c.o
    0x080040e2   0x00000002   PAD
    0x080040e4   0x00000124   Code   RO         2243    i.I2C_ITError       stm32f4xx_hal_i2c.o
    0x08004208   0x00000028   Code   RO         2244    i.I2C_IsAcknowledgeFailed  stm32f4xx_hal_i2c.o
    0x08004230   0x000000c4   Code   RO         2245    i.I2C_MasterReceive_BTF  stm32f4xx_hal_i2c.o
    0x080042f4   0x000000b6   Code   RO         2246    i.I2C_MasterReceive_RXNE  stm32f4xx_hal_i2c.o
    0x080043aa   0x00000080   Code   RO         2249    i.I2C_MasterTransmit_BTF  stm32f4xx_hal_i2c.o
    0x0800442a   0x00000002   PAD
    0x0800442c   0x00000108   Code   RO         2250    i.I2C_MasterTransmit_TXE  stm32f4xx_hal_i2c.o
    0x08004534   0x000000f4   Code   RO         2251    i.I2C_Master_ADDR   stm32f4xx_hal_i2c.o
    0x08004628   0x0000005a   Code   RO         2252    i.I2C_Master_SB     stm32f4xx_hal_i2c.o
    0x08004682   0x000000f0   Code   RO         2253    i.I2C_RequestMemoryRead  stm32f4xx_hal_i2c.o
    0x08004772   0x00000002   PAD
    0x08004774   0x000000a0   Code   RO         2254    i.I2C_RequestMemoryWrite  stm32f4xx_hal_i2c.o
    0x08004814   0x000000dc   Code   RO         2256    i.I2C_Slave_STOPF   stm32f4xx_hal_i2c.o
    0x080048f0   0x0000004e   Code   RO         2257    i.I2C_WaitOnBTFFlagUntilTimeout  stm32f4xx_hal_i2c.o
    0x0800493e   0x00000060   Code   RO         2258    i.I2C_WaitOnFlagUntilTimeout  stm32f4xx_hal_i2c.o
    0x0800499e   0x00000002   PAD
    0x080049a0   0x00000088   Code   RO         2259    i.I2C_WaitOnMasterAddressFlagUntilTimeout  stm32f4xx_hal_i2c.o
    0x08004a28   0x00000062   Code   RO         2260    i.I2C_WaitOnRXNEFlagUntilTimeout  stm32f4xx_hal_i2c.o
    0x08004a8a   0x0000004e   Code   RO         2261    i.I2C_WaitOnTXEFlagUntilTimeout  stm32f4xx_hal_i2c.o
    0x08004ad8   0x0000003e   Code   RO         6770    i.IIR_apply         low_pass_filter.o
    0x08004b16   0x00000024   Code   RO         6771    i.IIR_reset         low_pass_filter.o
    0x08004b3a   0x00000002   PAD
    0x08004b3c   0x00000140   Code   RO         6772    i.IIR_set_cutoff_freq  low_pass_filter.o
    0x08004c7c   0x0000004c   Code   RO         5555    i.MX_ADC1_Init      main.o
    0x08004cc8   0x0000009c   Code   RO         5556    i.MX_DMA_Init       main.o
    0x08004d64   0x00000150   Code   RO         5557    i.MX_GPIO_Init      main.o
    0x08004eb4   0x00000040   Code   RO         5558    i.MX_SPI1_Init      main.o
    0x08004ef4   0x00000088   Code   RO         5559    i.MX_TIM3_Init      main.o
    0x08004f7c   0x00000078   Code   RO         5560    i.MX_TIM8_Init      main.o
    0x08004ff4   0x00000038   Code   RO         5715    i.MX_USB_DEVICE_Init  usb_device.o
    0x0800502c   0x00000002   Code   RO         5362    i.MemManage_Handler  stm32f4xx_it.o
    0x0800502e   0x00000002   Code   RO         5363    i.NMI_Handler       stm32f4xx_it.o
    0x08005030   0x00000020   Code   RO          209    i.NVIC_SetPriority  stm32f4xx_hal_cortex.o
    0x08005050   0x0000000c   Code   RO         5364    i.OTG_FS_IRQHandler  stm32f4xx_it.o
    0x0800505c   0x00000088   Code   RO         2012    i.PCD_WriteEmptyTxFifo  stm32f4xx_hal_pcd.o
    0x080050e4   0x0000004c   Code   RO         6519    i.PPM_decode        receiver_ppm.o
    0x08005130   0x0000000c   Code   RO         6520    i.PPM_init          receiver_ppm.o
    0x0800513c   0x0000000c   Code   RO         5365    i.SPI1_IRQHandler   stm32f4xx_it.o
    0x08005148   0x00000020   Code   RO          999    i.SPI_CheckFlag_BSY  stm32f4xx_hal_spi.o
    0x08005168   0x00000010   Code   RO         1003    i.SPI_DMAAbortOnError  stm32f4xx_hal_spi.o
    0x08005178   0x00000022   Code   RO         1004    i.SPI_DMAError      stm32f4xx_hal_spi.o
    0x0800519a   0x0000000a   Code   RO         1005    i.SPI_DMAHalfReceiveCplt  stm32f4xx_hal_spi.o
    0x080051a4   0x0000000a   Code   RO         1007    i.SPI_DMAHalfTransmitReceiveCplt  stm32f4xx_hal_spi.o
    0x080051ae   0x00000052   Code   RO         1008    i.SPI_DMAReceiveCplt  stm32f4xx_hal_spi.o
    0x08005200   0x00000050   Code   RO         1010    i.SPI_DMATransmitReceiveCplt  stm32f4xx_hal_spi.o
    0x08005250   0x00000096   Code   RO         1015    i.SPI_WaitFlagStateUntilTimeout  stm32f4xx_hal_spi.o
    0x080052e6   0x0000000c   Code   RO         5561    i.StartDefaultTask  main.o
    0x080052f2   0x00000004   Code   RO         5366    i.SysTick_Handler   stm32f4xx_it.o
    0x080052f6   0x00000002   PAD
    0x080052f8   0x000000a0   Code   RO         5562    i.SystemClock_Config  main.o
    0x08005398   0x00000054   Code   RO         6116    i.SystemInit        system_stm32f4xx.o
    0x080053ec   0x0000000c   Code   RO         5367    i.TIM1_UP_TIM10_IRQHandler  stm32f4xx_it.o
    0x080053f8   0x0000000c   Code   RO         5368    i.TIM4_IRQHandler   stm32f4xx_it.o
    0x08005404   0x00000018   Code   RO         5369    i.TIM8_CC_IRQHandler  stm32f4xx_it.o
    0x0800541c   0x000000c0   Code   RO         2679    i.TIM_Base_SetConfig  stm32f4xx_hal_tim.o
    0x080054dc   0x00000016   Code   RO         2680    i.TIM_CCxChannelCmd  stm32f4xx_hal_tim.o
    0x080054f2   0x00000014   Code   RO         2686    i.TIM_ETR_SetConfig  stm32f4xx_hal_tim.o
    0x08005506   0x00000010   Code   RO         2687    i.TIM_ITRx_SetConfig  stm32f4xx_hal_tim.o
    0x08005516   0x00000002   PAD
    0x08005518   0x00000058   Code   RO         2688    i.TIM_OC1_SetConfig  stm32f4xx_hal_tim.o
    0x08005570   0x00000064   Code   RO         2689    i.TIM_OC2_SetConfig  stm32f4xx_hal_tim.o
    0x080055d4   0x00000060   Code   RO         2690    i.TIM_OC3_SetConfig  stm32f4xx_hal_tim.o
    0x08005634   0x00000050   Code   RO         2691    i.TIM_OC4_SetConfig  stm32f4xx_hal_tim.o
    0x08005684   0x00000022   Code   RO         2693    i.TIM_TI1_ConfigInputStage  stm32f4xx_hal_tim.o
    0x080056a6   0x00000002   PAD
    0x080056a8   0x00000084   Code   RO         2694    i.TIM_TI1_SetConfig  stm32f4xx_hal_tim.o
    0x0800572c   0x00000024   Code   RO         2695    i.TIM_TI2_ConfigInputStage  stm32f4xx_hal_tim.o
    0x08005750   0x00000036   Code   RO         2696    i.TIM_TI2_SetConfig  stm32f4xx_hal_tim.o
    0x08005786   0x00000002   PAD
    0x08005788   0x0000000c   Code   RO         5370    i.UART5_IRQHandler  stm32f4xx_it.o
    0x08005794   0x00000010   Code   RO          345    i.UART_DMAAbortOnError  stm32f4xx_hal_uart.o
    0x080057a4   0x0000004a   Code   RO          346    i.UART_DMAError     stm32f4xx_hal_uart.o
    0x080057ee   0x0000003c   Code   RO          347    i.UART_DMAReceiveCplt  stm32f4xx_hal_uart.o
    0x0800582a   0x0000000a   Code   RO          348    i.UART_DMARxHalfCplt  stm32f4xx_hal_uart.o
    0x08005834   0x0000002e   Code   RO          349    i.UART_DMATransmitCplt  stm32f4xx_hal_uart.o
    0x08005862   0x0000000a   Code   RO          350    i.UART_DMATxHalfCplt  stm32f4xx_hal_uart.o
    0x0800586c   0x0000001c   Code   RO          351    i.UART_EndRxTransfer  stm32f4xx_hal_uart.o
    0x08005888   0x00000012   Code   RO          352    i.UART_EndTxTransfer  stm32f4xx_hal_uart.o
    0x0800589a   0x0000008c   Code   RO          353    i.UART_Receive_IT   stm32f4xx_hal_uart.o
    0x08005926   0x00000002   PAD
    0x08005928   0x000002ac   Code   RO          354    i.UART_SetConfig    stm32f4xx_hal_uart.o
    0x08005bd4   0x00000062   Code   RO          355    i.UART_Transmit_IT  stm32f4xx_hal_uart.o
    0x08005c36   0x00000002   PAD
    0x08005c38   0x00000014   Code   RO         5371    i.USART1_IRQHandler  stm32f4xx_it.o
    0x08005c4c   0x00000014   Code   RO         5372    i.USART2_IRQHandler  stm32f4xx_it.o
    0x08005c60   0x00000014   Code   RO         5170    i.USBD_CDC_DataIn   usbd_cdc.o
    0x08005c74   0x0000002e   Code   RO         5171    i.USBD_CDC_DataOut  usbd_cdc.o
    0x08005ca2   0x0000003c   Code   RO         5172    i.USBD_CDC_DeInit   usbd_cdc.o
    0x08005cde   0x00000024   Code   RO         5173    i.USBD_CDC_EP0_RxReady  usbd_cdc.o
    0x08005d02   0x00000002   PAD
    0x08005d04   0x0000000c   Code   RO         5174    i.USBD_CDC_GetDeviceQualifierDescriptor  usbd_cdc.o
    0x08005d10   0x0000000c   Code   RO         5175    i.USBD_CDC_GetFSCfgDesc  usbd_cdc.o
    0x08005d1c   0x0000000c   Code   RO         5176    i.USBD_CDC_GetHSCfgDesc  usbd_cdc.o
    0x08005d28   0x0000000c   Code   RO         5177    i.USBD_CDC_GetOtherSpeedCfgDesc  usbd_cdc.o
    0x08005d34   0x00000088   Code   RO         5178    i.USBD_CDC_Init     usbd_cdc.o
    0x08005dbc   0x00000028   Code   RO         5179    i.USBD_CDC_ReceivePacket  usbd_cdc.o
    0x08005de4   0x00000010   Code   RO         5180    i.USBD_CDC_RegisterInterface  usbd_cdc.o
    0x08005df4   0x0000000c   Code   RO         5181    i.USBD_CDC_SetRxBuffer  usbd_cdc.o
    0x08005e00   0x00000010   Code   RO         5182    i.USBD_CDC_SetTxBuffer  usbd_cdc.o
    0x08005e10   0x00000070   Code   RO         5183    i.USBD_CDC_Setup    usbd_cdc.o
    0x08005e80   0x0000000e   Code   RO         4886    i.USBD_ClrClassConfig  usbd_core.o
    0x08005e8e   0x00000010   Code   RO         5045    i.USBD_CtlContinueRx  usbd_ioreq.o
    0x08005e9e   0x00000010   Code   RO         5046    i.USBD_CtlContinueSendData  usbd_ioreq.o
    0x08005eae   0x00000016   Code   RO         5105    i.USBD_CtlError     usbd_ctlreq.o
    0x08005ec4   0x0000001e   Code   RO         5047    i.USBD_CtlPrepareRx  usbd_ioreq.o
    0x08005ee2   0x00000016   Code   RO         5048    i.USBD_CtlReceiveStatus  usbd_ioreq.o
    0x08005ef8   0x0000001a   Code   RO         5049    i.USBD_CtlSendData  usbd_ioreq.o
    0x08005f12   0x00000016   Code   RO         5050    i.USBD_CtlSendStatus  usbd_ioreq.o
    0x08005f28   0x00000020   Code   RO         5280    i.USBD_FS_ConfigStrDescriptor  usbd_desc.o
    0x08005f48   0x0000000c   Code   RO         5281    i.USBD_FS_DeviceDescriptor  usbd_desc.o
    0x08005f54   0x00000024   Code   RO         5282    i.USBD_FS_InterfaceStrDescriptor  usbd_desc.o
    0x08005f78   0x0000000c   Code   RO         5283    i.USBD_FS_LangIDStrDescriptor  usbd_desc.o
    0x08005f84   0x00000028   Code   RO         5284    i.USBD_FS_ManufacturerStrDescriptor  usbd_desc.o
    0x08005fac   0x0000002c   Code   RO         5285    i.USBD_FS_ProductStrDescriptor  usbd_desc.o
    0x08005fd8   0x00000024   Code   RO         5286    i.USBD_FS_SerialStrDescriptor  usbd_desc.o
    0x08005ffc   0x000000e0   Code   RO         5106    i.USBD_GetDescriptor  usbd_ctlreq.o
    0x080060dc   0x00000046   Code   RO         5107    i.USBD_GetString    usbd_ctlreq.o
    0x08006122   0x0000002a   Code   RO         4888    i.USBD_Init         usbd_core.o
    0x0800614c   0x0000000e   Code   RO         5939    i.USBD_LL_ClearStallEP  usbd_conf.o
    0x0800615a   0x0000000e   Code   RO         5940    i.USBD_LL_CloseEP   usbd_conf.o
    0x08006168   0x000000aa   Code   RO         4889    i.USBD_LL_DataInStage  usbd_core.o
    0x08006212   0x0000006a   Code   RO         4890    i.USBD_LL_DataOutStage  usbd_core.o
    0x0800627c   0x00000004   Code   RO         4891    i.USBD_LL_DevConnected  usbd_core.o
    0x08006280   0x00000016   Code   RO         4892    i.USBD_LL_DevDisconnected  usbd_core.o
    0x08006296   0x00000008   Code   RO         5944    i.USBD_LL_GetRxDataSize  usbd_conf.o
    0x0800629e   0x00000002   PAD
    0x080062a0   0x00000064   Code   RO         5945    i.USBD_LL_Init      usbd_conf.o
    0x08006304   0x00000020   Code   RO         5946    i.USBD_LL_IsStallEP  usbd_conf.o
    0x08006324   0x00000004   Code   RO         4893    i.USBD_LL_IsoINIncomplete  usbd_core.o
    0x08006328   0x00000004   Code   RO         4894    i.USBD_LL_IsoOUTIncomplete  usbd_core.o
    0x0800632c   0x00000014   Code   RO         5947    i.USBD_LL_OpenEP    usbd_conf.o
    0x08006340   0x0000000e   Code   RO         5948    i.USBD_LL_PrepareReceive  usbd_conf.o
    0x0800634e   0x0000003e   Code   RO         4895    i.USBD_LL_Reset     usbd_core.o
    0x0800638c   0x0000000c   Code   RO         4896    i.USBD_LL_Resume    usbd_core.o
    0x08006398   0x00000018   Code   RO         4897    i.USBD_LL_SOF       usbd_core.o
    0x080063b0   0x00000006   Code   RO         4898    i.USBD_LL_SetSpeed  usbd_core.o
    0x080063b6   0x0000000e   Code   RO         5949    i.USBD_LL_SetUSBAddress  usbd_conf.o
    0x080063c4   0x0000005a   Code   RO         4899    i.USBD_LL_SetupStage  usbd_core.o
    0x0800641e   0x0000000e   Code   RO         5950    i.USBD_LL_StallEP   usbd_conf.o
    0x0800642c   0x0000000e   Code   RO         5951    i.USBD_LL_Start     usbd_conf.o
    0x0800643a   0x00000012   Code   RO         4900    i.USBD_LL_Suspend   usbd_core.o
    0x0800644c   0x0000000e   Code   RO         5953    i.USBD_LL_Transmit  usbd_conf.o
    0x0800645a   0x00000028   Code   RO         5108    i.USBD_ParseSetupRequest  usbd_ctlreq.o
    0x08006482   0x00000010   Code   RO         4901    i.USBD_RegisterClass  usbd_core.o
    0x08006492   0x00000016   Code   RO         4903    i.USBD_SetClassConfig  usbd_core.o
    0x080064a8   0x00000074   Code   RO         5109    i.USBD_SetConfig    usbd_ctlreq.o
    0x0800651c   0x0000000a   Code   RO         4904    i.USBD_Start        usbd_core.o
    0x08006526   0x000000f2   Code   RO         5110    i.USBD_StdDevReq    usbd_ctlreq.o
    0x08006618   0x000000dc   Code   RO         5111    i.USBD_StdEPReq     usbd_ctlreq.o
    0x080066f4   0x00000034   Code   RO         5112    i.USBD_StdItfReq    usbd_ctlreq.o
    0x08006728   0x00000080   Code   RO          569    i.USB_ActivateEndpoint  stm32f4xx_ll_usb.o
    0x080067a8   0x00000034   Code   RO          570    i.USB_ActivateSetup  stm32f4xx_ll_usb.o
    0x080067dc   0x00000064   Code   RO          572    i.USB_CoreInit      stm32f4xx_ll_usb.o
    0x08006840   0x00000038   Code   RO          573    i.USB_CoreReset     stm32f4xx_ll_usb.o
    0x08006878   0x0000006e   Code   RO          575    i.USB_DeactivateEndpoint  stm32f4xx_ll_usb.o
    0x080068e6   0x00000018   Code   RO          576    i.USB_DevConnect    stm32f4xx_ll_usb.o
    0x080068fe   0x00000018   Code   RO          577    i.USB_DevDisconnect  stm32f4xx_ll_usb.o
    0x08006916   0x00000002   PAD
    0x08006918   0x00000144   Code   RO          578    i.USB_DevInit       stm32f4xx_ll_usb.o
    0x08006a5c   0x0000000c   Code   RO          579    i.USB_DisableGlobalInt  stm32f4xx_ll_usb.o
    0x08006a68   0x00000140   Code   RO          582    i.USB_EP0StartXfer  stm32f4xx_ll_usb.o
    0x08006ba8   0x0000003e   Code   RO          583    i.USB_EP0_OutStart  stm32f4xx_ll_usb.o
    0x08006be6   0x00000064   Code   RO          584    i.USB_EPClearStall  stm32f4xx_ll_usb.o
    0x08006c4a   0x0000005e   Code   RO          585    i.USB_EPSetStall    stm32f4xx_ll_usb.o
    0x08006ca8   0x0000021c   Code   RO          586    i.USB_EPStartXfer   stm32f4xx_ll_usb.o
    0x08006ec4   0x0000000c   Code   RO          587    i.USB_EnableGlobalInt  stm32f4xx_ll_usb.o
    0x08006ed0   0x00000020   Code   RO          588    i.USB_FlushRxFifo   stm32f4xx_ll_usb.o
    0x08006ef0   0x00000024   Code   RO          589    i.USB_FlushTxFifo   stm32f4xx_ll_usb.o
    0x08006f14   0x0000003c   Code   RO          591    i.USB_GetDevSpeed   stm32f4xx_ll_usb.o
    0x08006f50   0x00000008   Code   RO          593    i.USB_GetMode       stm32f4xx_ll_usb.o
    0x08006f58   0x0000000e   Code   RO          600    i.USB_ReadDevAllInEpInterrupt  stm32f4xx_ll_usb.o
    0x08006f66   0x0000000e   Code   RO          601    i.USB_ReadDevAllOutEpInterrupt  stm32f4xx_ll_usb.o
    0x08006f74   0x0000001e   Code   RO          602    i.USB_ReadDevInEPInterrupt  stm32f4xx_ll_usb.o
    0x08006f92   0x00000010   Code   RO          603    i.USB_ReadDevOutEPInterrupt  stm32f4xx_ll_usb.o
    0x08006fa2   0x00000008   Code   RO          604    i.USB_ReadInterrupts  stm32f4xx_ll_usb.o
    0x08006faa   0x00000020   Code   RO          605    i.USB_ReadPacket    stm32f4xx_ll_usb.o
    0x08006fca   0x0000002c   Code   RO          607    i.USB_SetCurrentMode  stm32f4xx_ll_usb.o
    0x08006ff6   0x00000022   Code   RO          608    i.USB_SetDevAddress  stm32f4xx_ll_usb.o
    0x08007018   0x00000028   Code   RO          612    i.USB_WritePacket   stm32f4xx_ll_usb.o
    0x08007040   0x00000002   Code   RO         5373    i.UsageFault_Handler  stm32f4xx_it.o
    0x08007042   0x00000030   Code   RO         7018    i.__ARM_fpclassify  m_wm.l(fpclassify.o)
    0x08007072   0x00000006   PAD
    0x08007078   0x000000c8   Code   RO         6898    i.__hardfp_cos      m_wm.l(cos.o)
    0x08007140   0x00000080   Code   RO         6922    i.__hardfp_tan      m_wm.l(tan.o)
    0x080071c0   0x00000438   Code   RO         7023    i.__ieee754_rem_pio2  m_wm.l(rred.o)
    0x080075f8   0x00000170   Code   RO         6995    i.__kernel_cos      m_wm.l(cos_i.o)
    0x08007768   0x000000f8   Code   RO         7020    i.__kernel_poly     m_wm.l(poly.o)
    0x08007860   0x00000130   Code   RO         7028    i.__kernel_sin      m_wm.l(sin_i.o)
    0x08007990   0x00000350   Code   RO         7046    i.__kernel_tan      m_wm.l(tan_i.o)
    0x08007ce0   0x00000014   Code   RO         6999    i.__mathlib_dbl_infnan  m_wm.l(dunder.o)
    0x08007cf4   0x00000004   PAD
    0x08007cf8   0x00000020   Code   RO         7001    i.__mathlib_dbl_invalid  m_wm.l(dunder.o)
    0x08007d18   0x00000020   Code   RO         7004    i.__mathlib_dbl_underflow  m_wm.l(dunder.o)
    0x08007d38   0x0000000e   Code   RO         7102    i.__scatterload_copy  mc_w.l(handlers.o)
    0x08007d46   0x00000002   Code   RO         7103    i.__scatterload_null  mc_w.l(handlers.o)
    0x08007d48   0x0000000e   Code   RO         7104    i.__scatterload_zeroinit  mc_w.l(handlers.o)
    0x08007d56   0x00000002   PAD
    0x08007d58   0x0000000c   Code   RO         7074    i.__set_errno       mc_w.l(errno.o)
    0x08007d64   0x0000004c   Code   RO         6671    i.acc_process       sensors_task.o
    0x08007db0   0x00000028   Code   RO         6367    i.battery_get_voltage  battery.o
    0x08007dd8   0x00000044   Code   RO         6368    i.battery_init      battery.o
    0x08007e1c   0x00000084   Code   RO         6233    i.data_link_init    data_link.o
    0x08007ea0   0x00000028   Code   RO         6234    i.data_send_start   data_link.o
    0x08007ec8   0x00000018   Code   RO         7014    i.fabs              m_wm.l(fabs.o)
    0x08007ee0   0x00000050   Code   RO         6943    i.free              mc_w.l(malloc.o)
    0x08007f30   0x0000004c   Code   RO         6672    i.gyr_process       sensors_task.o
    0x08007f7c   0x0000000c   Code   RO         6674    i.hmc5883lCallback  sensors_task.o
    0x08007f88   0x00000050   Code   RO         6473    i.hmc5883l_cfg      hmc5883l_i2c.o
    0x08007fd8   0x00000018   Code   RO         6474    i.hmc5883l_dma_start  hmc5883l_i2c.o
    0x08007ff0   0x00000002   Code   RO         6475    i.hmc_fast_init     hmc5883l_i2c.o
    0x08007ff2   0x00000002   PAD
    0x08007ff4   0x00000080   Code   RO         6675    i.imu_IIR_init      sensors_task.o
    0x08008074   0x0000004c   Code   RO         6676    i.mag_process       sensors_task.o
    0x080080c0   0x000001a4   Code   RO         5563    i.main              main.o
    0x08008264   0x0000000c   Code   RO         4257    i.makeFreeRtosPriority  cmsis_os.o
    0x08008270   0x0000006c   Code   RO         6944    i.malloc            mc_w.l(malloc.o)
    0x080082dc   0x00000048   Code   RO         6332    i.motor_init        motor_pwm.o
    0x08008324   0x00000020   Code   RO         6333    i.motor_pwm_output  motor_pwm.o
    0x08008344   0x00000030   Code   RO         6678    i.mpu6000Callback   sensors_task.o
    0x08008374   0x000001dc   Code   RO         6418    i.mpu6000_cfg       mpu6000_spi.o
    0x08008550   0x0000002c   Code   RO         6419    i.mpu6000_dma_start  mpu6000_spi.o
    0x0800857c   0x00000010   Code   RO         6420    i.mpu_fast_init     mpu6000_spi.o
    0x0800858c   0x0000000e   Code   RO         4258    i.osDelay           cmsis_os.o
    0x0800859a   0x0000000a   Code   RO         4261    i.osKernelStart     cmsis_os.o
    0x080085a4   0x00000014   Code   RO         4290    i.osSystickHandler  cmsis_os.o
    0x080085b8   0x00000038   Code   RO         4291    i.osThreadCreate    cmsis_os.o
    0x080085f0   0x00000034   Code   RO         3880    i.prvAddCurrentTaskToDelayedList  tasks.o
    0x08008624   0x00000054   Code   RO         3881    i.prvCheckTasksWaitingTermination  tasks.o
    0x08008678   0x00000026   Code   RO         4600    i.prvCopyDataFromQueue  queue.o
    0x0800869e   0x0000006e   Code   RO         4601    i.prvCopyDataToQueue  queue.o
    0x0800870c   0x0000004c   Code   RO         4195    i.prvHeapInit       heap_4.o
    0x08008758   0x00000028   Code   RO         3882    i.prvIdleTask       tasks.o
    0x08008780   0x0000004c   Code   RO         4196    i.prvInsertBlockIntoFreeList  heap_4.o
    0x080087cc   0x00000020   Code   RO         3884    i.prvResetNextTaskUnblockTime  tasks.o
    0x080087ec   0x00000028   Code   RO         4745    i.prvTaskExitError  port.o
    0x08008814   0x00000064   Code   RO         4602    i.prvUnlockQueue    queue.o
    0x08008878   0x000000d8   Code   RO         4197    i.pvPortMalloc      heap_4.o
    0x08008950   0x00000018   Code   RO         3886    i.pvTaskIncrementMutexHeldCount  tasks.o
    0x08008968   0x00000028   Code   RO         4746    i.pxPortInitialiseStack  port.o
    0x08008990   0x00000058   Code   RO         6237    i.send_buffer       data_link.o
    0x080089e8   0x000000bc   Code   RO         6679    i.sensorsProcessTask  sensors_task.o
    0x08008aa4   0x00000088   Code   RO         6680    i.sensorsTaskInit   sensors_task.o
    0x08008b2c   0x00000060   Code   RO         6681    i.sensorsTrigerTask  sensors_task.o
    0x08008b8c   0x00000024   Code   RO         3798    i.uxListRemove      list.o
    0x08008bb0   0x0000004c   Code   RO         6370    i.vAdcTask          battery.o
    0x08008bfc   0x00000054   Code   RO         6238    i.vDataReceiveTask  data_link.o
    0x08008c50   0x00000024   Code   RO         6239    i.vDataSendTask     data_link.o
    0x08008c74   0x00000016   Code   RO         3799    i.vListInitialise   list.o
    0x08008c8a   0x00000006   Code   RO         3800    i.vListInitialiseItem  list.o
    0x08008c90   0x00000030   Code   RO         3801    i.vListInsert       list.o
    0x08008cc0   0x00000018   Code   RO         3802    i.vListInsertEnd    list.o
    0x08008cd8   0x00000040   Code   RO         4748    i.vPortEnterCritical  port.o
    0x08008d18   0x00000028   Code   RO         4749    i.vPortExitCritical  port.o
    0x08008d40   0x0000005c   Code   RO         4198    i.vPortFree         heap_4.o
    0x08008d9c   0x00000020   Code   RO         4750    i.vPortSetupTimerInterrupt  port.o
    0x08008dbc   0x00000054   Code   RO         4751    i.vPortValidateInterruptPriority  port.o
    0x08008e10   0x00000068   Code   RO         3894    i.vTaskDelay        tasks.o
    0x08008e78   0x000000a8   Code   RO         3895    i.vTaskDelayUntil   tasks.o
    0x08008f20   0x0000000c   Code   RO         3898    i.vTaskMissedYield  tasks.o
    0x08008f2c   0x00000064   Code   RO         3900    i.vTaskPlaceOnEventList  tasks.o
    0x08008f90   0x00000084   Code   RO         3902    i.vTaskPriorityInherit  tasks.o
    0x08009014   0x00000024   Code   RO         3906    i.vTaskSetTimeOutState  tasks.o
    0x08009038   0x00000068   Code   RO         3907    i.vTaskStartScheduler  tasks.o
    0x080090a0   0x00000010   Code   RO         3909    i.vTaskSuspendAll   tasks.o
    0x080090b0   0x0000005c   Code   RO         3910    i.vTaskSwitchContext  tasks.o
    0x0800910c   0x000000e0   Code   RO         4752    i.xPortStartScheduler  port.o
    0x080091ec   0x0000002c   Code   RO         4753    i.xPortSysTickHandler  port.o
    0x08009218   0x00000064   Code   RO         4613    i.xQueueGenericCreate  queue.o
    0x0800927c   0x0000016c   Code   RO         4614    i.xQueueGenericReceive  queue.o
    0x080093e8   0x00000084   Code   RO         4615    i.xQueueGenericReset  queue.o
    0x0800946c   0x00000160   Code   RO         4616    i.xQueueGenericSend  queue.o
    0x080095cc   0x0000009c   Code   RO         4618    i.xQueueGiveFromISR  queue.o
    0x08009668   0x0000006c   Code   RO         3911    i.xTaskCheckForTimeOut  tasks.o
    0x080096d4   0x000001bc   Code   RO         3912    i.xTaskGenericCreate  tasks.o
    0x08009890   0x0000001c   Code   RO         3916    i.xTaskGetSchedulerState  tasks.o
    0x080098ac   0x0000000c   Code   RO         3917    i.xTaskGetTickCount  tasks.o
    0x080098b8   0x000000cc   Code   RO         3919    i.xTaskIncrementTick  tasks.o
    0x08009984   0x00000098   Code   RO         3922    i.xTaskPriorityDisinherit  tasks.o
    0x08009a1c   0x00000074   Code   RO         3923    i.xTaskRemoveFromEventList  tasks.o
    0x08009a90   0x000000c4   Code   RO         3925    i.xTaskResumeAll    tasks.o
    0x08009b54   0x00000010   Data   RO         1262    .constdata          stm32f4xx_hal_rcc.o
    0x08009b64   0x00000008   Data   RO         1607    .constdata          stm32f4xx_hal_dma.o
    0x08009b6c   0x00000014   Data   RO         5572    .constdata          main.o
    0x08009b80   0x00000008   Data   RO         6683    .constdata          sensors_task.o
    0x08009b88   0x00000030   Data   RO         6996    .constdata          m_wm.l(cos_i.o)
    0x08009bb8   0x000000c8   Data   RO         7025    .constdata          m_wm.l(rred.o)
    0x08009c80   0x00000028   Data   RO         7029    .constdata          m_wm.l(sin_i.o)
    0x08009ca8   0x00000060   Data   RO         7047    .constdata          m_wm.l(tan_i.o)
    0x08009d08   0x0000000c   Data   RO         5573    .conststring        main.o
    0x08009d14   0x00000020   Data   RO         7100    Region$$Table       anon$$obj.o


    Execution Region RW_IRAM1 (Base: 0x20000000, Size: 0x000058a8, Max: 0x00020000, ABSOLUTE, COMPRESSED[0x000000d8])

    Base Addr    Size         Type   Attr      Idx    E Section Name        Object

    0x20000000   0x00000004   Data   RW         3245    .data               stm32f4xx_hal.o
    0x20000004   0x00000038   Data   RW         3928    .data               tasks.o
    0x2000003c   0x00000018   Data   RW         4203    .data               heap_4.o
    0x20000054   0x0000000c   Data   RW         4754    .data               port.o
    0x20000060   0x00000001   Data   RW         5113    .data               usbd_ctlreq.o
    0x20000061   0x00000003   PAD
    0x20000064   0x000000db   Data   RW         5185    .data               usbd_cdc.o
    0x2000013f   0x00000001   PAD
    0x20000140   0x00000038   Data   RW         5186    .data               usbd_cdc.o
    0x20000178   0x0000001c   Data   RW         5288    .data               usbd_desc.o
    0x20000194   0x00000016   Data   RW         5289    .data               usbd_desc.o
    0x200001aa   0x00000002   PAD
    0x200001ac   0x0000000c   Data   RW         5574    .data               main.o
    0x200001b8   0x00000010   Data   RW         5758    .data               usbd_cdc_if.o
    0x200001c8   0x00000008   Data   RW         5759    .data               usbd_cdc_if.o
    0x200001d0   0x00000004   Data   RW         6118    .data               system_stm32f4xx.o
    0x200001d4   0x00000008   Data   RW         6166    .data               gps.o
    0x200001dc   0x00000025   Data   RW         6242    .data               data_link.o
    0x20000201   0x00000003   PAD
    0x20000204   0x00000008   Data   RW         6371    .data               battery.o
    0x2000020c   0x0000000f   Data   RW         6421    .data               mpu6000_spi.o
    0x2000021b   0x00000001   PAD
    0x2000021c   0x00000002   Data   RW         6522    .data               receiver_ppm.o
    0x2000021e   0x00000002   PAD
    0x20000220   0x00000036   Data   RW         6684    .data               sensors_task.o
    0x20000256   0x00000002   PAD
    0x20000258   0x00000004   Data   RW         7070    .data               mc_w.l(mvars.o)
    0x2000025c   0x00000004   Data   RW         7071    .data               mc_w.l(mvars.o)
    0x20000260   0x00000004   Data   RW         7075    .data               mc_w.l(errno.o)
    0x20000264   0x000000f0   Zero   RW         3927    .bss                tasks.o
    0x20000354   0x00003c00   Zero   RW         4202    .bss                heap_4.o
    0x20003f54   0x00000200   Zero   RW         5287    .bss                usbd_desc.o
    0x20004154   0x000002bc   Zero   RW         5564    .bss                main.o
    0x20004410   0x00000060   Zero   RW         5565    .bss                main.o
    0x20004470   0x00000060   Zero   RW         5566    .bss                main.o
    0x200044d0   0x00000060   Zero   RW         5567    .bss                main.o
    0x20004530   0x00000060   Zero   RW         5568    .bss                main.o
    0x20004590   0x00000060   Zero   RW         5569    .bss                main.o
    0x200045f0   0x00000060   Zero   RW         5570    .bss                main.o
    0x20004650   0x00000060   Zero   RW         5571    .bss                main.o
    0x200046b0   0x0000003c   Zero   RW         5678    .bss                stm32f4xx_hal_timebase_tim.o
    0x200046ec   0x00000224   Zero   RW         5716    .bss                usb_device.o
    0x20004910   0x000003b8   Zero   RW         5954    .bss                usbd_conf.o
    0x20004cc8   0x00000434   Zero   RW         6165    .bss                gps.o
    0x200050fc   0x00000100   Zero   RW         6241    .bss                data_link.o
    0x200051fc   0x00000012   Zero   RW         6521    .bss                receiver_ppm.o
    0x2000520e   0x00000002   PAD
    0x20005210   0x00000098   Zero   RW         6682    .bss                sensors_task.o
    0x200052a8   0x00000200   Zero   RW         6150    HEAP                startup_stm32f405xx.o
    0x200054a8   0x00000400   Zero   RW         6149    STACK               startup_stm32f405xx.o


==============================================================================

Image component sizes


      Code (inc. data)   RO Data    RW Data    ZI Data      Debug   Object Name

       184         30          0          8          0       2546   battery.o
       112          0          0          0          0      16344   cmsis_os.o
       472         76          0         37        256       6956   data_link.o
        92         16          0          8       1076       6195   gps.o
       460         24          0         24      15360       7407   heap_4.o
       110         12          0          0          0       2800   hmc5883l_i2c.o
       136          0          0          0          0      12498   list.o
       418         28          0          0          0       2446   low_pass_filter.o
      1502        132         32         12       1372       9416   main.o
       104         12          0          0          0       1108   motor_pwm.o
       560         66          0         15          0       3622   mpu6000_spi.o
       754         84          0         12          0       9553   port.o
      1352         16          0          0          0      11298   queue.o
       128         16          0          2         18       2458   receiver_ppm.o
       836        114          8         54        152       9093   sensors_task.o
        36          8        392          0       1536        828   startup_stm32f405xx.o
       102         16          0          4          0       3720   stm32f4xx_hal.o
      1084         36          0          0          0       5877   stm32f4xx_hal_adc.o
       218         14          0          0          0      31225   stm32f4xx_hal_cortex.o
        38          0          0          0          0       1099   stm32f4xx_hal_crc.o
      1094         22          8          0          0       7586   stm32f4xx_hal_dma.o
       478         50          0          0          0     338995   stm32f4xx_hal_gpio.o
      4774         84          0          0          0      31347   stm32f4xx_hal_i2c.o
      1304        170          0          0          0       7191   stm32f4xx_hal_msp.o
      2200         72          0          0          0      11797   stm32f4xx_hal_pcd.o
        76          0          0          0          0       1920   stm32f4xx_hal_pcd_ex.o
      1404         86         16          0          0       6776   stm32f4xx_hal_rcc.o
      1498         26          0          0          0      12929   stm32f4xx_hal_spi.o
      2358        116          0          0          0      21353   stm32f4xx_hal_tim.o
        84          0          0          0          0       2510   stm32f4xx_hal_tim_ex.o
       116         16          0          0         60       1520   stm32f4xx_hal_timebase_tim.o
      1924         40          0          0          0      15105   stm32f4xx_hal_uart.o
       276         98          0          0          0      16500   stm32f4xx_it.o
      2326         52          0          0          0      20912   stm32f4xx_ll_usb.o
        84         18          0          4          0       1417   system_stm32f4xx.o
      2256        188          0         56        240      31450   tasks.o
         0          0          0          0          0       8828   timers.o
        56         18          0          0        548       2463   usb_device.o
       542         22          0        275          0      12740   usbd_cdc.o
        68         14          0         24          0       2762   usbd_cdc_if.o
       558         18          0          0        952      14354   usbd_conf.o
       626          0          0          0          0      16830   usbd_core.o
       986         30          0          1          0       8204   usbd_ctlreq.o
       212        116          0         50        512       5363   usbd_desc.o
       132          0          0          0          0       4676   usbd_ioreq.o

    ----------------------------------------------------------------------
     34190       1956        488        600      22084     752017   Object Totals
         0          0         32          0          0          0   (incl. Generated)
        60          0          0         14          2          0   (incl. Padding)

    ----------------------------------------------------------------------

      Code (inc. data)   RO Data    RW Data    ZI Data      Debug   Library Member Name

       200         20          0          0          0        164   cos.o
       368         46         48          0          0        200   cos_i.o
        84         16          0          0          0        372   dunder.o
        24          0          0          0          0        124   fabs.o
        48          0          0          0          0        124   fpclassify.o
       248          0          0          0          0        152   poly.o
      1080        142        200          0          0        188   rred.o
       304         24         40          0          0        208   sin_i.o
       128         20          0          0          0        144   tan.o
       848         84         96          0          0        196   tan_i.o
        86          0          0          0          0          0   __dczerorl2.o
         0          0          0          0          0          0   entry.o
         0          0          0          0          0          0   entry10a.o
         0          0          0          0          0          0   entry11a.o
         8          4          0          0          0          0   entry2.o
         4          0          0          0          0          0   entry5.o
         0          0          0          0          0          0   entry7b.o
         0          0          0          0          0          0   entry8b.o
         8          4          0          0          0          0   entry9a.o
        12          6          0          4          0         68   errno.o
        30          0          0          0          0          0   handlers.o
        36          8          0          0          0         68   init.o
         0          0          0          0          0          0   iusefp.o
        30          0          0          0          0         68   llshl.o
        36          0          0          0          0         68   llsshr.o
        32          0          0          0          0         68   llushr.o
       188         20          0          0          0        160   malloc.o
        36          0          0          0          0         68   memcpya.o
        36          0          0          0          0        108   memseta.o
         0          0          0          8          0          0   mvars.o
        56          0          0          0          0         88   d2f.o
       334          0          0          0          0        148   dadd.o
       222          0          0          0          0        100   ddiv.o
       186          0          0          0          0        176   depilogue.o
        62          0          0          0          0         80   dfixi.o
        34          0          0          0          0         76   dflti.o
        26          0          0          0          0         76   dfltui.o
       228          0          0          0          0         96   dmul.o
        38          0          0          0          0         68   f2d.o
       110          0          0          0          0        168   fepilogue.o

    ----------------------------------------------------------------------
      5182        394        384         12          0       3624   Library Totals
        12          0          0          0          0          0   (incl. Padding)

    ----------------------------------------------------------------------

      Code (inc. data)   RO Data    RW Data    ZI Data      Debug   Library Name

      3332        352        384          0          0       1872   m_wm.l
       542         42          0         12          0        676   mc_w.l
      1296          0          0          0          0       1076   mf_w.l

    ----------------------------------------------------------------------
      5182        394        384         12          0       3624   Library Totals

    ----------------------------------------------------------------------

==============================================================================


      Code (inc. data)   RO Data    RW Data    ZI Data      Debug   

     39372       2350        872        612      22084     715393   Grand Totals
     39372       2350        872        216      22084     715393   ELF Image Totals (compressed)
     39372       2350        872        216          0          0   ROM Totals

==============================================================================

    Total RO  Size (Code + RO Data)                40244 (  39.30kB)
    Total RW  Size (RW Data + ZI Data)             22696 (  22.16kB)
    Total ROM Size (Code + RO Data + RW Data)      40460 (  39.51kB)

==============================================================================

